Archive member included to satisfy reference by file (symbol)

c:/nxp/mcuxpressoide_11.1.1_3241/ide/plugins/com.nxp.mcuxpresso.tools.win32_11.1.0.202001081728/tools/bin/../lib/gcc/arm-none-eabi/8.3.1/../../../../arm-none-eabi/lib/thumb/v6-m/nofp\libcr_semihost_nf.a(_cr__main.o)
                              ./startup/startup_mke15z4.o (__main)
c:/nxp/mcuxpressoide_11.1.1_3241/ide/plugins/com.nxp.mcuxpresso.tools.win32_11.1.0.202001081728/tools/bin/../lib/gcc/arm-none-eabi/8.3.1/../../../../arm-none-eabi/lib/thumb/v6-m/nofp\libcr_semihost_nf.a(_cr_assert.o)
                              ./drivers/fsl_adc12.o (__assertion_failed)
c:/nxp/mcuxpressoide_11.1.1_3241/ide/plugins/com.nxp.mcuxpresso.tools.win32_11.1.0.202001081728/tools/bin/../lib/gcc/arm-none-eabi/8.3.1/../../../../arm-none-eabi/lib/thumb/v6-m/nofp\libcr_semihost_nf.a(__ciob.o)
                              c:/nxp/mcuxpressoide_11.1.1_3241/ide/plugins/com.nxp.mcuxpresso.tools.win32_11.1.0.202001081728/tools/bin/../lib/gcc/arm-none-eabi/8.3.1/../../../../arm-none-eabi/lib/thumb/v6-m/nofp\libcr_semihost_nf.a(_cr_assert.o) (__Ciob)
c:/nxp/mcuxpressoide_11.1.1_3241/ide/plugins/com.nxp.mcuxpresso.tools.win32_11.1.0.202001081728/tools/bin/../lib/gcc/arm-none-eabi/8.3.1/../../../../arm-none-eabi/lib/thumb/v6-m/nofp\libcr_semihost_nf.a(__sys_appexit.o)
                              c:/nxp/mcuxpressoide_11.1.1_3241/ide/plugins/com.nxp.mcuxpresso.tools.win32_11.1.0.202001081728/tools/bin/../lib/gcc/arm-none-eabi/8.3.1/../../../../arm-none-eabi/lib/thumb/v6-m/nofp\libcr_semihost_nf.a(_cr_assert.o) (__sys_appexit)
c:/nxp/mcuxpressoide_11.1.1_3241/ide/plugins/com.nxp.mcuxpresso.tools.win32_11.1.0.202001081728/tools/bin/../lib/gcc/arm-none-eabi/8.3.1/../../../../arm-none-eabi/lib/thumb/v6-m/nofp\libcr_c.a(memcpy.o)
                              ./drivers/fsl_ftfx_cache.o (memcpy)
c:/nxp/mcuxpressoide_11.1.1_3241/ide/plugins/com.nxp.mcuxpresso.tools.win32_11.1.0.202001081728/tools/bin/../lib/gcc/arm-none-eabi/8.3.1/../../../../arm-none-eabi/lib/thumb/v6-m/nofp\libcr_c.a(memset.o)
                              ./drivers/fsl_adc12.o (memset)
c:/nxp/mcuxpressoide_11.1.1_3241/ide/plugins/com.nxp.mcuxpresso.tools.win32_11.1.0.202001081728/tools/bin/../lib/gcc/arm-none-eabi/8.3.1/../../../../arm-none-eabi/lib/thumb/v6-m/nofp\libcr_c.a(_deferredlazyseek.o)
                              c:/nxp/mcuxpressoide_11.1.1_3241/ide/plugins/com.nxp.mcuxpresso.tools.win32_11.1.0.202001081728/tools/bin/../lib/gcc/arm-none-eabi/8.3.1/../../../../arm-none-eabi/lib/thumb/v6-m/nofp\libcr_semihost_nf.a(_cr_assert.o) (__flsbuf)
c:/nxp/mcuxpressoide_11.1.1_3241/ide/plugins/com.nxp.mcuxpresso.tools.win32_11.1.0.202001081728/tools/bin/../lib/gcc/arm-none-eabi/8.3.1/../../../../arm-none-eabi/lib/thumb/v6-m/nofp\libcr_c.a(_fflush.o)
                              c:/nxp/mcuxpressoide_11.1.1_3241/ide/plugins/com.nxp.mcuxpresso.tools.win32_11.1.0.202001081728/tools/bin/../lib/gcc/arm-none-eabi/8.3.1/../../../../arm-none-eabi/lib/thumb/v6-m/nofp\libcr_c.a(_deferredlazyseek.o) (_fflush)
c:/nxp/mcuxpressoide_11.1.1_3241/ide/plugins/com.nxp.mcuxpresso.tools.win32_11.1.0.202001081728/tools/bin/../lib/gcc/arm-none-eabi/8.3.1/../../../../arm-none-eabi/lib/thumb/v6-m/nofp\libcr_c.a(_writebuf.o)
                              c:/nxp/mcuxpressoide_11.1.1_3241/ide/plugins/com.nxp.mcuxpresso.tools.win32_11.1.0.202001081728/tools/bin/../lib/gcc/arm-none-eabi/8.3.1/../../../../arm-none-eabi/lib/thumb/v6-m/nofp\libcr_c.a(_deferredlazyseek.o) (_Cwritebuf)
c:/nxp/mcuxpressoide_11.1.1_3241/ide/plugins/com.nxp.mcuxpresso.tools.win32_11.1.0.202001081728/tools/bin/../lib/gcc/arm-none-eabi/8.3.1/../../../../arm-none-eabi/lib/thumb/v6-m/nofp\libcr_c.a(alloc.o)
                              ./drivers/fsl_common.o (malloc)
c:/nxp/mcuxpressoide_11.1.1_3241/ide/plugins/com.nxp.mcuxpresso.tools.win32_11.1.0.202001081728/tools/bin/../lib/gcc/arm-none-eabi/8.3.1/../../../../arm-none-eabi/lib/thumb/v6-m/nofp\libcr_c.a(fputs.o)
                              c:/nxp/mcuxpressoide_11.1.1_3241/ide/plugins/com.nxp.mcuxpresso.tools.win32_11.1.0.202001081728/tools/bin/../lib/gcc/arm-none-eabi/8.3.1/../../../../arm-none-eabi/lib/thumb/v6-m/nofp\libcr_semihost_nf.a(_cr_assert.o) (fputs)
c:/nxp/mcuxpressoide_11.1.1_3241/ide/plugins/com.nxp.mcuxpresso.tools.win32_11.1.0.202001081728/tools/bin/../lib/gcc/arm-none-eabi/8.3.1/../../../../arm-none-eabi/lib/thumb/v6-m/nofp\libcr_c.a(fseek.o)
                              c:/nxp/mcuxpressoide_11.1.1_3241/ide/plugins/com.nxp.mcuxpresso.tools.win32_11.1.0.202001081728/tools/bin/../lib/gcc/arm-none-eabi/8.3.1/../../../../arm-none-eabi/lib/thumb/v6-m/nofp\libcr_c.a(_deferredlazyseek.o) (fseek)
c:/nxp/mcuxpressoide_11.1.1_3241/ide/plugins/com.nxp.mcuxpresso.tools.win32_11.1.0.202001081728/tools/bin/../lib/gcc/arm-none-eabi/8.3.1/../../../../arm-none-eabi/lib/thumb/v6-m/nofp\libcr_c.a(ftell.o)
[...]
Memory Configuration

Name             Origin             Length             Attributes
PROGRAM_FLASH    0x00000000         0x00008000         xr
SRAM             0x1ffffc00         0x00001000         xrw
*default*        0x00000000         0xffffffff

Linker script and memory map

LOAD ./startup/startup_mke15z4.o
LOAD ./source/Brasil.o
LOAD ./source/mtb.o
LOAD ./source/semihost_hardfault.o
LOAD ./drivers/fsl_adc12.o
LOAD ./drivers/fsl_clock.o
LOAD ./drivers/fsl_common.o
LOAD ./drivers/fsl_ftfx_cache.o
LOAD ./drivers/fsl_ftfx_controller.o
LOAD ./drivers/fsl_ftfx_flash.o
LOAD ./drivers/fsl_ftfx_flexnvm.o
LOAD ./drivers/fsl_ftm.o
LOAD ./drivers/fsl_gpio.o
LOAD ./drivers/fsl_lpuart.o
LOAD ./drivers/fsl_rtc.o
LOAD ./drivers/fsl_wdog32.o
LOAD ./device/system_MKE15Z4.o
LOAD ./board/board.o
LOAD ./board/clock_config.o
LOAD ./board/peripherals.o
LOAD ./board/pin_mux.o
START GROUP
LOAD c:/nxp/mcuxpressoide_11.1.1_3241/ide/plugins/com.nxp.mcuxpresso.tools.win32_11.1.0.202001081728/tools/bin/../lib/gcc/arm-none-eabi/8.3.1/../../../../arm-none-eabi/lib/thumb/v6-m/nofp\libcr_semihost_nf.a
LOAD c:/nxp/mcuxpressoide_11.1.1_3241/ide/plugins/com.nxp.mcuxpresso.tools.win32_11.1.0.202001081728/tools/bin/../lib/gcc/arm-none-eabi/8.3.1/../../../../arm-none-eabi/lib/thumb/v6-m/nofp\libcr_c.a
LOAD c:/nxp/mcuxpressoide_11.1.1_3241/ide/plugins/com.nxp.mcuxpresso.tools.win32_11.1.0.202001081728/tools/bin/../lib/gcc/arm-none-eabi/8.3.1/thumb/v6-m/nofp\libcr_eabihelpers.a
LOAD c:/nxp/mcuxpressoide_11.1.1_3241/ide/plugins/com.nxp.mcuxpresso.tools.win32_11.1.0.202001081728/tools/bin/../lib/gcc/arm-none-eabi/8.3.1/thumb/v6-m/nofp\libgcc.a
END GROUP
                0x00000000                __base_PROGRAM_FLASH = 0x0
                0x00000000                __base_Flash = 0x0
                0x00008000                __top_PROGRAM_FLASH = 0x8000
                0x00008000                __top_Flash = 0x8000
                0x1ffffc00                __base_SRAM = 0x1ffffc00
                0x1ffffc00                __base_RAM = 0x1ffffc00
                0x20000c00                __top_SRAM = 0x20000c00
                0x20000c00                __top_RAM = 0x20000c00

.text           0x00000000     0x2c64
 FILL mask 0xff
                0x00000000                __vectors_start__ = ABSOLUTE (.)
 *(SORT_BY_ALIGNMENT(.isr_vector))
 .isr_vector    0x00000000       0xb8 ./startup/startup_mke15z4.o
                0x00000000                g_pfnVectors
                0x00000000                __Vectors
                0x000000b8                . = ALIGN (0x4)
                0x000000b8                __section_table_start = .
                0x000000b8                __data_section_table = .
                0x000000b8        0x4 LONG 0x2c64 LOADADDR (.data)
                0x000000bc        0x4 LONG 0x1ffffc80 ADDR (.data)
                0x000000c0        0x4 LONG 0x4 SIZEOF (.data)
                0x000000c4                __data_section_table_end = .
                0x000000c4                __bss_section_table = .
                0x000000c4        0x4 LONG 0x1ffffc84 ADDR (.bss)
                0x000000c8        0x4 LONG 0xd8 SIZEOF (.bss)
                0x000000cc                __bss_section_table_end = .
                0x000000cc                __section_table_end = .
 *(SORT_BY_ALIGNMENT(.after_vectors*))
 .after_vectors.reset
                0x000000cc       0x4c ./startup/startup_mke15z4.o
                0x000000cc                ResetISR
 .after_vectors.init_data
                0x00000118       0x12 ./startup/startup_mke15z4.o
                0x00000118                data_init
 .after_vectors.init_bss
                0x0000012a       0x10 ./startup/startup_mke15z4.o
                0x0000012a                bss_init
 .after_vectors
                0x0000013a       0xfc ./startup/startup_mke15z4.o
                0x0000013a                NMI_Handler
                0x0000013e                SVC_Handler
                0x00000140                PendSV_Handler
                0x00000142                SysTick_Handler
                0x00000144                Reserved37_DriverIRQHandler
                0x00000144                Reserved39_DriverIRQHandler
                0x00000144                Reserved35_DriverIRQHandler
                0x00000144                FTM1_DriverIRQHandler
                0x00000144                LPI2C0_DriverIRQHandler
                0x00000144                CMP0_DriverIRQHandler
                0x00000144                ADC0_DriverIRQHandler
                0x00000144                Reserved27_DriverIRQHandler
                0x00000144                PWT_LPTMR0_DriverIRQHandler
                0x00000144                PORTBCD_DriverIRQHandler
                0x00000144                LPIT0_DriverIRQHandler
                0x00000144                Reserved16_DriverIRQHandler
                0x00000144                Reserved17_DriverIRQHandler
                0x00000144                Reserved20_DriverIRQHandler
                0x00000144                TSI_DriverIRQHandler
                0x00000144                FTFA_DriverIRQHandler
                0x00000144                FTM0_DriverIRQHandler
                0x00000144                IntDefaultHandler
                0x00000144                PORTAE_DriverIRQHandler
                0x00000144                SCG_RCM_DriverIRQHandler
                0x00000144                Reserved25_DriverIRQHandler
                0x00000144                LVD_LVW_DriverIRQHandler
                0x00000144                Reserved19_DriverIRQHandler
                0x00000144                RTC_DriverIRQHandler
                0x00000144                LPSPI0_DriverIRQHandler
                0x00000144                PDB0_DriverIRQHandler
                0x00000144                WDOG_EWM_DriverIRQHandler
                0x00000144                Reserved18_DriverIRQHandler
                0x00000146                Reserved16_IRQHandler
                0x0000014e                Reserved17_IRQHandler
                0x00000156                Reserved18_IRQHandler
                0x0000015e                Reserved19_IRQHandler
                0x00000166                Reserved20_IRQHandler
                0x0000016e                FTFA_IRQHandler
                0x00000176                LVD_LVW_IRQHandler
                0x0000017e                PORTAE_IRQHandler
                0x00000186                LPI2C0_IRQHandler
                0x0000018e                Reserved25_IRQHandler
                0x00000196                LPSPI0_IRQHandler
                0x0000019e                Reserved27_IRQHandler
                0x000001ae                LPUART1_IRQHandler
                0x000001b6                LPUART2_IRQHandler
                0x000001be                ADC0_IRQHandler
                0x000001c6                CMP0_IRQHandler
                0x000001ce                FTM0_IRQHandler
                0x000001d6                FTM1_IRQHandler
                0x000001de                Reserved35_IRQHandler
                0x000001e6                RTC_IRQHandler
                0x000001ee                Reserved37_IRQHandler
                0x000001f6                LPIT0_IRQHandler
                0x000001fe                Reserved39_IRQHandler
                0x00000206                TSI_IRQHandler
                0x0000020e                PDB0_IRQHandler
                0x00000216                PORTBCD_IRQHandler
                0x0000021e                SCG_RCM_IRQHandler
                0x00000226                WDOG_EWM_IRQHandler
                0x0000022e                PWT_LPTMR0_IRQHandler
                0x00000400                . = 0x400
 *fill*         0x00000236      0x1ca ff
                0x00000400                PROVIDE (__FLASH_CONFIG_START__ = .)
 *(SORT_BY_ALIGNMENT(.FlashConfig))
 .FlashConfig   0x00000400       0x10 ./startup/startup_mke15z4.o
                0x00000400                Flash_Config
                0x00000410                PROVIDE (__FLASH_CONFIG_END__ = .)
                0x00000001                ASSERT (! ((__FLASH_CONFIG_START__ == __FLASH_CONFIG_END__)), Linker Flash Config Support Enabled, but no .FlashConfig section provided within application)
 *(SORT_BY_ALIGNMENT(.text*))
 .text.LPUART0_IRQHandler
                0x00000410      0x12c ./source/Brasil.o
                0x00000410                LPUART0_IRQHandler
 .text.main     0x0000053c       0x30 ./source/Brasil.o
                0x0000053c                main
 .text.HardFault_Handler
                0x0000056c       0x30 ./source/semihost_hardfault.o
                0x0000056c                HardFault_Handler
 .text.CLOCK_InitSirc
                0x0000059c       0x90 ./drivers/fsl_clock.o
                0x0000059c                CLOCK_InitSirc
 .text.CLOCK_DeinitSirc
                0x0000062c       0x48 ./drivers/fsl_clock.o
                0x0000062c                CLOCK_DeinitSirc
 .text.CLOCK_InitFirc
                0x00000674      0x11c ./drivers/fsl_clock.o
                0x00000674                CLOCK_InitFirc
 .text.CLOCK_DeinitFirc
                0x00000790       0x4c ./drivers/fsl_clock.o
                0x00000790                CLOCK_DeinitFirc
 .text.CLOCK_EnableClock
                0x000007dc       0x34 ./drivers/fsl_lpuart.o
 .text.LPUART_GetInstance
                0x00000810       0x4c ./drivers/fsl_lpuart.o
                0x00000810                LPUART_GetInstance
 .text.LPUART_Init
                0x0000085c      0x364 ./drivers/fsl_lpuart.o
                0x0000085c                LPUART_Init
 .text.LPUART_EnableInterrupts
                0x00000bc0       0x58 ./drivers/fsl_lpuart.o
                0x00000bc0                LPUART_EnableInterrupts
 .text.LPUART0_DriverIRQHandler
                0x00000c18       0x24 ./drivers/fsl_lpuart.o
                0x00000c18                LPUART0_DriverIRQHandler
 .text.LPUART1_DriverIRQHandler
                0x00000c3c       0x24 ./drivers/fsl_lpuart.o
                0x00000c3c                LPUART1_DriverIRQHandler
 .text.LPUART2_DriverIRQHandler
                0x00000c60       0x24 ./drivers/fsl_lpuart.o
                0x00000c60                LPUART2_DriverIRQHandler
 .text.SystemInit
                0x00000c84       0x38 ./device/system_MKE15Z4.o
                0x00000c84                SystemInit
 .text.CLOCK_SetIpSrc
                0x00000cbc       0x5c ./board/clock_config.o
 .text.CLOCK_SetRunModeSysClkConfig
                0x00000d18       0x30 ./board/clock_config.o
 .text.CLOCK_GetCurSysClkConfig
                0x00000d48       0x30 ./board/clock_config.o
 .text.CLOCK_CONFIG_FircSafeConfig
                0x00000d78       0xc4 ./board/clock_config.o
 .text.BOARD_BootClockRUN
                0x00000e3c       0x90 ./board/clock_config.o
                0x00000e3c                BOARD_BootClockRUN
 .text.__NVIC_EnableIRQ
                0x00000ecc       0x34 ./board/peripherals.o
 .text.LPUART0_init
                0x00000f00       0x38 ./board/peripherals.o
                0x00000f00                LPUART0_init
 .text.CLOCK_EnableClock
                0x00000f38       0x34 ./board/pin_mux.o
 .text.PORT_SetPinMux
                0x00000f6c       0x40 ./board/pin_mux.o
 .text.BOARD_InitPins
                0x00000fac       0x34 ./board/pin_mux.o
                0x00000fac                BOARD_InitPins
 .text.__assertion_failed
                0x00000fe0       0x4c c:/nxp/mcuxpressoide_11.1.1_3241/ide/plugins/com.nxp.mcuxpresso.tools.win32_11.1.0.202001081728/tools/bin/../lib/gcc/arm-none-eabi/8.3.1/../../../../arm-none-eabi/lib/thumb/v6-m/nofp\libcr_semihost_nf.a(_cr_assert.o)
                0x00000fe0                __assertion_failed
 .text.__sys_appexit
                0x0000102c        0xc c:/nxp/mcuxpressoide_11.1.1_3241/ide/plugins/com.nxp.mcuxpresso.tools.win32_11.1.0.202001081728/tools/bin/../lib/gcc/arm-none-eabi/8.3.1/../../../../arm-none-eabi/lib/thumb/v6-m/nofp\libcr_semihost_nf.a(__sys_appexit.o)
                0x0000102c                __sys_appexit
                0x0000102c                __exit
 .text._deferredlazyseek
                0x00001038       0x40 c:/nxp/mcuxpressoide_11.1.1_3241/ide/plugins/com.nxp.mcuxpresso.tools.win32_11.1.0.202001081728/tools/bin/../lib/gcc/arm-none-eabi/8.3.1/../../../../arm-none-eabi/lib/thumb/v6-m/nofp\libcr_c.a(_deferredlazyseek.o)
                0x00001038                _deferredlazyseek
 .text.__flsbuf
                0x00001078      0x14c c:/nxp/mcuxpressoide_11.1.1_3241/ide/plugins/com.nxp.mcuxpresso.tools.win32_11.1.0.202001081728/tools/bin/../lib/gcc/arm-none-eabi/8.3.1/../../../../arm-none-eabi/lib/thumb/v6-m/nofp\libcr_c.a(_deferredlazyseek.o)
                0x00001078                __flsbuf
 .text._fflush  0x000011c4       0x5c c:/nxp/mcuxpressoide_11.1.1_3241/ide/plugins/com.nxp.mcuxpresso.tools.win32_11.1.0.202001081728/tools/bin/../lib/gcc/arm-none-eabi/8.3.1/../../../../arm-none-eabi/lib/thumb/v6-m/nofp\libcr_c.a(_fflush.o)
                0x000011c4                _fflush
 .text._Cwritebuf
                0x00001220       0x68 c:/nxp/mcuxpressoide_11.1.1_3241/ide/plugins/com.nxp.mcuxpresso.tools.win32_11.1.0.202001081728/tools/bin/../lib/gcc/arm-none-eabi/8.3.1/../../../../arm-none-eabi/lib/thumb/v6-m/nofp\libcr_c.a(_writebuf.o)
                0x00001220                _Cwritebuf
 .text.malloc   0x00001288       0xcc c:/nxp/mcuxpressoide_11.1.1_3241/ide/plugins/com.nxp.mcuxpresso.tools.win32_11.1.0.202001081728/tools/bin/../lib/gcc/arm-none-eabi/8.3.1/../../../../arm-none-eabi/lib/thumb/v6-m/nofp\libcr_c.a(alloc.o)
                0x00001288                malloc
 .text._Csys_alloc
                0x00001354       0x20 c:/nxp/mcuxpressoide_11.1.1_3241/ide/plugins/com.nxp.mcuxpresso.tools.win32_11.1.0.202001081728/tools/bin/../lib/gcc/arm-none-eabi/8.3.1/../../../../arm-none-eabi/lib/thumb/v6-m/nofp\libcr_c.a(alloc.o)
                0x00001354                _Csys_alloc
 .text.fseek    0x00001374       0xf0 c:/nxp/mcuxpressoide_11.1.1_3241/ide/plugins/com.nxp.mcuxpresso.tools.win32_11.1.0.202001081728/tools/bin/../lib/gcc/arm-none-eabi/8.3.1/../../../../arm-none-eabi/lib/thumb/v6-m/nofp\libcr_c.a(fseek.o)
                0x00001374                fseek
 .text.ftell    0x00001464       0x48 c:/nxp/mcuxpressoide_11.1.1_3241/ide/plugins/com.nxp.mcuxpresso.tools.win32_11.1.0.202001081728/tools/bin/../lib/gcc/arm-none-eabi/8.3.1/../../../../arm-none-eabi/lib/thumb/v6-m/nofp\libcr_c.a(ftell.o)
                0x00001464                ftell
 .text._initio  0x000014ac       0x7c c:/nxp/mcuxpressoide_11.1.1_3241/ide/plugins/com.nxp.mcuxpresso.tools.win32_11.1.0.202001081728/tools/bin/../lib/gcc/arm-none-eabi/8.3.1/../../../../arm-none-eabi/lib/thumb/v6-m/nofp\libcr_c.a(initio.o)
                0x000014ac                _initio
 .text.__vfprintf
                0x00001528      0xcd8 c:/nxp/mcuxpressoide_11.1.1_3241/ide/plugins/com.nxp.mcuxpresso.tools.win32_11.1.0.202001081728/tools/bin/../lib/gcc/arm-none-eabi/8.3.1/../../../../arm-none-eabi/lib/thumb/v6-m/nofp\libcr_c.a(printf.o)
                0x00001528                __vfprintf
 .text._vsnprintf
                0x00002200       0x70 c:/nxp/mcuxpressoide_11.1.1_3241/ide/plugins/com.nxp.mcuxpresso.tools.win32_11.1.0.202001081728/tools/bin/../lib/gcc/arm-none-eabi/8.3.1/../../../../arm-none-eabi/lib/thumb/v6-m/nofp\libcr_c.a(printf.o)
                0x00002200                _vsnprintf
 .text._printf  0x00002270       0x50 c:/nxp/mcuxpressoide_11.1.1_3241/ide/plugins/com.nxp.mcuxpresso.tools.win32_11.1.0.202001081728/tools/bin/../lib/gcc/arm-none-eabi/8.3.1/../../../../arm-none-eabi/lib/thumb/v6-m/nofp\libcr_c.a(printf.o)
                0x00002270                _printf
 .text.setvbuf  0x000022c0       0x4c c:/nxp/mcuxpressoide_11.1.1_3241/ide/plugins/com.nxp.mcuxpresso.tools.win32_11.1.0.202001081728/tools/bin/../lib/gcc/arm-none-eabi/8.3.1/../../../../arm-none-eabi/lib/thumb/v6-m/nofp\libcr_c.a(setvbuf.o)
                0x000022c0                setvbuf
 .text.strlen   0x0000230c       0x58 c:/nxp/mcuxpressoide_11.1.1_3241/ide/plugins/com.nxp.mcuxpresso.tools.win32_11.1.0.202001081728/tools/bin/../lib/gcc/arm-none-eabi/8.3.1/../../../../arm-none-eabi/lib/thumb/v6-m/nofp\libcr_c.a(strlen.o)
                0x0000230c                strlen
 .text._sbrk    0x00002364       0x40 c:/nxp/mcuxpressoide_11.1.1_3241/ide/plugins/com.nxp.mcuxpresso.tools.win32_11.1.0.202001081728/tools/bin/../lib/gcc/arm-none-eabi/8.3.1/../../../../arm-none-eabi/lib/thumb/v6-m/nofp\libcr_c.a(_cr_sbrk.o)
                0x00002364                _sbrk
 .text._fdopen  0x000023a4       0x74 c:/nxp/mcuxpressoide_11.1.1_3241/ide/plugins/com.nxp.mcuxpresso.tools.win32_11.1.0.202001081728/tools/bin/../lib/gcc/arm-none-eabi/8.3.1/../../../../arm-none-eabi/lib/thumb/v6-m/nofp\libcr_c.a(_fdopen.o)
                0x000023a4                _fdopen
 .text.fclose   0x00002418       0x5c c:/nxp/mcuxpressoide_11.1.1_3241/ide/plugins/com.nxp.mcuxpresso.tools.win32_11.1.0.202001081728/tools/bin/../lib/gcc/arm-none-eabi/8.3.1/../../../../arm-none-eabi/lib/thumb/v6-m/nofp\libcr_c.a(fclose.o)
                0x00002418                fclose
 .text.fflush   0x00002474       0x44 c:/nxp/mcuxpressoide_11.1.1_3241/ide/plugins/com.nxp.mcuxpresso.tools.win32_11.1.0.202001081728/tools/bin/../lib/gcc/arm-none-eabi/8.3.1/../../../../arm-none-eabi/lib/thumb/v6-m/nofp\libcr_c.a(fflush.o)
                0x00002474                fflush
 .text.__check_heap_overflow
                0x000024b8       0x14 c:/nxp/mcuxpressoide_11.1.1_3241/ide/plugins/com.nxp.mcuxpresso.tools.win32_11.1.0.202001081728/tools/bin/../lib/gcc/arm-none-eabi/8.3.1/../../../../arm-none-eabi/lib/thumb/v6-m/nofp\libcr_c.a(_cr_check_heap.o)
                0x000024b8                __check_heap_overflow
 .text._do_fflush
                0x000024cc       0x44 c:/nxp/mcuxpressoide_11.1.1_3241/ide/plugins/com.nxp.mcuxpresso.tools.win32_11.1.0.202001081728/tools/bin/../lib/gcc/arm-none-eabi/8.3.1/../../../../arm-none-eabi/lib/thumb/v6-m/nofp\libcr_c.a(_do_fflush.o)
                0x000024cc                _do_fflush
 .text.LPUART_ReadByte
                0x00002510       0x6a ./source/Brasil.o
 .text.LPUART_SoftwareReset
                0x0000257a       0x2a ./drivers/fsl_lpuart.o
 .text.LPUART_GetStatusFlags
                0x000025a4       0x28 ./drivers/fsl_lpuart.o
                0x000025a4                LPUART_GetStatusFlags
 .text.SystemInitHook
                0x000025cc        0xa ./device/system_MKE15Z4.o
                0x000025cc                SystemInitHook
 .text.BOARD_InitBootClocks
                0x000025d6        0xe ./board/clock_config.o
                0x000025d6                BOARD_InitBootClocks
 .text.EnableIRQ
                0x000025e4       0x30 ./board/peripherals.o
 .text.BOARD_InitPeripherals
                0x00002614        0xe ./board/peripherals.o
                0x00002614                BOARD_InitPeripherals
 .text.BOARD_InitBootPeripherals
                0x00002622        0xe ./board/peripherals.o
                0x00002622                BOARD_InitBootPeripherals
 .text.BOARD_InitBootPins
                0x00002630        0xe ./board/pin_mux.o
                0x00002630                BOARD_InitBootPins
 .text.__main   0x0000263e        0xc c:/nxp/mcuxpressoide_11.1.1_3241/ide/plugins/com.nxp.mcuxpresso.tools.win32_11.1.0.202001081728/tools/bin/../lib/gcc/arm-none-eabi/8.3.1/../../../../arm-none-eabi/lib/thumb/v6-m/nofp\libcr_semihost_nf.a(_cr__main.o)
                0x0000263e                __CR_SEMIHOST
                0x0000263e                __main
 .text.memset   0x0000264a        0x8 c:/nxp/mcuxpressoide_11.1.1_3241/ide/plugins/com.nxp.mcuxpresso.tools.win32_11.1.0.202001081728/tools/bin/../lib/gcc/arm-none-eabi/8.3.1/../../../../arm-none-eabi/lib/thumb/v6-m/nofp\libcr_c.a(memset.o)
                0x0000264a                memset
 .text.free     0x00002652       0x2c c:/nxp/mcuxpressoide_11.1.1_3241/ide/plugins/com.nxp.mcuxpresso.tools.win32_11.1.0.202001081728/tools/bin/../lib/gcc/arm-none-eabi/8.3.1/../../../../arm-none-eabi/lib/thumb/v6-m/nofp\libcr_c.a(alloc.o)
                0x00002652                free
 .text.fputs    0x0000267e       0x2e c:/nxp/mcuxpressoide_11.1.1_3241/ide/plugins/com.nxp.mcuxpresso.tools.win32_11.1.0.202001081728/tools/bin/../lib/gcc/arm-none-eabi/8.3.1/../../../../arm-none-eabi/lib/thumb/v6-m/nofp\libcr_c.a(fputs.o)
                0x0000267e                fputs
 .text.no_fp_display
                0x000026ac        0x4 c:/nxp/mcuxpressoide_11.1.1_3241/ide/plugins/com.nxp.mcuxpresso.tools.win32_11.1.0.202001081728/tools/bin/../lib/gcc/arm-none-eabi/8.3.1/../../../../arm-none-eabi/lib/thumb/v6-m/nofp\libcr_c.a(printf.o)
 .text.remove   0x000026b0       0x12 c:/nxp/mcuxpressoide_11.1.1_3241/ide/plugins/com.nxp.mcuxpresso.tools.win32_11.1.0.202001081728/tools/bin/../lib/gcc/arm-none-eabi/8.3.1/../../../../arm-none-eabi/lib/thumb/v6-m/nofp\libcr_c.a(remove.o)
                0x000026b0                remove
 .text.__aeabi_division_idivmod
                0x000026c2       0x78 c:/nxp/mcuxpressoide_11.1.1_3241/ide/plugins/com.nxp.mcuxpresso.tools.win32_11.1.0.202001081728/tools/bin/../lib/gcc/arm-none-eabi/8.3.1/thumb/v6-m/nofp\libcr_eabihelpers.a(division_32.o)
                0x000026c2                __aeabi_idivmod
                0x000026c2                __aeabi_idiv
                0x000026c8                __aeabi_uidivmod
                0x000026c8                __aeabi_uidiv
 .text.__aeabi_division_idiv0
                0x0000273a        0x2 c:/nxp/mcuxpressoide_11.1.1_3241/ide/plugins/com.nxp.mcuxpresso.tools.win32_11.1.0.202001081728/tools/bin/../lib/gcc/arm-none-eabi/8.3.1/thumb/v6-m/nofp\libcr_eabihelpers.a(division_idiv0.o)
                0x0000273a                __aeabi_idiv0
 .text.__aeabi_llong_lmul
                0x0000273c       0x2e c:/nxp/mcuxpressoide_11.1.1_3241/ide/plugins/com.nxp.mcuxpresso.tools.win32_11.1.0.202001081728/tools/bin/../lib/gcc/arm-none-eabi/8.3.1/thumb/v6-m/nofp\libcr_eabihelpers.a(llong.o)
                0x0000273c                __aeabi_lmul
 .text.__aeabi_memset_lowlevel
                0x0000276a       0x2a c:/nxp/mcuxpressoide_11.1.1_3241/ide/plugins/com.nxp.mcuxpresso.tools.win32_11.1.0.202001081728/tools/bin/../lib/gcc/arm-none-eabi/8.3.1/thumb/v6-m/nofp\libcr_eabihelpers.a(memcpy.o)
                0x0000276a                __aeabi_lowlevel_memset
 .text.__sys_close
                0x00002794        0xc c:/nxp/mcuxpressoide_11.1.1_3241/ide/plugins/com.nxp.mcuxpresso.tools.win32_11.1.0.202001081728/tools/bin/../lib/gcc/arm-none-eabi/8.3.1/../../../../arm-none-eabi/lib/thumb/v6-m/nofp\libcr_semihost_nf.a(__sys_close.o)
                0x00002794                __sys_close
 .text.__sys_flen
                0x000027a0        0xc c:/nxp/mcuxpressoide_11.1.1_3241/ide/plugins/com.nxp.mcuxpresso.tools.win32_11.1.0.202001081728/tools/bin/../lib/gcc/arm-none-eabi/8.3.1/../../../../arm-none-eabi/lib/thumb/v6-m/nofp\libcr_semihost_nf.a(__sys_flen.o)
                0x000027a0                __sys_flen
 .text.__sys_istty
                0x000027ac        0xc c:/nxp/mcuxpressoide_11.1.1_3241/ide/plugins/com.nxp.mcuxpresso.tools.win32_11.1.0.202001081728/tools/bin/../lib/gcc/arm-none-eabi/8.3.1/../../../../arm-none-eabi/lib/thumb/v6-m/nofp\libcr_semihost_nf.a(__sys_istty.o)
                0x000027ac                __sys_istty
 .text.__sys_remove
                0x000027b8        0xc c:/nxp/mcuxpressoide_11.1.1_3241/ide/plugins/com.nxp.mcuxpresso.tools.win32_11.1.0.202001081728/tools/bin/../lib/gcc/arm-none-eabi/8.3.1/../../../../arm-none-eabi/lib/thumb/v6-m/nofp\libcr_semihost_nf.a(__sys_remove.o)
                0x000027b8                __sys_remove
 .text.__sys_seek
                0x000027c4        0xc c:/nxp/mcuxpressoide_11.1.1_3241/ide/plugins/com.nxp.mcuxpresso.tools.win32_11.1.0.202001081728/tools/bin/../lib/gcc/arm-none-eabi/8.3.1/../../../../arm-none-eabi/lib/thumb/v6-m/nofp\libcr_semihost_nf.a(__sys_seek.o)
                0x000027c4                __sys_seek
 .text.__sys_tmpnam
                0x000027d0        0xc c:/nxp/mcuxpressoide_11.1.1_3241/ide/plugins/com.nxp.mcuxpresso.tools.win32_11.1.0.202001081728/tools/bin/../lib/gcc/arm-none-eabi/8.3.1/../../../../arm-none-eabi/lib/thumb/v6-m/nofp\libcr_semihost_nf.a(__sys_tmpnam.o)
                0x000027d0                __sys_tmpnam
 .text.__sys_write
                0x000027dc        0xc c:/nxp/mcuxpressoide_11.1.1_3241/ide/plugins/com.nxp.mcuxpresso.tools.win32_11.1.0.202001081728/tools/bin/../lib/gcc/arm-none-eabi/8.3.1/../../../../arm-none-eabi/lib/thumb/v6-m/nofp\libcr_semihost_nf.a(__sys_write.o)
                0x000027dc                __sys_write
 *(SORT_BY_ALIGNMENT(.rodata) SORT_BY_ALIGNMENT(.rodata.*) SORT_BY_ALIGNMENT(.constdata) SORT_BY_ALIGNMENT(.constdata.*))
 .rodata.LPUART0_IRQHandler
                0x000027e8       0x28 ./source/Brasil.o
 .rodata.main.str1.4
                0x00002810        0xd ./source/Brasil.o
 *fill*         0x0000281d        0x3 ff
 .rodata.CLOCK_InitSirc.str1.4
                0x00002820       0x1a ./drivers/fsl_clock.o
 *fill*         0x0000283a        0x2 ff
 .rodata.CLOCK_InitFirc.str1.4
                0x0000283c       0x1a ./drivers/fsl_clock.o
 *fill*         0x00002856        0x2 ff
 .rodata.CLOCK_EnableClock.str1.4
                0x00002858       0x45 ./drivers/fsl_lpuart.o
 *fill*         0x0000289d        0x3 ff
 .rodata.s_lpuartBases
                0x000028a0        0xc ./drivers/fsl_lpuart.o
 .rodata.s_lpuartClock
                0x000028ac        0xc ./drivers/fsl_lpuart.o
 .rodata.LPUART_GetInstance.str1.4
                0x000028b8       0x39 ./drivers/fsl_lpuart.o
 *fill*         0x000028f1        0x3 ff
 .rodata.LPUART_Init.str1.4
                0x000028f4       0xef ./drivers/fsl_lpuart.o
 *fill*         0x000029e3        0x1 ff
 .rodata.CLOCK_SetIpSrc.str1.4
                0x000029e4       0x79 ./board/clock_config.o
 *fill*         0x00002a5d        0x3 ff
 .rodata.CLOCK_SetRunModeSysClkConfig.str1.4
                0x00002a60       0x67 ./board/clock_config.o
 *fill*         0x00002ac7        0x1 ff
 .rodata.CLOCK_GetCurSysClkConfig.str1.4
                0x00002ac8       0x67 ./board/clock_config.o
 *fill*         0x00002b2f        0x1 ff
 .rodata        0x00002b30        0x8 ./board/clock_config.o
 .rodata.g_sysClkConfig_BOARD_BootClockRUN
                0x00002b38        0x4 ./board/clock_config.o
                0x00002b38                g_sysClkConfig_BOARD_BootClockRUN
 .rodata.g_scgSircConfig_BOARD_BootClockRUN
                0x00002b3c        0x8 ./board/clock_config.o
                0x00002b3c                g_scgSircConfig_BOARD_BootClockRUN
 .rodata.g_scgFircConfig_BOARD_BootClockRUN
                0x00002b44        0xc ./board/clock_config.o
                0x00002b44                g_scgFircConfig_BOARD_BootClockRUN
 .rodata.LPUART0_config
                0x00002b50       0x14 ./board/peripherals.o
                0x00002b50                LPUART0_config
 .rodata.CLOCK_EnableClock.str1.4
                0x00002b64       0x94 ./board/pin_mux.o
                                 0x92 (size before relaxing)
 .rodata.__num_Ciob_streams
                0x00002bf8        0x4 c:/nxp/mcuxpressoide_11.1.1_3241/ide/plugins/com.nxp.mcuxpresso.tools.win32_11.1.0.202001081728/tools/bin/../lib/gcc/arm-none-eabi/8.3.1/../../../../arm-none-eabi/lib/thumb/v6-m/nofp\libcr_semihost_nf.a(__ciob.o)
                0x00002bf8                __num_Ciob_streams
 .rodata.__assertion_failed.str1.1
                0x00002bfc       0x15 c:/nxp/mcuxpressoide_11.1.1_3241/ide/plugins/com.nxp.mcuxpresso.tools.win32_11.1.0.202001081728/tools/bin/../lib/gcc/arm-none-eabi/8.3.1/../../../../arm-none-eabi/lib/thumb/v6-m/nofp\libcr_semihost_nf.a(_cr_assert.o)
 .rodata._Csys_alloc.str1.1
                0x00002c11       0x18 c:/nxp/mcuxpressoide_11.1.1_3241/ide/plugins/com.nxp.mcuxpresso.tools.win32_11.1.0.202001081728/tools/bin/../lib/gcc/arm-none-eabi/8.3.1/../../../../arm-none-eabi/lib/thumb/v6-m/nofp\libcr_c.a(alloc.o)
 .rodata._initio.str1.1
                0x00002c29        0x4 c:/nxp/mcuxpressoide_11.1.1_3241/ide/plugins/com.nxp.mcuxpresso.tools.win32_11.1.0.202001081728/tools/bin/../lib/gcc/arm-none-eabi/8.3.1/../../../../arm-none-eabi/lib/thumb/v6-m/nofp\libcr_c.a(initio.o)
 .rodata.__vfprintf.str1.1
                0x00002c2d       0x35 c:/nxp/mcuxpressoide_11.1.1_3241/ide/plugins/com.nxp.mcuxpresso.tools.win32_11.1.0.202001081728/tools/bin/../lib/gcc/arm-none-eabi/8.3.1/../../../../arm-none-eabi/lib/thumb/v6-m/nofp\libcr_c.a(printf.o)
                                 0x38 (size before relaxing)
                0x00002c64                . = ALIGN (0x4)
 *fill*         0x00002c62        0x2 ff

.glue_7         0x00002c64        0x0
 .glue_7        0x00002c64        0x0 linker stubs

.glue_7t        0x00002c64        0x0
 .glue_7t       0x00002c64        0x0 linker stubs

.vfp11_veneer   0x00002c64        0x0
 .vfp11_veneer  0x00002c64        0x0 linker stubs

.v4_bx          0x00002c64        0x0
 .v4_bx         0x00002c64        0x0 linker stubs

.iplt           0x00002c64        0x0
 .iplt          0x00002c64        0x0 ./startup/startup_mke15z4.o

.rel.dyn        0x00002c64        0x0
 .rel.iplt      0x00002c64        0x0 ./startup/startup_mke15z4.o

.ARM.extab
 *(SORT_BY_ALIGNMENT(.ARM.extab*) SORT_BY_ALIGNMENT(.gnu.linkonce.armextab.*))

.ARM.exidx      0x00002c64        0x0
                0x00002c64                __exidx_start = .
 *(SORT_BY_ALIGNMENT(.ARM.exidx*) SORT_BY_ALIGNMENT(.gnu.linkonce.armexidx.*))
                0x00002c64                __exidx_end = .
                0x00002c64                _etext = .

.mtb_buffer_default
                0x1ffffc00       0x80
 *(SORT_BY_ALIGNMENT(.mtb*))
 .mtb.$RAM1     0x1ffffc00       0x80 ./source/mtb.o
                0x1ffffc00                __mtb_buffer__

.uninit_RESERVED
                0x1ffffc80        0x0
                0x1ffffc80                _start_uninit_RESERVED = .
 *(SORT_BY_ALIGNMENT(.bss.$RESERVED*))
                0x1ffffc80                . = ALIGN (0x4)
                0x1ffffc80                _end_uninit_RESERVED = .

.data           0x1ffffc80        0x4 load address 0x00002c64
 FILL mask 0xff
                0x1ffffc80                _data = .
                [!provide]                PROVIDE (__start_data_RAM = .)
                [!provide]                PROVIDE (__start_data_SRAM = .)
 *(SORT_BY_ALIGNMENT(vtable))
 *(SORT_BY_ALIGNMENT(.ramfunc*))
 *(SORT_BY_ALIGNMENT(CodeQuickAccess))
 *(SORT_BY_ALIGNMENT(DataQuickAccess))
 *(SORT_BY_ALIGNMENT(RamFunction))
 *(SORT_BY_ALIGNMENT(.data*))
 .data.SystemCoreClock
                0x1ffffc80        0x4 ./device/system_MKE15Z4.o
                0x1ffffc80                SystemCoreClock
                0x1ffffc84                . = ALIGN (0x4)
                0x1ffffc84                _edata = .
                [!provide]                PROVIDE (__end_data_RAM = .)
                [!provide]                PROVIDE (__end_data_SRAM = .)

.igot.plt       0x1ffffc84        0x0 load address 0x00002c68
 .igot.plt      0x1ffffc84        0x0 ./startup/startup_mke15z4.o

.bss            0x1ffffc84       0xd8
                0x1ffffc84                _bss = .
                [!provide]                PROVIDE (__start_bss_RAM = .)
                [!provide]                PROVIDE (__start_bss_SRAM = .)
 *(SORT_BY_ALIGNMENT(.bss*))
 .bss.i.5780    0x1ffffc84        0x4 ./source/Brasil.o
 .bss.s_lpuartHandle
                0x1ffffc88        0xc ./drivers/fsl_lpuart.o
 .bss.s_lpuartIsr
                0x1ffffc94        0x4 ./drivers/fsl_lpuart.o
 .bss.__Ciob    0x1ffffc98       0xb4 c:/nxp/mcuxpressoide_11.1.1_3241/ide/plugins/com.nxp.mcuxpresso.tools.win32_11.1.0.202001081728/tools/bin/../lib/gcc/arm-none-eabi/8.3.1/../../../../arm-none-eabi/lib/thumb/v6-m/nofp\libcr_semihost_nf.a(__ciob.o)
                0x1ffffc98                __Ciob
 .bss.__end_of_heap
                0x1ffffd4c        0x4 c:/nxp/mcuxpressoide_11.1.1_3241/ide/plugins/com.nxp.mcuxpresso.tools.win32_11.1.0.202001081728/tools/bin/../lib/gcc/arm-none-eabi/8.3.1/../../../../arm-none-eabi/lib/thumb/v6-m/nofp\libcr_c.a(__init_alloc.o)
                0x1ffffd4c                __end_of_heap
 .bss.__heaps   0x1ffffd50        0x4 c:/nxp/mcuxpressoide_11.1.1_3241/ide/plugins/com.nxp.mcuxpresso.tools.win32_11.1.0.202001081728/tools/bin/../lib/gcc/arm-none-eabi/8.3.1/../../../../arm-none-eabi/lib/thumb/v6-m/nofp\libcr_c.a(__init_alloc.o)
                0x1ffffd50                __heaps
 .bss.errno     0x1ffffd54        0x4 c:/nxp/mcuxpressoide_11.1.1_3241/ide/plugins/com.nxp.mcuxpresso.tools.win32_11.1.0.202001081728/tools/bin/../lib/gcc/arm-none-eabi/8.3.1/../../../../arm-none-eabi/lib/thumb/v6-m/nofp\libcr_c.a(errno.o)
                0x1ffffd54                errno
 .bss.pontDisp  0x1ffffd58        0x1 ./source/Brasil.o
                0x1ffffd58                pontDisp
 *(SORT_BY_ALIGNMENT(COMMON))
                0x1ffffd5c                . = ALIGN (0x4)
 *fill*         0x1ffffd59        0x3 
                0x1ffffd5c                _ebss = .
                [!provide]                PROVIDE (__end_bss_RAM = .)
                [!provide]                PROVIDE (__end_bss_SRAM = .)
                [!provide]                PROVIDE (end = .)

.noinit         0x1ffffd5c        0x0
                0x1ffffd5c                _noinit = .
                [!provide]                PROVIDE (__start_noinit_RAM = .)
                [!provide]                PROVIDE (__start_noinit_SRAM = .)
 *(SORT_BY_ALIGNMENT(.noinit*))
                0x1ffffd5c                . = ALIGN (0x4)
                0x1ffffd5c                _end_noinit = .
                [!provide]                PROVIDE (__end_noinit_RAM = .)
                [!provide]                PROVIDE (__end_noinit_SRAM = .)
                0x00000100                _HeapSize = 0x100

.heap           0x1ffffd5c      0x100
                0x1ffffd5c                _pvHeapStart = .
                0x1ffffe5c                . = (. + _HeapSize)
 *fill*         0x1ffffd5c      0x100 
                0x1ffffe5c                . = ALIGN (0x4)
                0x1ffffe5c                _pvHeapLimit = .
                0x00000100                _StackSize = 0x100

.heap2stackfill
                0x1ffffe5c      0x100
                0x1fffff5c                . = (. + _StackSize)
 *fill*         0x1ffffe5c      0x100 

.stack          0x20000b00        0x0
                0x20000b00                _vStackBase = .
                0x20000b00                . = ALIGN (0x4)
                0x20000c00                _vStackTop = (. + _StackSize)
                0x00000000                _image_start = LOADADDR (.text)
                0x00002c68                _image_end = (LOADADDR (.data) + SIZEOF (.data))
                0x00002c68                _image_size = (_image_end - _image_start)
OUTPUT(Brasil.axf elf32-littlearm)

.debug_info     0x00000000     0x5eac
 .debug_info    0x00000000      0x4ad ./startup/startup_mke15z4.o
 .debug_info    0x000004ad      0xf46 ./source/Brasil.o
 .debug_info    0x000013f3       0x53 ./source/mtb.o
 .debug_info    0x00001446       0x3c ./source/semihost_hardfault.o
 .debug_info    0x00001482     0x125e ./drivers/fsl_clock.o
 .debug_info    0x000026e0     0x184f ./drivers/fsl_lpuart.o
 .debug_info    0x00003f2f      0x3bb ./device/system_MKE15Z4.o
 .debug_info    0x000042ea      0xe9a ./board/clock_config.o
 .debug_info    0x00005184      0x977 ./board/peripherals.o
 .debug_info    0x00005afb      0x3b1 ./board/pin_mux.o

.debug_abbrev   0x00000000     0x1100
 .debug_abbrev  0x00000000      0x1ad ./startup/startup_mke15z4.o
 .debug_abbrev  0x000001ad      0x233 ./source/Brasil.o
 .debug_abbrev  0x000003e0       0x46 ./source/mtb.o
 .debug_abbrev  0x00000426       0x31 ./source/semihost_hardfault.o
 .debug_abbrev  0x00000457      0x296 ./drivers/fsl_clock.o
 .debug_abbrev  0x000006ed      0x319 ./drivers/fsl_lpuart.o
 .debug_abbrev  0x00000a06      0x170 ./device/system_MKE15Z4.o
 .debug_abbrev  0x00000b76      0x26e ./board/clock_config.o
 .debug_abbrev  0x00000de4      0x1b7 ./board/peripherals.o
 .debug_abbrev  0x00000f9b      0x165 ./board/pin_mux.o

.debug_aranges  0x00000000      0x4b0
 .debug_aranges
                0x00000000      0x150 ./startup/startup_mke15z4.o
 .debug_aranges
                0x00000150       0x30 ./source/Brasil.o
 .debug_aranges
                0x00000180       0x18 ./source/mtb.o
 .debug_aranges
                0x00000198       0x20 ./source/semihost_hardfault.o
 .debug_aranges
                0x000001b8       0xd8 ./drivers/fsl_clock.o
 .debug_aranges
                0x00000290      0x130 ./drivers/fsl_lpuart.o
 .debug_aranges
                0x000003c0       0x30 ./device/system_MKE15Z4.o
 .debug_aranges
                0x000003f0       0x48 ./board/clock_config.o
 .debug_aranges
                0x00000438       0x40 ./board/peripherals.o
 .debug_aranges
                0x00000478       0x38 ./board/pin_mux.o

.debug_ranges   0x00000000      0x408
 .debug_ranges  0x00000000      0x140 ./startup/startup_mke15z4.o
 .debug_ranges  0x00000140       0x20 ./source/Brasil.o
 .debug_ranges  0x00000160       0x10 ./source/semihost_hardfault.o
 .debug_ranges  0x00000170       0xc8 ./drivers/fsl_clock.o
 .debug_ranges  0x00000238      0x120 ./drivers/fsl_lpuart.o
 .debug_ranges  0x00000358       0x20 ./device/system_MKE15Z4.o
 .debug_ranges  0x00000378       0x38 ./board/clock_config.o
 .debug_ranges  0x000003b0       0x30 ./board/peripherals.o
 .debug_ranges  0x000003e0       0x28 ./board/pin_mux.o

.debug_macro    0x00000000     0x919c
 .debug_macro   0x00000000       0x29 ./startup/startup_mke15z4.o
 .debug_macro   0x00000029      0xaa8 ./startup/startup_mke15z4.o
 .debug_macro   0x00000ad1      0x140 ./source/Brasil.o
 .debug_macro   0x00000c11       0x10 ./source/Brasil.o
 .debug_macro   0x00000c21      0x12e ./source/Brasil.o
 .debug_macro   0x00000d4f       0xd8 ./source/Brasil.o
 .debug_macro   0x00000e27       0x10 ./source/Brasil.o
 .debug_macro   0x00000e37       0x16 ./source/Brasil.o
 .debug_macro   0x00000e4d       0x22 ./source/Brasil.o
 .debug_macro   0x00000e6f      0x5b3 ./source/Brasil.o
 .debug_macro   0x00001422       0x22 ./source/Brasil.o
 .debug_macro   0x00001444       0x10 ./source/Brasil.o
 .debug_macro   0x00001454       0x3f ./source/Brasil.o
 .debug_macro   0x00001493       0x1c ./source/Brasil.o
 .debug_macro   0x000014af       0x22 ./source/Brasil.o
 .debug_macro   0x000014d1       0xb5 ./source/Brasil.o
 .debug_macro   0x00001586      0x37c ./source/Brasil.o
 .debug_macro   0x00001902       0x3a ./source/Brasil.o
 .debug_macro   0x0000193c     0x66e9 ./source/Brasil.o
 .debug_macro   0x00008025      0x8c3 ./source/Brasil.o
 .debug_macro   0x000088e8       0x52 ./source/Brasil.o
 .debug_macro   0x0000893a       0x8a ./source/Brasil.o
 .debug_macro   0x000089c4       0x7b ./source/Brasil.o
 .debug_macro   0x00008a3f       0x10 ./source/Brasil.o
 .debug_macro   0x00008a4f       0x1c ./source/Brasil.o
 .debug_macro   0x00008a6b       0x22 ./source/Brasil.o
 .debug_macro   0x00008a8d       0x10 ./source/Brasil.o
 .debug_macro   0x00008a9d       0x2f ./source/mtb.o
 .debug_macro   0x00008acc       0x82 ./source/mtb.o
 .debug_macro   0x00008b4e       0x10 ./source/mtb.o
 .debug_macro   0x00008b5e       0x11 ./source/semihost_hardfault.o
 .debug_macro   0x00008b6f      0x15e ./drivers/fsl_clock.o
 .debug_macro   0x00008ccd      0x108 ./drivers/fsl_lpuart.o
 .debug_macro   0x00008dd5       0x97 ./device/system_MKE15Z4.o
 .debug_macro   0x00008e6c      0x108 ./board/clock_config.o
 .debug_macro   0x00008f74      0x10e ./board/peripherals.o
 .debug_macro   0x00009082      0x104 ./board/pin_mux.o
 .debug_macro   0x00009186       0x16 ./board/pin_mux.o

.debug_line     0x00000000     0x3202
 .debug_line    0x00000000      0x1d7 ./startup/startup_mke15z4.o
 .debug_line    0x000001d7      0x501 ./source/Brasil.o
 .debug_line    0x000006d8       0xd1 ./source/mtb.o
 .debug_line    0x000007a9       0x5a ./source/semihost_hardfault.o
 .debug_line    0x00000803      0xa0b ./drivers/fsl_clock.o
 .debug_line    0x0000120e     0x108d ./drivers/fsl_lpuart.o
 .debug_line    0x0000229b      0x31d ./device/system_MKE15Z4.o
 .debug_line    0x000025b8      0x48f ./board/clock_config.o
 .debug_line    0x00002a47      0x3f1 ./board/peripherals.o
 .debug_line    0x00002e38      0x3ca ./board/pin_mux.o

.debug_str      0x00000000    0x3e228
 .debug_str     0x00000000     0x31c2 ./startup/startup_mke15z4.o
                               0x31e8 (size before relaxing)
 .debug_str     0x000031c2    0x38b9c ./source/Brasil.o
                              0x3bb75 (size before relaxing)
 .debug_str     0x0003bd5e      0x532 ./source/mtb.o
                               0x32d7 (size before relaxing)
 .debug_str     0x0003c290       0x1f ./source/semihost_hardfault.o
                               0x2dc4 (size before relaxing)
 .debug_str     0x0003c2af      0xd30 ./drivers/fsl_clock.o
                              0x3bbc1 (size before relaxing)
 .debug_str     0x0003cfdf      0xc1d ./drivers/fsl_lpuart.o
                              0x3bc88 (size before relaxing)
 .debug_str     0x0003dbfc       0x6f ./device/system_MKE15Z4.o
                              0x396c2 (size before relaxing)
 .debug_str     0x0003dc6b      0x38b ./board/clock_config.o
                              0x3b63b (size before relaxing)
 .debug_str     0x0003dff6       0x54 ./board/peripherals.o
                              0x3b206 (size before relaxing)
 .debug_str     0x0003e04a      0x1de ./board/pin_mux.o
                              0x3a428 (size before relaxing)

.comment        0x00000000       0x76
 .comment       0x00000000       0x76 ./startup/startup_mke15z4.o
                                 0x77 (size before relaxing)
 .comment       0x00000076       0x77 ./source/Brasil.o
 .comment       0x00000076       0x77 ./source/mtb.o
 .comment       0x00000076       0x77 ./source/semihost_hardfault.o
 .comment       0x00000076       0x77 ./drivers/fsl_clock.o
 .comment       0x00000076       0x77 ./drivers/fsl_lpuart.o
 .comment       0x00000076       0x77 ./device/system_MKE15Z4.o
 .comment       0x00000076       0x77 ./board/clock_config.o
 .comment       0x00000076       0x77 ./board/peripherals.o
 .comment       0x00000076       0x77 ./board/pin_mux.o
 .comment       0x00000076       0x77 c:/nxp/mcuxpressoide_11.1.1_3241/ide/plugins/com.nxp.mcuxpresso.tools.win32_11.1.0.202001081728/tools/bin/../lib/gcc/arm-none-eabi/8.3.1/../../../../arm-none-eabi/lib/thumb/v6-m/nofp\libcr_semihost_nf.a(_cr__main.o)
 .comment       0x00000076       0x77 c:/nxp/mcuxpressoide_11.1.1_3241/ide/plugins/com.nxp.mcuxpresso.tools.win32_11.1.0.202001081728/tools/bin/../lib/gcc/arm-none-eabi/8.3.1/../../../../arm-none-eabi/lib/thumb/v6-m/nofp\libcr_semihost_nf.a(_cr_assert.o)
 .comment       0x00000076       0x77 c:/nxp/mcuxpressoide_11.1.1_3241/ide/plugins/com.nxp.mcuxpresso.tools.win32_11.1.0.202001081728/tools/bin/../lib/gcc/arm-none-eabi/8.3.1/../../../../arm-none-eabi/lib/thumb/v6-m/nofp\libcr_semihost_nf.a(__ciob.o)
 .comment       0x00000076       0x77 c:/nxp/mcuxpressoide_11.1.1_3241/ide/plugins/com.nxp.mcuxpresso.tools.win32_11.1.0.202001081728/tools/bin/../lib/gcc/arm-none-eabi/8.3.1/../../../../arm-none-eabi/lib/thumb/v6-m/nofp\libcr_c.a(memset.o)
 .comment       0x00000076       0x77 c:/nxp/mcuxpressoide_11.1.1_3241/ide/plugins/com.nxp.mcuxpresso.tools.win32_11.1.0.202001081728/tools/bin/../lib/gcc/arm-none-eabi/8.3.1/../../../../arm-none-eabi/lib/thumb/v6-m/nofp\libcr_c.a(_deferredlazyseek.o)
 .comment       0x00000076       0x77 c:/nxp/mcuxpressoide_11.1.1_3241/ide/plugins/com.nxp.mcuxpresso.tools.win32_11.1.0.202001081728/tools/bin/../lib/gcc/arm-none-eabi/8.3.1/../../../../arm-none-eabi/lib/thumb/v6-m/nofp\libcr_c.a(_fflush.o)
 .comment       0x00000076       0x77 c:/nxp/mcuxpressoide_11.1.1_3241/ide/plugins/com.nxp.mcuxpresso.tools.win32_11.1.0.202001081728/tools/bin/../lib/gcc/arm-none-eabi/8.3.1/../../../../arm-none-eabi/lib/thumb/v6-m/nofp\libcr_c.a(_writebuf.o)
 .comment       0x00000076       0x77 c:/nxp/mcuxpressoide_11.1.1_3241/ide/plugins/com.nxp.mcuxpresso.tools.win32_11.1.0.202001081728/tools/bin/../lib/gcc/arm-none-eabi/8.3.1/../../../../arm-none-eabi/lib/thumb/v6-m/nofp\libcr_c.a(alloc.o)
 .comment       0x00000076       0x77 c:/nxp/mcuxpressoide_11.1.1_3241/ide/plugins/com.nxp.mcuxpresso.tools.win32_11.1.0.202001081728/tools/bin/../lib/gcc/arm-none-eabi/8.3.1/../../../../arm-none-eabi/lib/thumb/v6-m/nofp\libcr_c.a(fputs.o)
 .comment       0x00000076       0x77 c:/nxp/mcuxpressoide_11.1.1_3241/ide/plugins/com.nxp.mcuxpresso.tools.win32_11.1.0.202001081728/tools/bin/../lib/gcc/arm-none-eabi/8.3.1/../../../../arm-none-eabi/lib/thumb/v6-m/nofp\libcr_c.a(fseek.o)
 .comment       0x00000076       0x77 c:/nxp/mcuxpressoide_11.1.1_3241/ide/plugins/com.nxp.mcuxpresso.tools.win32_11.1.0.202001081728/tools/bin/../lib/gcc/arm-none-eabi/8.3.1/../../../../arm-none-eabi/lib/thumb/v6-m/nofp\libcr_c.a(ftell.o)
 .comment       0x00000076       0x77 c:/nxp/mcuxpressoide_11.1.1_3241/ide/plugins/com.nxp.mcuxpresso.tools.win32_11.1.0.202001081728/tools/bin/../lib/gcc/arm-none-eabi/8.3.1/../../../../arm-none-eabi/lib/thumb/v6-m/nofp\libcr_c.a(initio.o)
 .comment       0x00000076       0x77 c:/nxp/mcuxpressoide_11.1.1_3241/ide/plugins/com.nxp.mcuxpresso.tools.win32_11.1.0.202001081728/tools/bin/../lib/gcc/arm-none-eabi/8.3.1/../../../../arm-none-eabi/lib/thumb/v6-m/nofp\libcr_c.a(printf.o)
 .comment       0x00000076       0x77 c:/nxp/mcuxpressoide_11.1.1_3241/ide/plugins/com.nxp.mcuxpresso.tools.win32_11.1.0.202001081728/tools/bin/../lib/gcc/arm-none-eabi/8.3.1/../../../../arm-none-eabi/lib/thumb/v6-m/nofp\libcr_c.a(setvbuf.o)
 .comment       0x00000076       0x77 c:/nxp/mcuxpressoide_11.1.1_3241/ide/plugins/com.nxp.mcuxpresso.tools.win32_11.1.0.202001081728/tools/bin/../lib/gcc/arm-none-eabi/8.3.1/../../../../arm-none-eabi/lib/thumb/v6-m/nofp\libcr_c.a(strlen.o)
 .comment       0x00000076       0x77 c:/nxp/mcuxpressoide_11.1.1_3241/ide/plugins/com.nxp.mcuxpresso.tools.win32_11.1.0.202001081728/tools/bin/../lib/gcc/arm-none-eabi/8.3.1/../../../../arm-none-eabi/lib/thumb/v6-m/nofp\libcr_c.a(__init_alloc.o)
 .comment       0x00000076       0x77 c:/nxp/mcuxpressoide_11.1.1_3241/ide/plugins/com.nxp.mcuxpresso.tools.win32_11.1.0.202001081728/tools/bin/../lib/gcc/arm-none-eabi/8.3.1/../../../../arm-none-eabi/lib/thumb/v6-m/nofp\libcr_c.a(_cr_sbrk.o)
 .comment       0x00000076       0x77 c:/nxp/mcuxpressoide_11.1.1_3241/ide/plugins/com.nxp.mcuxpresso.tools.win32_11.1.0.202001081728/tools/bin/../lib/gcc/arm-none-eabi/8.3.1/../../../../arm-none-eabi/lib/thumb/v6-m/nofp\libcr_c.a(_fdopen.o)
 .comment       0x00000076       0x77 c:/nxp/mcuxpressoide_11.1.1_3241/ide/plugins/com.nxp.mcuxpresso.tools.win32_11.1.0.202001081728/tools/bin/../lib/gcc/arm-none-eabi/8.3.1/../../../../arm-none-eabi/lib/thumb/v6-m/nofp\libcr_c.a(errno.o)
 .comment       0x00000076       0x77 c:/nxp/mcuxpressoide_11.1.1_3241/ide/plugins/com.nxp.mcuxpresso.tools.win32_11.1.0.202001081728/tools/bin/../lib/gcc/arm-none-eabi/8.3.1/../../../../arm-none-eabi/lib/thumb/v6-m/nofp\libcr_c.a(fclose.o)
 .comment       0x00000076       0x77 c:/nxp/mcuxpressoide_11.1.1_3241/ide/plugins/com.nxp.mcuxpresso.tools.win32_11.1.0.202001081728/tools/bin/../lib/gcc/arm-none-eabi/8.3.1/../../../../arm-none-eabi/lib/thumb/v6-m/nofp\libcr_c.a(fflush.o)
 .comment       0x00000076       0x77 c:/nxp/mcuxpressoide_11.1.1_3241/ide/plugins/com.nxp.mcuxpresso.tools.win32_11.1.0.202001081728/tools/bin/../lib/gcc/arm-none-eabi/8.3.1/../../../../arm-none-eabi/lib/thumb/v6-m/nofp\libcr_c.a(remove.o)
 .comment       0x00000076       0x77 c:/nxp/mcuxpressoide_11.1.1_3241/ide/plugins/com.nxp.mcuxpresso.tools.win32_11.1.0.202001081728/tools/bin/../lib/gcc/arm-none-eabi/8.3.1/../../../../arm-none-eabi/lib/thumb/v6-m/nofp\libcr_c.a(_cr_check_heap.o)
 .comment       0x00000076       0x77 c:/nxp/mcuxpressoide_11.1.1_3241/ide/plugins/com.nxp.mcuxpresso.tools.win32_11.1.0.202001081728/tools/bin/../lib/gcc/arm-none-eabi/8.3.1/../../../../arm-none-eabi/lib/thumb/v6-m/nofp\libcr_c.a(_do_fflush.o)

.ARM.attributes
                0x00000000       0x2a
 .ARM.attributes
                0x00000000       0x2c ./startup/startup_mke15z4.o
 .ARM.attributes
                0x0000002c       0x2c ./source/Brasil.o
 .ARM.attributes
                0x00000058       0x32 ./source/mtb.o
 .ARM.attributes
                0x0000008a       0x2c ./source/semihost_hardfault.o
 .ARM.attributes
                0x000000b6       0x2c ./drivers/fsl_clock.o
 .ARM.attributes
                0x000000e2       0x2c ./drivers/fsl_lpuart.o
 .ARM.attributes
                0x0000010e       0x2c ./device/system_MKE15Z4.o
 .ARM.attributes
                0x0000013a       0x2c ./board/clock_config.o
 .ARM.attributes
                0x00000166       0x2c ./board/peripherals.o
 .ARM.attributes
                0x00000192       0x2c ./board/pin_mux.o
 .ARM.attributes
                0x000001be       0x2c c:/nxp/mcuxpressoide_11.1.1_3241/ide/plugins/com.nxp.mcuxpresso.tools.win32_11.1.0.202001081728/tools/bin/../lib/gcc/arm-none-eabi/8.3.1/../../../../arm-none-eabi/lib/thumb/v6-m/nofp\libcr_semihost_nf.a(_cr__main.o)
 .ARM.attributes
                0x000001ea       0x2c c:/nxp/mcuxpressoide_11.1.1_3241/ide/plugins/com.nxp.mcuxpresso.tools.win32_11.1.0.202001081728/tools/bin/../lib/gcc/arm-none-eabi/8.3.1/../../../../arm-none-eabi/lib/thumb/v6-m/nofp\libcr_semihost_nf.a(_cr_assert.o)
 .ARM.attributes
                0x00000216       0x31 c:/nxp/mcuxpressoide_11.1.1_3241/ide/plugins/com.nxp.mcuxpresso.tools.win32_11.1.0.202001081728/tools/bin/../lib/gcc/arm-none-eabi/8.3.1/../../../../arm-none-eabi/lib/thumb/v6-m/nofp\libcr_semihost_nf.a(__ciob.o)
 .ARM.attributes
                0x00000247       0x1c c:/nxp/mcuxpressoide_11.1.1_3241/ide/plugins/com.nxp.mcuxpresso.tools.win32_11.1.0.202001081728/tools/bin/../lib/gcc/arm-none-eabi/8.3.1/../../../../arm-none-eabi/lib/thumb/v6-m/nofp\libcr_semihost_nf.a(__sys_appexit.o)
 .ARM.attributes
                0x00000263       0x2c c:/nxp/mcuxpressoide_11.1.1_3241/ide/plugins/com.nxp.mcuxpresso.tools.win32_11.1.0.202001081728/tools/bin/../lib/gcc/arm-none-eabi/8.3.1/../../../../arm-none-eabi/lib/thumb/v6-m/nofp\libcr_c.a(memset.o)
 .ARM.attributes
                0x0000028f       0x2c c:/nxp/mcuxpressoide_11.1.1_3241/ide/plugins/com.nxp.mcuxpresso.tools.win32_11.1.0.202001081728/tools/bin/../lib/gcc/arm-none-eabi/8.3.1/../../../../arm-none-eabi/lib/thumb/v6-m/nofp\libcr_c.a(_deferredlazyseek.o)
 .ARM.attributes
                0x000002bb       0x2c c:/nxp/mcuxpressoide_11.1.1_3241/ide/plugins/com.nxp.mcuxpresso.tools.win32_11.1.0.202001081728/tools/bin/../lib/gcc/arm-none-eabi/8.3.1/../../../../arm-none-eabi/lib/thumb/v6-m/nofp\libcr_c.a(_fflush.o)
 .ARM.attributes
                0x000002e7       0x2c c:/nxp/mcuxpressoide_11.1.1_3241/ide/plugins/com.nxp.mcuxpresso.tools.win32_11.1.0.202001081728/tools/bin/../lib/gcc/arm-none-eabi/8.3.1/../../../../arm-none-eabi/lib/thumb/v6-m/nofp\libcr_c.a(_writebuf.o)
 .ARM.attributes
                0x00000313       0x2c c:/nxp/mcuxpressoide_11.1.1_3241/ide/plugins/com.nxp.mcuxpresso.tools.win32_11.1.0.202001081728/tools/bin/../lib/gcc/arm-none-eabi/8.3.1/../../../../arm-none-eabi/lib/thumb/v6-m/nofp\libcr_c.a(alloc.o)
 .ARM.attributes
                0x0000033f       0x2c c:/nxp/mcuxpressoide_11.1.1_3241/ide/plugins/com.nxp.mcuxpresso.tools.win32_11.1.0.202001081728/tools/bin/../lib/gcc/arm-none-eabi/8.3.1/../../../../arm-none-eabi/lib/thumb/v6-m/nofp\libcr_c.a(fputs.o)
 .ARM.attributes
                0x0000036b       0x2c c:/nxp/mcuxpressoide_11.1.1_3241/ide/plugins/com.nxp.mcuxpresso.tools.win32_11.1.0.202001081728/tools/bin/../lib/gcc/arm-none-eabi/8.3.1/../../../../arm-none-eabi/lib/thumb/v6-m/nofp\libcr_c.a(fseek.o)
 .ARM.attributes
                0x00000397       0x2c c:/nxp/mcuxpressoide_11.1.1_3241/ide/plugins/com.nxp.mcuxpresso.tools.win32_11.1.0.202001081728/tools/bin/../lib/gcc/arm-none-eabi/8.3.1/../../../../arm-none-eabi/lib/thumb/v6-m/nofp\libcr_c.a(ftell.o)
 .ARM.attributes
                0x000003c3       0x2c c:/nxp/mcuxpressoide_11.1.1_3241/ide/plugins/com.nxp.mcuxpresso.tools.win32_11.1.0.202001081728/tools/bin/../lib/gcc/arm-none-eabi/8.3.1/../../../../arm-none-eabi/lib/thumb/v6-m/nofp\libcr_c.a(initio.o)
 .ARM.attributes
                0x000003ef       0x2c c:/nxp/mcuxpressoide_11.1.1_3241/ide/plugins/com.nxp.mcuxpresso.tools.win32_11.1.0.202001081728/tools/bin/../lib/gcc/arm-none-eabi/8.3.1/../../../../arm-none-eabi/lib/thumb/v6-m/nofp\libcr_c.a(printf.o)
 .ARM.attributes
                0x0000041b       0x2c c:/nxp/mcuxpressoide_11.1.1_3241/ide/plugins/com.nxp.mcuxpresso.tools.win32_11.1.0.202001081728/tools/bin/../lib/gcc/arm-none-eabi/8.3.1/../../../../arm-none-eabi/lib/thumb/v6-m/nofp\libcr_c.a(setvbuf.o)
 .ARM.attributes
                0x00000447       0x2c c:/nxp/mcuxpressoide_11.1.1_3241/ide/plugins/com.nxp.mcuxpresso.tools.win32_11.1.0.202001081728/tools/bin/../lib/gcc/arm-none-eabi/8.3.1/../../../../arm-none-eabi/lib/thumb/v6-m/nofp\libcr_c.a(strlen.o)
 .ARM.attributes
                0x00000473       0x2c c:/nxp/mcuxpressoide_11.1.1_3241/ide/plugins/com.nxp.mcuxpresso.tools.win32_11.1.0.202001081728/tools/bin/../lib/gcc/arm-none-eabi/8.3.1/../../../../arm-none-eabi/lib/thumb/v6-m/nofp\libcr_c.a(__init_alloc.o)
 .ARM.attributes
                0x0000049f       0x2c c:/nxp/mcuxpressoide_11.1.1_3241/ide/plugins/com.nxp.mcuxpresso.tools.win32_11.1.0.202001081728/tools/bin/../lib/gcc/arm-none-eabi/8.3.1/../../../../arm-none-eabi/lib/thumb/v6-m/nofp\libcr_c.a(_cr_sbrk.o)
 .ARM.attributes
                0x000004cb       0x2c c:/nxp/mcuxpressoide_11.1.1_3241/ide/plugins/com.nxp.mcuxpresso.tools.win32_11.1.0.202001081728/tools/bin/../lib/gcc/arm-none-eabi/8.3.1/../../../../arm-none-eabi/lib/thumb/v6-m/nofp\libcr_c.a(_fdopen.o)
 .ARM.attributes
                0x000004f7       0x31 c:/nxp/mcuxpressoide_11.1.1_3241/ide/plugins/com.nxp.mcuxpresso.tools.win32_11.1.0.202001081728/tools/bin/../lib/gcc/arm-none-eabi/8.3.1/../../../../arm-none-eabi/lib/thumb/v6-m/nofp\libcr_c.a(errno.o)
 .ARM.attributes
                0x00000528       0x2c c:/nxp/mcuxpressoide_11.1.1_3241/ide/plugins/com.nxp.mcuxpresso.tools.win32_11.1.0.202001081728/tools/bin/../lib/gcc/arm-none-eabi/8.3.1/../../../../arm-none-eabi/lib/thumb/v6-m/nofp\libcr_c.a(fclose.o)
 .ARM.attributes
                0x00000554       0x2c c:/nxp/mcuxpressoide_11.1.1_3241/ide/plugins/com.nxp.mcuxpresso.tools.win32_11.1.0.202001081728/tools/bin/../lib/gcc/arm-none-eabi/8.3.1/../../../../arm-none-eabi/lib/thumb/v6-m/nofp\libcr_c.a(fflush.o)
 .ARM.attributes
                0x00000580       0x2c c:/nxp/mcuxpressoide_11.1.1_3241/ide/plugins/com.nxp.mcuxpresso.tools.win32_11.1.0.202001081728/tools/bin/../lib/gcc/arm-none-eabi/8.3.1/../../../../arm-none-eabi/lib/thumb/v6-m/nofp\libcr_c.a(remove.o)
 .ARM.attributes
                0x000005ac       0x2c c:/nxp/mcuxpressoide_11.1.1_3241/ide/plugins/com.nxp.mcuxpresso.tools.win32_11.1.0.202001081728/tools/bin/../lib/gcc/arm-none-eabi/8.3.1/../../../../arm-none-eabi/lib/thumb/v6-m/nofp\libcr_c.a(_cr_check_heap.o)
 .ARM.attributes
                0x000005d8       0x2c c:/nxp/mcuxpressoide_11.1.1_3241/ide/plugins/com.nxp.mcuxpresso.tools.win32_11.1.0.202001081728/tools/bin/../lib/gcc/arm-none-eabi/8.3.1/../../../../arm-none-eabi/lib/thumb/v6-m/nofp\libcr_c.a(_do_fflush.o)
 .ARM.attributes
                0x00000604       0x1c c:/nxp/mcuxpressoide_11.1.1_3241/ide/plugins/com.nxp.mcuxpresso.tools.win32_11.1.0.202001081728/tools/bin/../lib/gcc/arm-none-eabi/8.3.1/thumb/v6-m/nofp\libcr_eabihelpers.a(division_32.o)
 .ARM.attributes
                0x00000620       0x1c c:/nxp/mcuxpressoide_11.1.1_3241/ide/plugins/com.nxp.mcuxpresso.tools.win32_11.1.0.202001081728/tools/bin/../lib/gcc/arm-none-eabi/8.3.1/thumb/v6-m/nofp\libcr_eabihelpers.a(division_idiv0.o)
 .ARM.attributes
                0x0000063c       0x1c c:/nxp/mcuxpressoide_11.1.1_3241/ide/plugins/com.nxp.mcuxpresso.tools.win32_11.1.0.202001081728/tools/bin/../lib/gcc/arm-none-eabi/8.3.1/thumb/v6-m/nofp\libcr_eabihelpers.a(llong.o)
 .ARM.attributes
                0x00000658       0x1c c:/nxp/mcuxpressoide_11.1.1_3241/ide/plugins/com.nxp.mcuxpresso.tools.win32_11.1.0.202001081728/tools/bin/../lib/gcc/arm-none-eabi/8.3.1/thumb/v6-m/nofp\libcr_eabihelpers.a(memcpy.o)
 .ARM.attributes
                0x00000674       0x1c c:/nxp/mcuxpressoide_11.1.1_3241/ide/plugins/com.nxp.mcuxpresso.tools.win32_11.1.0.202001081728/tools/bin/../lib/gcc/arm-none-eabi/8.3.1/../../../../arm-none-eabi/lib/thumb/v6-m/nofp\libcr_semihost_nf.a(__sys_close.o)
 .ARM.attributes
                0x00000690       0x1c c:/nxp/mcuxpressoide_11.1.1_3241/ide/plugins/com.nxp.mcuxpresso.tools.win32_11.1.0.202001081728/tools/bin/../lib/gcc/arm-none-eabi/8.3.1/../../../../arm-none-eabi/lib/thumb/v6-m/nofp\libcr_semihost_nf.a(__sys_flen.o)
 .ARM.attributes
                0x000006ac       0x1c c:/nxp/mcuxpressoide_11.1.1_3241/ide/plugins/com.nxp.mcuxpresso.tools.win32_11.1.0.202001081728/tools/bin/../lib/gcc/arm-none-eabi/8.3.1/../../../../arm-none-eabi/lib/thumb/v6-m/nofp\libcr_semihost_nf.a(__sys_istty.o)
 .ARM.attributes
                0x000006c8       0x1c c:/nxp/mcuxpressoide_11.1.1_3241/ide/plugins/com.nxp.mcuxpresso.tools.win32_11.1.0.202001081728/tools/bin/../lib/gcc/arm-none-eabi/8.3.1/../../../../arm-none-eabi/lib/thumb/v6-m/nofp\libcr_semihost_nf.a(__sys_remove.o)
 .ARM.attributes
                0x000006e4       0x1c c:/nxp/mcuxpressoide_11.1.1_3241/ide/plugins/com.nxp.mcuxpresso.tools.win32_11.1.0.202001081728/tools/bin/../lib/gcc/arm-none-eabi/8.3.1/../../../../arm-none-eabi/lib/thumb/v6-m/nofp\libcr_semihost_nf.a(__sys_seek.o)
 .ARM.attributes
                0x00000700       0x1c c:/nxp/mcuxpressoide_11.1.1_3241/ide/plugins/com.nxp.mcuxpresso.tools.win32_11.1.0.202001081728/tools/bin/../lib/gcc/arm-none-eabi/8.3.1/../../../../arm-none-eabi/lib/thumb/v6-m/nofp\libcr_semihost_nf.a(__sys_tmpnam.o)
 .ARM.attributes
                0x0000071c       0x1c c:/nxp/mcuxpressoide_11.1.1_3241/ide/plugins/com.nxp.mcuxpresso.tools.win32_11.1.0.202001081728/tools/bin/../lib/gcc/arm-none-eabi/8.3.1/../../../../arm-none-eabi/lib/thumb/v6-m/nofp\libcr_semihost_nf.a(__sys_write.o)

.debug_frame    0x00000000      0xdc4
 .debug_frame   0x00000000      0x380 ./startup/startup_mke15z4.o
 .debug_frame   0x00000380       0x6c ./source/Brasil.o
 .debug_frame   0x000003ec       0x20 ./source/semihost_hardfault.o
 .debug_frame   0x0000040c      0x2f0 ./drivers/fsl_clock.o
 .debug_frame   0x000006fc      0x468 ./drivers/fsl_lpuart.o
 .debug_frame   0x00000b64       0x68 ./device/system_MKE15Z4.o
 .debug_frame   0x00000bcc       0xcc ./board/clock_config.o
 .debug_frame   0x00000c98       0xa4 ./board/peripherals.o
 .debug_frame   0x00000d3c       0x88 ./board/pin_mux.o

Cross Reference Table

Symbol                                            File
ADC0_DriverIRQHandler                             ./startup/startup_mke15z4.o
ADC0_IRQHandler                                   ./startup/startup_mke15z4.o
ADC12_Deinit                                      ./drivers/fsl_adc12.o
ADC12_DoAutoCalibration                           ./drivers/fsl_adc12.o
ADC12_GetChannelStatusFlags                       ./drivers/fsl_adc12.o
ADC12_GetDefaultConfig                            ./drivers/fsl_adc12.o
ADC12_GetStatusFlags                              ./drivers/fsl_adc12.o
ADC12_Init                                        ./drivers/fsl_adc12.o
ADC12_SetChannelConfig                            ./drivers/fsl_adc12.o
ADC12_SetHardwareAverage                          ./drivers/fsl_adc12.o
ADC12_SetHardwareCompareConfig                    ./drivers/fsl_adc12.o
BOARD_BootClockRUN                                ./board/clock_config.o
BOARD_InitBootClocks                              ./board/clock_config.o
                                                  ./source/Brasil.o
BOARD_InitBootPeripherals                         ./board/peripherals.o
                                                  ./source/Brasil.o
BOARD_InitBootPins                                ./board/pin_mux.o
                                                  ./source/Brasil.o
BOARD_InitDebugConsole                            ./board/board.o
BOARD_InitPeripherals                             ./board/peripherals.o
BOARD_InitPins                                    ./board/pin_mux.o
CLOCK_DeinitFirc                                  ./drivers/fsl_clock.o
CLOCK_DeinitLpFll                                 ./drivers/fsl_clock.o
CLOCK_DeinitSirc                                  ./drivers/fsl_clock.o
CLOCK_DeinitSysOsc                                ./drivers/fsl_clock.o
CLOCK_GetBusClkFreq                               ./drivers/fsl_clock.o
CLOCK_GetCoreSysClkFreq                           ./drivers/fsl_clock.o
CLOCK_GetErClkFreq                                ./drivers/fsl_clock.o
CLOCK_GetFircAsyncFreq                            ./drivers/fsl_clock.o
CLOCK_GetFircFreq                                 ./drivers/fsl_clock.o
CLOCK_GetFlashClkFreq                             ./drivers/fsl_clock.o
CLOCK_GetFreq                                     ./drivers/fsl_clock.o
CLOCK_GetIpFreq                                   ./drivers/fsl_clock.o
CLOCK_GetLpFllAsyncFreq                           ./drivers/fsl_clock.o
CLOCK_GetLpFllFreq                                ./drivers/fsl_clock.o
CLOCK_GetSircAsyncFreq                            ./drivers/fsl_clock.o
CLOCK_GetSircFreq                                 ./drivers/fsl_clock.o
CLOCK_GetSysClkFreq                               ./drivers/fsl_clock.o
CLOCK_GetSysOscAsyncFreq                          ./drivers/fsl_clock.o
CLOCK_GetSysOscFreq                               ./drivers/fsl_clock.o
CLOCK_InitFirc                                    ./drivers/fsl_clock.o
                                                  ./board/clock_config.o
CLOCK_InitLpFll                                   ./drivers/fsl_clock.o
CLOCK_InitSirc                                    ./drivers/fsl_clock.o
                                                  ./board/clock_config.o
CLOCK_InitSysOsc                                  ./drivers/fsl_clock.o
CMP0_DriverIRQHandler                             ./startup/startup_mke15z4.o
CMP0_IRQHandler                                   ./startup/startup_mke15z4.o
FGPIO_PinInit                                     ./drivers/fsl_gpio.o
FGPIO_PortClearInterruptFlags                     ./drivers/fsl_gpio.o
FGPIO_PortGetInterruptFlags                       ./drivers/fsl_gpio.o
FLASH_Erase                                       ./drivers/fsl_ftfx_flash.o
FLASH_EraseAll                                    ./drivers/fsl_ftfx_flash.o
FLASH_GetProperty                                 ./drivers/fsl_ftfx_flash.o
FLASH_GetSecurityState                            ./drivers/fsl_ftfx_flash.o
FLASH_Init                                        ./drivers/fsl_ftfx_flash.o
FLASH_IsExecuteOnly                               ./drivers/fsl_ftfx_flash.o
FLASH_IsProtected                                 ./drivers/fsl_ftfx_flash.o
FLASH_PflashGetProtection                         ./drivers/fsl_ftfx_flash.o
FLASH_PflashSetProtection                         ./drivers/fsl_ftfx_flash.o
FLASH_Program                                     ./drivers/fsl_ftfx_flash.o
FLASH_ReadResource                                ./drivers/fsl_ftfx_flash.o
FLASH_SecurityBypass                              ./drivers/fsl_ftfx_flash.o
FLASH_VerifyErase                                 ./drivers/fsl_ftfx_flash.o
FLASH_VerifyEraseAll                              ./drivers/fsl_ftfx_flash.o
FLASH_VerifyProgram                               ./drivers/fsl_ftfx_flash.o
FTFA_DriverIRQHandler                             ./startup/startup_mke15z4.o
FTFA_IRQHandler                                   ./startup/startup_mke15z4.o
FTFx_API_Init                                     ./drivers/fsl_ftfx_controller.o
                                                  ./drivers/fsl_ftfx_flash.o
FTFx_CACHE_ClearCachePrefetchSpeculation          ./drivers/fsl_ftfx_cache.o
FTFx_CACHE_Init                                   ./drivers/fsl_ftfx_cache.o
FTFx_CACHE_PflashGetPrefetchSpeculation           ./drivers/fsl_ftfx_cache.o
FTFx_CACHE_PflashSetPrefetchSpeculation           ./drivers/fsl_ftfx_cache.o
FTFx_CMD_Erase                                    ./drivers/fsl_ftfx_controller.o
                                                  ./drivers/fsl_ftfx_flash.o
FTFx_CMD_EraseAll                                 ./drivers/fsl_ftfx_controller.o
                                                  ./drivers/fsl_ftfx_flash.o
FTFx_CMD_EraseAllExecuteOnlySegments              ./drivers/fsl_ftfx_controller.o
FTFx_CMD_Program                                  ./drivers/fsl_ftfx_controller.o
                                                  ./drivers/fsl_ftfx_flash.o
FTFx_CMD_ProgramOnce                              ./drivers/fsl_ftfx_controller.o
FTFx_CMD_ReadOnce                                 ./drivers/fsl_ftfx_controller.o
FTFx_CMD_ReadResource                             ./drivers/fsl_ftfx_controller.o
                                                  ./drivers/fsl_ftfx_flash.o
FTFx_CMD_SecurityBypass                           ./drivers/fsl_ftfx_controller.o
                                                  ./drivers/fsl_ftfx_flash.o
FTFx_CMD_VerifyErase                              ./drivers/fsl_ftfx_controller.o
                                                  ./drivers/fsl_ftfx_flash.o
FTFx_CMD_VerifyEraseAll                           ./drivers/fsl_ftfx_controller.o
                                                  ./drivers/fsl_ftfx_flash.o
FTFx_CMD_VerifyEraseAllExecuteOnlySegments        ./drivers/fsl_ftfx_controller.o
FTFx_CMD_VerifyProgram                            ./drivers/fsl_ftfx_controller.o
                                                  ./drivers/fsl_ftfx_flash.o
FTFx_REG_GetSecurityState                         ./drivers/fsl_ftfx_controller.o
                                                  ./drivers/fsl_ftfx_flash.o
FTM0_DriverIRQHandler                             ./startup/startup_mke15z4.o
FTM0_IRQHandler                                   ./startup/startup_mke15z4.o
FTM1_DriverIRQHandler                             ./startup/startup_mke15z4.o
FTM1_IRQHandler                                   ./startup/startup_mke15z4.o
FTM_ClearStatusFlags                              ./drivers/fsl_ftm.o
FTM_Deinit                                        ./drivers/fsl_ftm.o
FTM_DisableInterrupts                             ./drivers/fsl_ftm.o
FTM_EnableInterrupts                              ./drivers/fsl_ftm.o
FTM_GetDefaultConfig                              ./drivers/fsl_ftm.o
FTM_GetEnabledInterrupts                          ./drivers/fsl_ftm.o
FTM_GetStatusFlags                                ./drivers/fsl_ftm.o
FTM_Init                                          ./drivers/fsl_ftm.o
FTM_SetupDualEdgeCapture                          ./drivers/fsl_ftm.o
FTM_SetupFault                                    ./drivers/fsl_ftm.o
FTM_SetupInputCapture                             ./drivers/fsl_ftm.o
FTM_SetupOutputCompare                            ./drivers/fsl_ftm.o
FTM_SetupPwm                                      ./drivers/fsl_ftm.o
FTM_SetupPwmMode                                  ./drivers/fsl_ftm.o
FTM_SetupQuadDecode                               ./drivers/fsl_ftm.o
FTM_UpdateChnlEdgeLevelSelect                     ./drivers/fsl_ftm.o
FTM_UpdatePwmDutycycle                            ./drivers/fsl_ftm.o
Flash_Config                                      ./startup/startup_mke15z4.o
GPIO_PinInit                                      ./drivers/fsl_gpio.o
GPIO_PortClearInterruptFlags                      ./drivers/fsl_gpio.o
GPIO_PortGetInterruptFlags                        ./drivers/fsl_gpio.o
HardFault_Handler                                 ./source/semihost_hardfault.o
                                                  ./startup/startup_mke15z4.o
IntDefaultHandler                                 ./startup/startup_mke15z4.o
LPI2C0_DriverIRQHandler                           ./startup/startup_mke15z4.o
LPI2C0_IRQHandler                                 ./startup/startup_mke15z4.o
LPIT0_DriverIRQHandler                            ./startup/startup_mke15z4.o
LPIT0_IRQHandler                                  ./startup/startup_mke15z4.o
LPSPI0_DriverIRQHandler                           ./startup/startup_mke15z4.o
LPSPI0_IRQHandler                                 ./startup/startup_mke15z4.o
LPUART0_DriverIRQHandler                          ./drivers/fsl_lpuart.o
                                                  ./startup/startup_mke15z4.o
LPUART0_IRQHandler                                ./source/Brasil.o
                                                  ./startup/startup_mke15z4.o
LPUART0_config                                    ./board/peripherals.o
LPUART0_init                                      ./board/peripherals.o
LPUART1_DriverIRQHandler                          ./drivers/fsl_lpuart.o
                                                  ./startup/startup_mke15z4.o
LPUART1_IRQHandler                                ./startup/startup_mke15z4.o
LPUART2_DriverIRQHandler                          ./drivers/fsl_lpuart.o
                                                  ./startup/startup_mke15z4.o
LPUART2_IRQHandler                                ./startup/startup_mke15z4.o
LPUART_ClearStatusFlags                           ./drivers/fsl_lpuart.o
LPUART_Deinit                                     ./drivers/fsl_lpuart.o
LPUART_DisableInterrupts                          ./drivers/fsl_lpuart.o
LPUART_EnableInterrupts                           ./drivers/fsl_lpuart.o
                                                  ./board/peripherals.o
LPUART_GetDefaultConfig                           ./drivers/fsl_lpuart.o
LPUART_GetEnabledInterrupts                       ./drivers/fsl_lpuart.o
LPUART_GetInstance                                ./drivers/fsl_lpuart.o
LPUART_GetStatusFlags                             ./drivers/fsl_lpuart.o
                                                  ./source/Brasil.o
LPUART_Init                                       ./drivers/fsl_lpuart.o
                                                  ./board/peripherals.o
LPUART_ReadBlocking                               ./drivers/fsl_lpuart.o
LPUART_SetBaudRate                                ./drivers/fsl_lpuart.o
LPUART_TransferAbortReceive                       ./drivers/fsl_lpuart.o
LPUART_TransferAbortSend                          ./drivers/fsl_lpuart.o
LPUART_TransferCreateHandle                       ./drivers/fsl_lpuart.o
LPUART_TransferGetReceiveCount                    ./drivers/fsl_lpuart.o
LPUART_TransferGetRxRingBufferLength              ./drivers/fsl_lpuart.o
LPUART_TransferGetSendCount                       ./drivers/fsl_lpuart.o
LPUART_TransferHandleErrorIRQ                     ./drivers/fsl_lpuart.o
LPUART_TransferHandleIRQ                          ./drivers/fsl_lpuart.o
LPUART_TransferReceiveNonBlocking                 ./drivers/fsl_lpuart.o
LPUART_TransferSendNonBlocking                    ./drivers/fsl_lpuart.o
LPUART_TransferStartRingBuffer                    ./drivers/fsl_lpuart.o
LPUART_TransferStopRingBuffer                     ./drivers/fsl_lpuart.o
LPUART_WriteBlocking                              ./drivers/fsl_lpuart.o
LVD_LVW_DriverIRQHandler                          ./startup/startup_mke15z4.o
LVD_LVW_IRQHandler                                ./startup/startup_mke15z4.o
NMI_Handler                                       ./startup/startup_mke15z4.o
PDB0_DriverIRQHandler                             ./startup/startup_mke15z4.o
PDB0_IRQHandler                                   ./startup/startup_mke15z4.o
PORTAE_DriverIRQHandler                           ./startup/startup_mke15z4.o
PORTAE_IRQHandler                                 ./startup/startup_mke15z4.o
PORTBCD_DriverIRQHandler                          ./startup/startup_mke15z4.o
PORTBCD_IRQHandler                                ./startup/startup_mke15z4.o
PWT_LPTMR0_DriverIRQHandler                       ./startup/startup_mke15z4.o
PWT_LPTMR0_IRQHandler                             ./startup/startup_mke15z4.o
PendSV_Handler                                    ./startup/startup_mke15z4.o
RTC_ClearStatusFlags                              ./drivers/fsl_rtc.o
RTC_DisableInterrupts                             ./drivers/fsl_rtc.o
RTC_DriverIRQHandler                              ./startup/startup_mke15z4.o
RTC_EnableInterrupts                              ./drivers/fsl_rtc.o
RTC_GetAlarm                                      ./drivers/fsl_rtc.o
RTC_GetDatetime                                   ./drivers/fsl_rtc.o
RTC_GetDefaultConfig                              ./drivers/fsl_rtc.o
RTC_GetEnabledInterrupts                          ./drivers/fsl_rtc.o
RTC_GetStatusFlags                                ./drivers/fsl_rtc.o
RTC_IRQHandler                                    ./startup/startup_mke15z4.o
RTC_Init                                          ./drivers/fsl_rtc.o
RTC_SetAlarm                                      ./drivers/fsl_rtc.o
RTC_SetDatetime                                   ./drivers/fsl_rtc.o
Reserved16_DriverIRQHandler                       ./startup/startup_mke15z4.o
Reserved16_IRQHandler                             ./startup/startup_mke15z4.o
Reserved17_DriverIRQHandler                       ./startup/startup_mke15z4.o
Reserved17_IRQHandler                             ./startup/startup_mke15z4.o
Reserved18_DriverIRQHandler                       ./startup/startup_mke15z4.o
Reserved18_IRQHandler                             ./startup/startup_mke15z4.o
Reserved19_DriverIRQHandler                       ./startup/startup_mke15z4.o
Reserved19_IRQHandler                             ./startup/startup_mke15z4.o
Reserved20_DriverIRQHandler                       ./startup/startup_mke15z4.o
Reserved20_IRQHandler                             ./startup/startup_mke15z4.o
Reserved25_DriverIRQHandler                       ./startup/startup_mke15z4.o
Reserved25_IRQHandler                             ./startup/startup_mke15z4.o
Reserved27_DriverIRQHandler                       ./startup/startup_mke15z4.o
Reserved27_IRQHandler                             ./startup/startup_mke15z4.o
Reserved35_DriverIRQHandler                       ./startup/startup_mke15z4.o
Reserved35_IRQHandler                             ./startup/startup_mke15z4.o
Reserved37_DriverIRQHandler                       ./startup/startup_mke15z4.o
Reserved37_IRQHandler                             ./startup/startup_mke15z4.o
Reserved39_DriverIRQHandler                       ./startup/startup_mke15z4.o
Reserved39_IRQHandler                             ./startup/startup_mke15z4.o
ResetISR                                          ./startup/startup_mke15z4.o
SCG_RCM_DriverIRQHandler                          ./startup/startup_mke15z4.o
SCG_RCM_IRQHandler                                ./startup/startup_mke15z4.o
SDK_Free                                          ./drivers/fsl_common.o
SDK_Malloc                                        ./drivers/fsl_common.o
SVC_Handler                                       ./startup/startup_mke15z4.o
SysTick_Handler                                   ./startup/startup_mke15z4.o
SystemCoreClock                                   ./device/system_MKE15Z4.o
                                                  ./board/clock_config.o
SystemCoreClockUpdate                             ./device/system_MKE15Z4.o
SystemInit                                        ./device/system_MKE15Z4.o
                                                  ./startup/startup_mke15z4.o
SystemInitHook                                    ./device/system_MKE15Z4.o
TSI_DriverIRQHandler                              ./startup/startup_mke15z4.o
TSI_IRQHandler                                    ./startup/startup_mke15z4.o
WDOG32_ClearStatusFlags                           ./drivers/fsl_wdog32.o
WDOG32_Deinit                                     ./drivers/fsl_wdog32.o
WDOG32_GetDefaultConfig                           ./drivers/fsl_wdog32.o
WDOG32_Init                                       ./drivers/fsl_wdog32.o
WDOG_EWM_DriverIRQHandler                         ./startup/startup_mke15z4.o
WDOG_EWM_IRQHandler                               ./startup/startup_mke15z4.o
_Csys_alloc                                       c:/nxp/mcuxpressoide_11.1.1_3241/ide/plugins/com.nxp.mcuxpresso.tools.win32_11.1.0.202001081728/tools/bin/../lib/gcc/arm-none-eabi/8.3.1/../../../../arm-none-eabi/lib/thumb/v6-m/nofp\libcr_c.a(alloc.o)
                                                  c:/nxp/mcuxpressoide_11.1.1_3241/ide/plugins/com.nxp.mcuxpresso.tools.win32_11.1.0.202001081728/tools/bin/../lib/gcc/arm-none-eabi/8.3.1/../../../../arm-none-eabi/lib/thumb/v6-m/nofp\libcr_c.a(_deferredlazyseek.o)
_Cwritebuf                                        c:/nxp/mcuxpressoide_11.1.1_3241/ide/plugins/com.nxp.mcuxpresso.tools.win32_11.1.0.202001081728/tools/bin/../lib/gcc/arm-none-eabi/8.3.1/../../../../arm-none-eabi/lib/thumb/v6-m/nofp\libcr_c.a(_writebuf.o)
                                                  c:/nxp/mcuxpressoide_11.1.1_3241/ide/plugins/com.nxp.mcuxpresso.tools.win32_11.1.0.202001081728/tools/bin/../lib/gcc/arm-none-eabi/8.3.1/../../../../arm-none-eabi/lib/thumb/v6-m/nofp\libcr_c.a(_fflush.o)
                                                  c:/nxp/mcuxpressoide_11.1.1_3241/ide/plugins/com.nxp.mcuxpresso.tools.win32_11.1.0.202001081728/tools/bin/../lib/gcc/arm-none-eabi/8.3.1/../../../../arm-none-eabi/lib/thumb/v6-m/nofp\libcr_c.a(_deferredlazyseek.o)
__CR_SEMIHOST                                     c:/nxp/mcuxpressoide_11.1.1_3241/ide/plugins/com.nxp.mcuxpresso.tools.win32_11.1.0.202001081728/tools/bin/../lib/gcc/arm-none-eabi/8.3.1/../../../../arm-none-eabi/lib/thumb/v6-m/nofp\libcr_semihost_nf.a(_cr__main.o)
__Ciob                                            c:/nxp/mcuxpressoide_11.1.1_3241/ide/plugins/com.nxp.mcuxpresso.tools.win32_11.1.0.202001081728/tools/bin/../lib/gcc/arm-none-eabi/8.3.1/../../../../arm-none-eabi/lib/thumb/v6-m/nofp\libcr_semihost_nf.a(__ciob.o)
                                                  c:/nxp/mcuxpressoide_11.1.1_3241/ide/plugins/com.nxp.mcuxpresso.tools.win32_11.1.0.202001081728/tools/bin/../lib/gcc/arm-none-eabi/8.3.1/../../../../arm-none-eabi/lib/thumb/v6-m/nofp\libcr_c.a(fflush.o)
                                                  c:/nxp/mcuxpressoide_11.1.1_3241/ide/plugins/com.nxp.mcuxpresso.tools.win32_11.1.0.202001081728/tools/bin/../lib/gcc/arm-none-eabi/8.3.1/../../../../arm-none-eabi/lib/thumb/v6-m/nofp\libcr_c.a(printf.o)
                                                  c:/nxp/mcuxpressoide_11.1.1_3241/ide/plugins/com.nxp.mcuxpresso.tools.win32_11.1.0.202001081728/tools/bin/../lib/gcc/arm-none-eabi/8.3.1/../../../../arm-none-eabi/lib/thumb/v6-m/nofp\libcr_c.a(initio.o)
                                                  c:/nxp/mcuxpressoide_11.1.1_3241/ide/plugins/com.nxp.mcuxpresso.tools.win32_11.1.0.202001081728/tools/bin/../lib/gcc/arm-none-eabi/8.3.1/../../../../arm-none-eabi/lib/thumb/v6-m/nofp\libcr_semihost_nf.a(_cr_assert.o)
__Vectors                                         ./startup/startup_mke15z4.o
__aeabi_idiv                                      c:/nxp/mcuxpressoide_11.1.1_3241/ide/plugins/com.nxp.mcuxpresso.tools.win32_11.1.0.202001081728/tools/bin/../lib/gcc/arm-none-eabi/8.3.1/thumb/v6-m/nofp\libcr_eabihelpers.a(division_32.o)
                                                  ./drivers/fsl_ftm.o
__aeabi_idiv0                                     c:/nxp/mcuxpressoide_11.1.1_3241/ide/plugins/com.nxp.mcuxpresso.tools.win32_11.1.0.202001081728/tools/bin/../lib/gcc/arm-none-eabi/8.3.1/thumb/v6-m/nofp\libcr_eabihelpers.a(division_idiv0.o)
                                                  c:/nxp/mcuxpressoide_11.1.1_3241/ide/plugins/com.nxp.mcuxpresso.tools.win32_11.1.0.202001081728/tools/bin/../lib/gcc/arm-none-eabi/8.3.1/thumb/v6-m/nofp\libcr_eabihelpers.a(division_32.o)
__aeabi_idivmod                                   c:/nxp/mcuxpressoide_11.1.1_3241/ide/plugins/com.nxp.mcuxpresso.tools.win32_11.1.0.202001081728/tools/bin/../lib/gcc/arm-none-eabi/8.3.1/thumb/v6-m/nofp\libcr_eabihelpers.a(division_32.o)
__aeabi_lasr                                      c:/nxp/mcuxpressoide_11.1.1_3241/ide/plugins/com.nxp.mcuxpresso.tools.win32_11.1.0.202001081728/tools/bin/../lib/gcc/arm-none-eabi/8.3.1/thumb/v6-m/nofp\libcr_eabihelpers.a(llong.o)
__aeabi_lcmp                                      c:/nxp/mcuxpressoide_11.1.1_3241/ide/plugins/com.nxp.mcuxpresso.tools.win32_11.1.0.202001081728/tools/bin/../lib/gcc/arm-none-eabi/8.3.1/thumb/v6-m/nofp\libcr_eabihelpers.a(llong.o)
__aeabi_llsl                                      c:/nxp/mcuxpressoide_11.1.1_3241/ide/plugins/com.nxp.mcuxpresso.tools.win32_11.1.0.202001081728/tools/bin/../lib/gcc/arm-none-eabi/8.3.1/thumb/v6-m/nofp\libcr_eabihelpers.a(llong.o)
__aeabi_llsr                                      c:/nxp/mcuxpressoide_11.1.1_3241/ide/plugins/com.nxp.mcuxpresso.tools.win32_11.1.0.202001081728/tools/bin/../lib/gcc/arm-none-eabi/8.3.1/thumb/v6-m/nofp\libcr_eabihelpers.a(llong.o)
__aeabi_lmul                                      c:/nxp/mcuxpressoide_11.1.1_3241/ide/plugins/com.nxp.mcuxpresso.tools.win32_11.1.0.202001081728/tools/bin/../lib/gcc/arm-none-eabi/8.3.1/thumb/v6-m/nofp\libcr_eabihelpers.a(llong.o)
                                                  c:/nxp/mcuxpressoide_11.1.1_3241/ide/plugins/com.nxp.mcuxpresso.tools.win32_11.1.0.202001081728/tools/bin/../lib/gcc/arm-none-eabi/8.3.1/../../../../arm-none-eabi/lib/thumb/v6-m/nofp\libcr_c.a(printf.o)
__aeabi_lowlevel_memset                           c:/nxp/mcuxpressoide_11.1.1_3241/ide/plugins/com.nxp.mcuxpresso.tools.win32_11.1.0.202001081728/tools/bin/../lib/gcc/arm-none-eabi/8.3.1/thumb/v6-m/nofp\libcr_eabihelpers.a(memcpy.o)
                                                  c:/nxp/mcuxpressoide_11.1.1_3241/ide/plugins/com.nxp.mcuxpresso.tools.win32_11.1.0.202001081728/tools/bin/../lib/gcc/arm-none-eabi/8.3.1/../../../../arm-none-eabi/lib/thumb/v6-m/nofp\libcr_c.a(memset.o)
__aeabi_memclr                                    c:/nxp/mcuxpressoide_11.1.1_3241/ide/plugins/com.nxp.mcuxpresso.tools.win32_11.1.0.202001081728/tools/bin/../lib/gcc/arm-none-eabi/8.3.1/thumb/v6-m/nofp\libcr_eabihelpers.a(memcpy.o)
__aeabi_memclr4                                   c:/nxp/mcuxpressoide_11.1.1_3241/ide/plugins/com.nxp.mcuxpresso.tools.win32_11.1.0.202001081728/tools/bin/../lib/gcc/arm-none-eabi/8.3.1/thumb/v6-m/nofp\libcr_eabihelpers.a(memcpy.o)
__aeabi_memclr8                                   c:/nxp/mcuxpressoide_11.1.1_3241/ide/plugins/com.nxp.mcuxpresso.tools.win32_11.1.0.202001081728/tools/bin/../lib/gcc/arm-none-eabi/8.3.1/thumb/v6-m/nofp\libcr_eabihelpers.a(memcpy.o)
__aeabi_memcpy                                    c:/nxp/mcuxpressoide_11.1.1_3241/ide/plugins/com.nxp.mcuxpresso.tools.win32_11.1.0.202001081728/tools/bin/../lib/gcc/arm-none-eabi/8.3.1/thumb/v6-m/nofp\libcr_eabihelpers.a(memcpy.o)
                                                  c:/nxp/mcuxpressoide_11.1.1_3241/ide/plugins/com.nxp.mcuxpresso.tools.win32_11.1.0.202001081728/tools/bin/../lib/gcc/arm-none-eabi/8.3.1/../../../../arm-none-eabi/lib/thumb/v6-m/nofp\libcr_c.a(memcpy.o)
__aeabi_memcpy4                                   c:/nxp/mcuxpressoide_11.1.1_3241/ide/plugins/com.nxp.mcuxpresso.tools.win32_11.1.0.202001081728/tools/bin/../lib/gcc/arm-none-eabi/8.3.1/thumb/v6-m/nofp\libcr_eabihelpers.a(memcpy.o)
__aeabi_memcpy8                                   c:/nxp/mcuxpressoide_11.1.1_3241/ide/plugins/com.nxp.mcuxpresso.tools.win32_11.1.0.202001081728/tools/bin/../lib/gcc/arm-none-eabi/8.3.1/thumb/v6-m/nofp\libcr_eabihelpers.a(memcpy.o)
__aeabi_memmove                                   c:/nxp/mcuxpressoide_11.1.1_3241/ide/plugins/com.nxp.mcuxpresso.tools.win32_11.1.0.202001081728/tools/bin/../lib/gcc/arm-none-eabi/8.3.1/thumb/v6-m/nofp\libcr_eabihelpers.a(memcpy.o)
__aeabi_memmove4                                  c:/nxp/mcuxpressoide_11.1.1_3241/ide/plugins/com.nxp.mcuxpresso.tools.win32_11.1.0.202001081728/tools/bin/../lib/gcc/arm-none-eabi/8.3.1/thumb/v6-m/nofp\libcr_eabihelpers.a(memcpy.o)
__aeabi_memmove8                                  c:/nxp/mcuxpressoide_11.1.1_3241/ide/plugins/com.nxp.mcuxpresso.tools.win32_11.1.0.202001081728/tools/bin/../lib/gcc/arm-none-eabi/8.3.1/thumb/v6-m/nofp\libcr_eabihelpers.a(memcpy.o)
__aeabi_memset                                    c:/nxp/mcuxpressoide_11.1.1_3241/ide/plugins/com.nxp.mcuxpresso.tools.win32_11.1.0.202001081728/tools/bin/../lib/gcc/arm-none-eabi/8.3.1/thumb/v6-m/nofp\libcr_eabihelpers.a(memcpy.o)
__aeabi_memset4                                   c:/nxp/mcuxpressoide_11.1.1_3241/ide/plugins/com.nxp.mcuxpresso.tools.win32_11.1.0.202001081728/tools/bin/../lib/gcc/arm-none-eabi/8.3.1/thumb/v6-m/nofp\libcr_eabihelpers.a(memcpy.o)
__aeabi_memset8                                   c:/nxp/mcuxpressoide_11.1.1_3241/ide/plugins/com.nxp.mcuxpresso.tools.win32_11.1.0.202001081728/tools/bin/../lib/gcc/arm-none-eabi/8.3.1/thumb/v6-m/nofp\libcr_eabihelpers.a(memcpy.o)
__aeabi_uidiv                                     c:/nxp/mcuxpressoide_11.1.1_3241/ide/plugins/com.nxp.mcuxpresso.tools.win32_11.1.0.202001081728/tools/bin/../lib/gcc/arm-none-eabi/8.3.1/thumb/v6-m/nofp\libcr_eabihelpers.a(division_32.o)
                                                  ./device/system_MKE15Z4.o
                                                  ./drivers/fsl_rtc.o
                                                  ./drivers/fsl_lpuart.o
                                                  ./drivers/fsl_ftm.o
                                                  ./drivers/fsl_ftfx_flash.o
                                                  ./drivers/fsl_ftfx_controller.o
                                                  ./drivers/fsl_clock.o
__aeabi_uidivmod                                  c:/nxp/mcuxpressoide_11.1.1_3241/ide/plugins/com.nxp.mcuxpresso.tools.win32_11.1.0.202001081728/tools/bin/../lib/gcc/arm-none-eabi/8.3.1/thumb/v6-m/nofp\libcr_eabihelpers.a(division_32.o)
                                                  ./drivers/fsl_rtc.o
                                                  ./drivers/fsl_ftfx_controller.o
__aeabi_ulcmp                                     c:/nxp/mcuxpressoide_11.1.1_3241/ide/plugins/com.nxp.mcuxpresso.tools.win32_11.1.0.202001081728/tools/bin/../lib/gcc/arm-none-eabi/8.3.1/thumb/v6-m/nofp\libcr_eabihelpers.a(llong.o)
__assertion_failed                                c:/nxp/mcuxpressoide_11.1.1_3241/ide/plugins/com.nxp.mcuxpresso.tools.win32_11.1.0.202001081728/tools/bin/../lib/gcc/arm-none-eabi/8.3.1/../../../../arm-none-eabi/lib/thumb/v6-m/nofp\libcr_semihost_nf.a(_cr_assert.o)
                                                  ./board/pin_mux.o
                                                  ./board/clock_config.o
                                                  ./drivers/fsl_wdog32.o
                                                  ./drivers/fsl_rtc.o
                                                  ./drivers/fsl_lpuart.o
                                                  ./drivers/fsl_gpio.o
                                                  ./drivers/fsl_ftm.o
                                                  ./drivers/fsl_clock.o
                                                  ./drivers/fsl_adc12.o
__bss_section_table_end                           ./startup/startup_mke15z4.o
__check_heap_overflow                             c:/nxp/mcuxpressoide_11.1.1_3241/ide/plugins/com.nxp.mcuxpresso.tools.win32_11.1.0.202001081728/tools/bin/../lib/gcc/arm-none-eabi/8.3.1/../../../../arm-none-eabi/lib/thumb/v6-m/nofp\libcr_c.a(_cr_check_heap.o)
                                                  c:/nxp/mcuxpressoide_11.1.1_3241/ide/plugins/com.nxp.mcuxpresso.tools.win32_11.1.0.202001081728/tools/bin/../lib/gcc/arm-none-eabi/8.3.1/../../../../arm-none-eabi/lib/thumb/v6-m/nofp\libcr_c.a(_cr_sbrk.o)
__data_section_table                              ./startup/startup_mke15z4.o
__data_section_table_end                          ./startup/startup_mke15z4.o
__end_of_heap                                     c:/nxp/mcuxpressoide_11.1.1_3241/ide/plugins/com.nxp.mcuxpresso.tools.win32_11.1.0.202001081728/tools/bin/../lib/gcc/arm-none-eabi/8.3.1/../../../../arm-none-eabi/lib/thumb/v6-m/nofp\libcr_c.a(__init_alloc.o)
                                                  c:/nxp/mcuxpressoide_11.1.1_3241/ide/plugins/com.nxp.mcuxpresso.tools.win32_11.1.0.202001081728/tools/bin/../lib/gcc/arm-none-eabi/8.3.1/../../../../arm-none-eabi/lib/thumb/v6-m/nofp\libcr_c.a(_cr_sbrk.o)
__exit                                            c:/nxp/mcuxpressoide_11.1.1_3241/ide/plugins/com.nxp.mcuxpresso.tools.win32_11.1.0.202001081728/tools/bin/../lib/gcc/arm-none-eabi/8.3.1/../../../../arm-none-eabi/lib/thumb/v6-m/nofp\libcr_semihost_nf.a(__sys_appexit.o)
__flsbuf                                          c:/nxp/mcuxpressoide_11.1.1_3241/ide/plugins/com.nxp.mcuxpresso.tools.win32_11.1.0.202001081728/tools/bin/../lib/gcc/arm-none-eabi/8.3.1/../../../../arm-none-eabi/lib/thumb/v6-m/nofp\libcr_c.a(_deferredlazyseek.o)
                                                  c:/nxp/mcuxpressoide_11.1.1_3241/ide/plugins/com.nxp.mcuxpresso.tools.win32_11.1.0.202001081728/tools/bin/../lib/gcc/arm-none-eabi/8.3.1/../../../../arm-none-eabi/lib/thumb/v6-m/nofp\libcr_c.a(printf.o)
                                                  c:/nxp/mcuxpressoide_11.1.1_3241/ide/plugins/com.nxp.mcuxpresso.tools.win32_11.1.0.202001081728/tools/bin/../lib/gcc/arm-none-eabi/8.3.1/../../../../arm-none-eabi/lib/thumb/v6-m/nofp\libcr_c.a(fputs.o)
                                                  c:/nxp/mcuxpressoide_11.1.1_3241/ide/plugins/com.nxp.mcuxpresso.tools.win32_11.1.0.202001081728/tools/bin/../lib/gcc/arm-none-eabi/8.3.1/../../../../arm-none-eabi/lib/thumb/v6-m/nofp\libcr_semihost_nf.a(_cr_assert.o)
__heaps                                           c:/nxp/mcuxpressoide_11.1.1_3241/ide/plugins/com.nxp.mcuxpresso.tools.win32_11.1.0.202001081728/tools/bin/../lib/gcc/arm-none-eabi/8.3.1/../../../../arm-none-eabi/lib/thumb/v6-m/nofp\libcr_c.a(__init_alloc.o)
                                                  c:/nxp/mcuxpressoide_11.1.1_3241/ide/plugins/com.nxp.mcuxpresso.tools.win32_11.1.0.202001081728/tools/bin/../lib/gcc/arm-none-eabi/8.3.1/../../../../arm-none-eabi/lib/thumb/v6-m/nofp\libcr_c.a(alloc.o)
__main                                            c:/nxp/mcuxpressoide_11.1.1_3241/ide/plugins/com.nxp.mcuxpresso.tools.win32_11.1.0.202001081728/tools/bin/../lib/gcc/arm-none-eabi/8.3.1/../../../../arm-none-eabi/lib/thumb/v6-m/nofp\libcr_semihost_nf.a(_cr__main.o)
                                                  ./startup/startup_mke15z4.o
__mtb_buffer__                                    ./source/mtb.o
__num_Ciob_streams                                c:/nxp/mcuxpressoide_11.1.1_3241/ide/plugins/com.nxp.mcuxpresso.tools.win32_11.1.0.202001081728/tools/bin/../lib/gcc/arm-none-eabi/8.3.1/../../../../arm-none-eabi/lib/thumb/v6-m/nofp\libcr_semihost_nf.a(__ciob.o)
                                                  c:/nxp/mcuxpressoide_11.1.1_3241/ide/plugins/com.nxp.mcuxpresso.tools.win32_11.1.0.202001081728/tools/bin/../lib/gcc/arm-none-eabi/8.3.1/../../../../arm-none-eabi/lib/thumb/v6-m/nofp\libcr_c.a(fflush.o)
                                                  c:/nxp/mcuxpressoide_11.1.1_3241/ide/plugins/com.nxp.mcuxpresso.tools.win32_11.1.0.202001081728/tools/bin/../lib/gcc/arm-none-eabi/8.3.1/../../../../arm-none-eabi/lib/thumb/v6-m/nofp\libcr_c.a(initio.o)
__sys_appexit                                     c:/nxp/mcuxpressoide_11.1.1_3241/ide/plugins/com.nxp.mcuxpresso.tools.win32_11.1.0.202001081728/tools/bin/../lib/gcc/arm-none-eabi/8.3.1/../../../../arm-none-eabi/lib/thumb/v6-m/nofp\libcr_semihost_nf.a(__sys_appexit.o)
                                                  c:/nxp/mcuxpressoide_11.1.1_3241/ide/plugins/com.nxp.mcuxpresso.tools.win32_11.1.0.202001081728/tools/bin/../lib/gcc/arm-none-eabi/8.3.1/../../../../arm-none-eabi/lib/thumb/v6-m/nofp\libcr_c.a(alloc.o)
                                                  c:/nxp/mcuxpressoide_11.1.1_3241/ide/plugins/com.nxp.mcuxpresso.tools.win32_11.1.0.202001081728/tools/bin/../lib/gcc/arm-none-eabi/8.3.1/../../../../arm-none-eabi/lib/thumb/v6-m/nofp\libcr_semihost_nf.a(_cr_assert.o)
__sys_close                                       c:/nxp/mcuxpressoide_11.1.1_3241/ide/plugins/com.nxp.mcuxpresso.tools.win32_11.1.0.202001081728/tools/bin/../lib/gcc/arm-none-eabi/8.3.1/../../../../arm-none-eabi/lib/thumb/v6-m/nofp\libcr_semihost_nf.a(__sys_close.o)
                                                  c:/nxp/mcuxpressoide_11.1.1_3241/ide/plugins/com.nxp.mcuxpresso.tools.win32_11.1.0.202001081728/tools/bin/../lib/gcc/arm-none-eabi/8.3.1/../../../../arm-none-eabi/lib/thumb/v6-m/nofp\libcr_c.a(fclose.o)
__sys_flen                                        c:/nxp/mcuxpressoide_11.1.1_3241/ide/plugins/com.nxp.mcuxpresso.tools.win32_11.1.0.202001081728/tools/bin/../lib/gcc/arm-none-eabi/8.3.1/../../../../arm-none-eabi/lib/thumb/v6-m/nofp\libcr_semihost_nf.a(__sys_flen.o)
                                                  c:/nxp/mcuxpressoide_11.1.1_3241/ide/plugins/com.nxp.mcuxpresso.tools.win32_11.1.0.202001081728/tools/bin/../lib/gcc/arm-none-eabi/8.3.1/../../../../arm-none-eabi/lib/thumb/v6-m/nofp\libcr_c.a(fseek.o)
                                                  c:/nxp/mcuxpressoide_11.1.1_3241/ide/plugins/com.nxp.mcuxpresso.tools.win32_11.1.0.202001081728/tools/bin/../lib/gcc/arm-none-eabi/8.3.1/../../../../arm-none-eabi/lib/thumb/v6-m/nofp\libcr_c.a(_writebuf.o)
__sys_istty                                       c:/nxp/mcuxpressoide_11.1.1_3241/ide/plugins/com.nxp.mcuxpresso.tools.win32_11.1.0.202001081728/tools/bin/../lib/gcc/arm-none-eabi/8.3.1/../../../../arm-none-eabi/lib/thumb/v6-m/nofp\libcr_semihost_nf.a(__sys_istty.o)