Archive member included to satisfy reference by file (symbol)

c:/nxp/mcuxpressoide_11.1.1_3241/ide/plugins/com.nxp.mcuxpresso.tools.win32_11.1.0.202001081728/tools/bin/../lib/gcc/arm-none-eabi/8.3.1/../../../../arm-none-eabi/lib/thumb/v6-m/nofp\libcr_semihost_nf.a(_cr__main.o)
                              ./startup/startup_mke15z4.o (__main)
c:/nxp/mcuxpressoide_11.1.1_3241/ide/plugins/com.nxp.mcuxpresso.tools.win32_11.1.0.202001081728/tools/bin/../lib/gcc/arm-none-eabi/8.3.1/../../../../arm-none-eabi/lib/thumb/v6-m/nofp\libcr_semihost_nf.a(_cr_assert.o)
                              ./drivers/fsl_adc12.o (__assertion_failed)
c:/nxp/mcuxpressoide_11.1.1_3241/ide/plugins/com.nxp.mcuxpresso.tools.win32_11.1.0.202001081728/tools/bin/../lib/gcc/arm-none-eabi/8.3.1/../../../../arm-none-eabi/lib/thumb/v6-m/nofp\libcr_semihost_nf.a(__ciob.o)
                              c:/nxp/mcuxpressoide_11.1.1_3241/ide/plugins/com.nxp.mcuxpresso.tools.win32_11.1.0.202001081728/tools/bin/../lib/gcc/arm-none-eabi/8.3.1/../../../../arm-none-eabi/lib/thumb/v6-m/nofp\libcr_semihost_nf.a(_cr_assert.o) (__Ciob)
c:/nxp/mcuxpressoide_11.1.1_3241/ide/plugins/com.nxp.mcuxpresso.tools.win32_11.1.0.202001081728/tools/bin/../lib/gcc/arm-none-eabi/8.3.1/../../../../arm-none-eabi/lib/thumb/v6-m/nofp\libcr_semihost_nf.a(__sys_appexit.o)
                              c:/nxp/mcuxpressoide_11.1.1_3241/ide/plugins/com.nxp.mcuxpresso.tools.win32_11.1.0.202001081728/tools/bin/../lib/gcc/arm-none-eabi/8.3.1/../../../../arm-none-eabi/lib/thumb/v6-m/nofp\libcr_semihost_nf.a(_cr_assert.o) (__sys_appexit)
c:/nxp/mcuxpressoide_11.1.1_3241/ide/plugins/com.nxp.mcuxpresso.tools.win32_11.1.0.202001081728/tools/bin/../lib/gcc/arm-none-eabi/8.3.1/../../../../arm-none-eabi/lib/thumb/v6-m/nofp\libcr_c.a(memcpy.o)
                              ./drivers/fsl_ftfx_cache.o (memcpy)
c:/nxp/mcuxpressoide_11.1.1_3241/ide/plugins/com.nxp.mcuxpresso.tools.win32_11.1.0.202001081728/tools/bin/../lib/gcc/arm-none-eabi/8.3.1/../../../../arm-none-eabi/lib/thumb/v6-m/nofp\libcr_c.a(memset.o)
                              ./drivers/fsl_adc12.o (memset)
c:/nxp/mcuxpressoide_11.1.1_3241/ide/plugins/com.nxp.mcuxpresso.tools.win32_11.1.0.202001081728/tools/bin/../lib/gcc/arm-none-eabi/8.3.1/../../../../arm-none-eabi/lib/thumb/v6-m/nofp\libcr_c.a(_deferredlazyseek.o)
                              c:/nxp/mcuxpressoide_11.1.1_3241/ide/plugins/com.nxp.mcuxpresso.tools.win32_11.1.0.202001081728/tools/bin/../lib/gcc/arm-none-eabi/8.3.1/../../../../arm-none-eabi/lib/thumb/v6-m/nofp\libcr_semihost_nf.a(_cr_assert.o) (__flsbuf)
c:/nxp/mcuxpressoide_11.1.1_3241/ide/plugins/com.nxp.mcuxpresso.tools.win32_11.1.0.202001081728/tools/bin/../lib/gcc/arm-none-eabi/8.3.1/../../../../arm-none-eabi/lib/thumb/v6-m/nofp\libcr_c.a(_fflush.o)
                              c:/nxp/mcuxpressoide_11.1.1_3241/ide/plugins/com.nxp.mcuxpresso.tools.win32_11.1.0.202001081728/tools/bin/../lib/gcc/arm-none-eabi/8.3.1/../../../../arm-none-eabi/lib/thumb/v6-m/nofp\libcr_c.a(_deferredlazyseek.o) (_fflush)
c:/nxp/mcuxpressoide_11.1.1_3241/ide/plugins/com.nxp.mcuxpresso.tools.win32_11.1.0.202001081728/tools/bin/../lib/gcc/arm-none-eabi/8.3.1/../../../../arm-none-eabi/lib/thumb/v6-m/nofp\libcr_c.a(_writebuf.o)
                              c:/nxp/mcuxpressoide_11.1.1_3241/ide/plugins/com.nxp.mcuxpresso.tools.win32_11.1.0.202001081728/tools/bin/../lib/gcc/arm-none-eabi/8.3.1/../../../../arm-none-eabi/lib/thumb/v6-m/nofp\libcr_c.a(_deferredlazyseek.o) (_Cwritebuf)
c:/nxp/mcuxpressoide_11.1.1_3241/ide/plugins/com.nxp.mcuxpresso.tools.win32_11.1.0.202001081728/tools/bin/../lib/gcc/arm-none-eabi/8.3.1/../../../../arm-none-eabi/lib/thumb/v6-m/nofp\libcr_c.a(alloc.o)
                              ./drivers/fsl_common.o (malloc)
c:/nxp/mcuxpressoide_11.1.1_3241/ide/plugins/com.nxp.mcuxpresso.tools.win32_11.1.0.202001081728/tools/bin/../lib/gcc/arm-none-eabi/8.3.1/../../../../arm-none-eabi/lib/thumb/v6-m/nofp\libcr_c.a(fputs.o)
                              c:/nxp/mcuxpressoide_11.1.1_3241/ide/plugins/com.nxp.mcuxpresso.tools.win32_11.1.0.202001081728/tools/bin/../lib/gcc/arm-none-eabi/8.3.1/../../../../arm-none-eabi/lib/thumb/v6-m/nofp\libcr_semihost_nf.a(_cr_assert.o) (fputs)
c:/nxp/mcuxpressoide_11.1.1_3241/ide/plugins/com.nxp.mcuxpresso.tools.win32_11.1.0.202001081728/tools/bin/../lib/gcc/arm-none-eabi/8.3.1/../../../../arm-none-eabi/lib/thumb/v6-m/nofp\libcr_c.a(fseek.o)
                              c:/nxp/mcuxpressoide_11.1.1_3241/ide/plugins/com.nxp.mcuxpresso.tools.win32_11.1.0.202001081728/tools/bin/../lib/gcc/arm-none-eabi/8.3.1/../../../../arm-none-eabi/lib/thumb/v6-m/nofp\libcr_c.a(_deferredlazyseek.o) (fseek)
c:/nxp/mcuxpressoide_11.1.1_3241/ide/plugins/com.nxp.mcuxpresso.tools.win32_11.1.0.202001081728/tools/bin/../lib/gcc/arm-none-eabi/8.3.1/../../../../arm-none-eabi/lib/thumb/v6-m/nofp\libcr_c.a(ftell.o)
[...]
Memory Configuration

Name             Origin             Length             Attributes
PROGRAM_FLASH    0x00000000         0x00008000         xr
SRAM             0x1ffffc00         0x00001000         xrw
*default*        0x00000000         0xffffffff

Linker script and memory map

LOAD ./startup/startup_mke15z4.o
LOAD ./source/Brasil.o
LOAD ./source/display.o
LOAD ./source/interrupcoes.o
LOAD ./source/mtb.o
LOAD ./source/semihost_hardfault.o
LOAD ./drivers/fsl_adc12.o
LOAD ./drivers/fsl_clock.o
LOAD ./drivers/fsl_common.o
LOAD ./drivers/fsl_ftfx_cache.o
LOAD ./drivers/fsl_ftfx_controller.o
LOAD ./drivers/fsl_ftfx_flash.o
LOAD ./drivers/fsl_ftfx_flexnvm.o
LOAD ./drivers/fsl_ftm.o
LOAD ./drivers/fsl_gpio.o
LOAD ./drivers/fsl_lpuart.o
LOAD ./drivers/fsl_rtc.o
LOAD ./drivers/fsl_wdog32.o
LOAD ./device/system_MKE15Z4.o
LOAD ./board/board.o
LOAD ./board/clock_config.o
LOAD ./board/peripherals.o
LOAD ./board/pin_mux.o
START GROUP
LOAD c:/nxp/mcuxpressoide_11.1.1_3241/ide/plugins/com.nxp.mcuxpresso.tools.win32_11.1.0.202001081728/tools/bin/../lib/gcc/arm-none-eabi/8.3.1/../../../../arm-none-eabi/lib/thumb/v6-m/nofp\libcr_semihost_nf.a
LOAD c:/nxp/mcuxpressoide_11.1.1_3241/ide/plugins/com.nxp.mcuxpresso.tools.win32_11.1.0.202001081728/tools/bin/../lib/gcc/arm-none-eabi/8.3.1/../../../../arm-none-eabi/lib/thumb/v6-m/nofp\libcr_c.a
LOAD c:/nxp/mcuxpressoide_11.1.1_3241/ide/plugins/com.nxp.mcuxpresso.tools.win32_11.1.0.202001081728/tools/bin/../lib/gcc/arm-none-eabi/8.3.1/thumb/v6-m/nofp\libcr_eabihelpers.a
LOAD c:/nxp/mcuxpressoide_11.1.1_3241/ide/plugins/com.nxp.mcuxpresso.tools.win32_11.1.0.202001081728/tools/bin/../lib/gcc/arm-none-eabi/8.3.1/thumb/v6-m/nofp\libgcc.a
END GROUP
                0x00000000                __base_PROGRAM_FLASH = 0x0
                0x00000000                __base_Flash = 0x0
                0x00008000                __top_PROGRAM_FLASH = 0x8000
                0x00008000                __top_Flash = 0x8000
                0x1ffffc00                __base_SRAM = 0x1ffffc00
                0x1ffffc00                __base_RAM = 0x1ffffc00
                0x20000c00                __top_SRAM = 0x20000c00
                0x20000c00                __top_RAM = 0x20000c00

.text           0x00000000     0x3964
 FILL mask 0xff
                0x00000000                __vectors_start__ = ABSOLUTE (.)
 *(SORT_BY_ALIGNMENT(.isr_vector))
 .isr_vector    0x00000000       0xb8 ./startup/startup_mke15z4.o
                0x00000000                g_pfnVectors
                0x00000000                __Vectors
                0x000000b8                . = ALIGN (0x4)
                0x000000b8                __section_table_start = .
                0x000000b8                __data_section_table = .
                0x000000b8        0x4 LONG 0x3964 LOADADDR (.data)
                0x000000bc        0x4 LONG 0x1ffffc80 ADDR (.data)
                0x000000c0        0x4 LONG 0x8 SIZEOF (.data)
                0x000000c4                __data_section_table_end = .
                0x000000c4                __bss_section_table = .
                0x000000c4        0x4 LONG 0x1ffffc88 ADDR (.bss)
                0x000000c8        0x4 LONG 0xfc SIZEOF (.bss)
                0x000000cc                __bss_section_table_end = .
                0x000000cc                __section_table_end = .
 *(SORT_BY_ALIGNMENT(.after_vectors*))
 .after_vectors.reset
                0x000000cc       0x4c ./startup/startup_mke15z4.o
                0x000000cc                ResetISR
 .after_vectors.init_data
                0x00000118       0x12 ./startup/startup_mke15z4.o
                0x00000118                data_init
 .after_vectors.init_bss
                0x0000012a       0x10 ./startup/startup_mke15z4.o
                0x0000012a                bss_init
 .after_vectors
                0x0000013a       0xfc ./startup/startup_mke15z4.o
                0x0000013a                NMI_Handler
                0x0000013e                SVC_Handler
                0x00000140                PendSV_Handler
                0x00000142                SysTick_Handler
                0x00000144                Reserved37_DriverIRQHandler
                0x00000144                Reserved39_DriverIRQHandler
                0x00000144                Reserved35_DriverIRQHandler
                0x00000144                FTM1_DriverIRQHandler
                0x00000144                LPI2C0_DriverIRQHandler
                0x00000144                CMP0_DriverIRQHandler
                0x00000144                ADC0_DriverIRQHandler
                0x00000144                Reserved27_DriverIRQHandler
                0x00000144                PWT_LPTMR0_DriverIRQHandler
                0x00000144                PORTBCD_DriverIRQHandler
                0x00000144                LPIT0_DriverIRQHandler
                0x00000144                Reserved16_DriverIRQHandler
                0x00000144                Reserved17_DriverIRQHandler
                0x00000144                Reserved20_DriverIRQHandler
                0x00000144                TSI_DriverIRQHandler
                0x00000144                FTFA_DriverIRQHandler
                0x00000144                FTM0_DriverIRQHandler
                0x00000144                IntDefaultHandler
                0x00000144                PORTAE_DriverIRQHandler
                0x00000144                SCG_RCM_DriverIRQHandler
                0x00000144                Reserved25_DriverIRQHandler
                0x00000144                LVD_LVW_DriverIRQHandler
                0x00000144                Reserved19_DriverIRQHandler
                0x00000144                RTC_DriverIRQHandler
                0x00000144                LPSPI0_DriverIRQHandler
                0x00000144                PDB0_DriverIRQHandler
                0x00000144                WDOG_EWM_DriverIRQHandler
                0x00000144                Reserved18_DriverIRQHandler
                0x00000146                Reserved16_IRQHandler
                0x0000014e                Reserved17_IRQHandler
                0x00000156                Reserved18_IRQHandler
                0x0000015e                Reserved19_IRQHandler
                0x00000166                Reserved20_IRQHandler
                0x0000016e                FTFA_IRQHandler
                0x00000176                LVD_LVW_IRQHandler
                0x0000017e                PORTAE_IRQHandler
                0x00000186                LPI2C0_IRQHandler
                0x0000018e                Reserved25_IRQHandler
                0x00000196                LPSPI0_IRQHandler
                0x0000019e                Reserved27_IRQHandler
                0x000001ae                LPUART1_IRQHandler
                0x000001b6                LPUART2_IRQHandler
                0x000001be                ADC0_IRQHandler
                0x000001c6                CMP0_IRQHandler
                0x000001ce                FTM0_IRQHandler
                0x000001d6                FTM1_IRQHandler
                0x000001de                Reserved35_IRQHandler
                0x000001e6                RTC_IRQHandler
                0x000001ee                Reserved37_IRQHandler
                0x000001f6                LPIT0_IRQHandler
                0x000001fe                Reserved39_IRQHandler
                0x00000206                TSI_IRQHandler
                0x0000020e                PDB0_IRQHandler
                0x00000216                PORTBCD_IRQHandler
                0x0000021e                SCG_RCM_IRQHandler
                0x00000226                WDOG_EWM_IRQHandler
                0x0000022e                PWT_LPTMR0_IRQHandler
                0x00000400                . = 0x400
 *fill*         0x00000236      0x1ca ff
                0x00000400                PROVIDE (__FLASH_CONFIG_START__ = .)
 *(SORT_BY_ALIGNMENT(.FlashConfig))
 .FlashConfig   0x00000400       0x10 ./startup/startup_mke15z4.o
                0x00000400                Flash_Config
                0x00000410                PROVIDE (__FLASH_CONFIG_END__ = .)
                0x00000001                ASSERT (! ((__FLASH_CONFIG_START__ == __FLASH_CONFIG_END__)), Linker Flash Config Support Enabled, but no .FlashConfig section provided within application)
 *(SORT_BY_ALIGNMENT(.text*))
 .text.main     0x00000410       0x38 ./source/Brasil.o
                0x00000410                main
 .text.screen   0x00000448       0x44 ./source/Brasil.o
                0x00000448                screen
 .text.telaUm   0x0000048c       0x40 ./source/Brasil.o
                0x0000048c                telaUm
 .text.telaMenu
                0x000004cc       0x24 ./source/Brasil.o
                0x000004cc                telaMenu
 .text.telaCalendario
                0x000004f0       0x24 ./source/Brasil.o
                0x000004f0                telaCalendario
 .text.telaSenha
                0x00000514       0x2c ./source/Brasil.o
                0x00000514                telaSenha
 .text.telaSistemInfo
                0x00000540       0x24 ./source/Brasil.o
                0x00000540                telaSistemInfo
 .text.executaFuncao
                0x00000564       0x60 ./source/display.o
                0x00000564                executaFuncao
 .text.go_tela  0x000005c4       0x68 ./source/display.o
                0x000005c4                go_tela
 .text.requisicao_f80
                0x0000062c       0xd4 ./source/display.o
                0x0000062c                requisicao_f80
 .text.requisicao_f81
                0x00000700       0xac ./source/display.o
                0x00000700                requisicao_f81
 .text.requisicao_f82
                0x000007ac       0xb8 ./source/display.o
                0x000007ac                requisicao_f82
 .text.LPUART0_IRQHandler
                0x00000864      0x130 ./source/interrupcoes.o
                0x00000864                LPUART0_IRQHandler
 .text.ftm_init
                0x00000994       0x78 ./source/interrupcoes.o
                0x00000994                ftm_init
 .text.set_dutycycle
                0x00000a0c       0x8c ./source/interrupcoes.o
                0x00000a0c                set_dutycycle
 .text.delay    0x00000a98       0x2c ./source/interrupcoes.o
                0x00000a98                delay
 .text.HardFault_Handler
                0x00000ac4       0x30 ./source/semihost_hardfault.o
                0x00000ac4                HardFault_Handler
 .text.CLOCK_GetCurSysClkConfig
                0x00000af4       0x30 ./drivers/fsl_clock.o
 .text.CLOCK_GetErClkFreq
                0x00000b24       0x3c ./drivers/fsl_clock.o
                0x00000b24                CLOCK_GetErClkFreq
 .text.CLOCK_GetFreq
                0x00000b60       0xb4 ./drivers/fsl_clock.o
                0x00000b60                CLOCK_GetFreq
 .text.CLOCK_GetSysOscFreq
                0x00000c14       0x40 ./drivers/fsl_clock.o
                0x00000c14                CLOCK_GetSysOscFreq
 .text.CLOCK_GetSysOscAsyncFreq
                0x00000c54       0x74 ./drivers/fsl_clock.o
                0x00000c54                CLOCK_GetSysOscAsyncFreq
 .text.CLOCK_InitSirc
                0x00000cc8       0x90 ./drivers/fsl_clock.o
                0x00000cc8                CLOCK_InitSirc
 .text.CLOCK_DeinitSirc
                0x00000d58       0x48 ./drivers/fsl_clock.o
                0x00000d58                CLOCK_DeinitSirc
 .text.CLOCK_GetSircFreq
                0x00000da0       0x38 ./drivers/fsl_clock.o
                0x00000da0                CLOCK_GetSircFreq
 .text.CLOCK_GetSircAsyncFreq
                0x00000dd8       0x74 ./drivers/fsl_clock.o
                0x00000dd8                CLOCK_GetSircAsyncFreq
 .text.CLOCK_InitFirc
                0x00000e4c      0x11c ./drivers/fsl_clock.o
                0x00000e4c                CLOCK_InitFirc
 .text.CLOCK_DeinitFirc
                0x00000f68       0x4c ./drivers/fsl_clock.o
                0x00000f68                CLOCK_DeinitFirc
 .text.CLOCK_GetFircFreq
                0x00000fb4       0x38 ./drivers/fsl_clock.o
                0x00000fb4                CLOCK_GetFircFreq
 .text.CLOCK_GetFircAsyncFreq
                0x00000fec       0x74 ./drivers/fsl_clock.o
                0x00000fec                CLOCK_GetFircAsyncFreq
 .text.CLOCK_InitLpFll
                0x00001060      0x148 ./drivers/fsl_clock.o
                0x00001060                CLOCK_InitLpFll
 .text.CLOCK_DeinitLpFll
                0x000011a8       0x4c ./drivers/fsl_clock.o
                0x000011a8                CLOCK_DeinitLpFll
 .text.CLOCK_GetLpFllFreq
                0x000011f4       0x38 ./drivers/fsl_clock.o
                0x000011f4                CLOCK_GetLpFllFreq
 .text.CLOCK_GetLpFllAsyncFreq
                0x0000122c       0x74 ./drivers/fsl_clock.o
                0x0000122c                CLOCK_GetLpFllAsyncFreq
 .text.CLOCK_EnableClock
                0x000012a0       0x34 ./drivers/fsl_ftm.o
 .text.FTM_GetInstance
                0x000012d4       0x54 ./drivers/fsl_ftm.o
 .text.FTM_SetPwmSync
                0x00001328      0x104 ./drivers/fsl_ftm.o
 .text.FTM_SetReloadPoints
                0x0000142c      0x144 ./drivers/fsl_ftm.o
 .text.FTM_Init
                0x00001570      0x138 ./drivers/fsl_ftm.o
                0x00001570                FTM_Init
 .text.FTM_GetDefaultConfig
                0x000016a8       0x78 ./drivers/fsl_ftm.o
                0x000016a8                FTM_GetDefaultConfig
 .text.FTM_SetupPwm
                0x00001720      0x380 ./drivers/fsl_ftm.o
                0x00001720                FTM_SetupPwm
 .text.FTM_UpdatePwmDutycycle
                0x00001aa0      0x134 ./drivers/fsl_ftm.o
                0x00001aa0                FTM_UpdatePwmDutycycle
 .text.GPIO_PinInit
                0x00001bd4       0x64 ./drivers/fsl_gpio.o
                0x00001bd4                GPIO_PinInit
 .text.CLOCK_EnableClock
                0x00001c38       0x34 ./drivers/fsl_lpuart.o
 .text.LPUART_GetInstance
                0x00001c6c       0x4c ./drivers/fsl_lpuart.o
                0x00001c6c                LPUART_GetInstance
 .text.LPUART_Init
                0x00001cb8      0x364 ./drivers/fsl_lpuart.o
                0x00001cb8                LPUART_Init
 .text.LPUART_EnableInterrupts
                0x0000201c       0x58 ./drivers/fsl_lpuart.o
                0x0000201c                LPUART_EnableInterrupts
 .text.LPUART_WriteBlocking
                0x00002074       0x5c ./drivers/fsl_lpuart.o
                0x00002074                LPUART_WriteBlocking
 .text.LPUART0_DriverIRQHandler
                0x000020d0       0x24 ./drivers/fsl_lpuart.o
                0x000020d0                LPUART0_DriverIRQHandler
 .text.LPUART1_DriverIRQHandler
                0x000020f4       0x24 ./drivers/fsl_lpuart.o
                0x000020f4                LPUART1_DriverIRQHandler
 .text.LPUART2_DriverIRQHandler
                0x00002118       0x24 ./drivers/fsl_lpuart.o
                0x00002118                LPUART2_DriverIRQHandler
 .text.SystemInit
                0x0000213c       0x38 ./device/system_MKE15Z4.o
                0x0000213c                SystemInit
 .text.CLOCK_SetIpSrc
                0x00002174       0x5c ./board/clock_config.o
 .text.CLOCK_SetRunModeSysClkConfig
                0x000021d0       0x30 ./board/clock_config.o
 .text.CLOCK_GetCurSysClkConfig
                0x00002200       0x30 ./board/clock_config.o
 .text.CLOCK_CONFIG_FircSafeConfig
                0x00002230       0xc4 ./board/clock_config.o
 .text.BOARD_BootClockRUN
                0x000022f4       0x9c ./board/clock_config.o
                0x000022f4                BOARD_BootClockRUN
 .text.__NVIC_EnableIRQ
                0x00002390       0x34 ./board/peripherals.o
 .text.__NVIC_SetPriority
                0x000023c4       0xdc ./board/peripherals.o
 .text.LPUART0_init
                0x000024a0       0x40 ./board/peripherals.o
                0x000024a0                LPUART0_init
 .text.CLOCK_EnableClock
                0x000024e0       0x34 ./board/pin_mux.o
 .text.PORT_SetPinMux
                0x00002514       0x40 ./board/pin_mux.o
 .text.BOARD_InitPins
                0x00002554       0x7c ./board/pin_mux.o
                0x00002554                BOARD_InitPins
 .text.__assertion_failed
                0x000025d0       0x4c c:/nxp/mcuxpressoide_11.1.1_3241/ide/plugins/com.nxp.mcuxpresso.tools.win32_11.1.0.202001081728/tools/bin/../lib/gcc/arm-none-eabi/8.3.1/../../../../arm-none-eabi/lib/thumb/v6-m/nofp\libcr_semihost_nf.a(_cr_assert.o)
                0x000025d0                __assertion_failed
 .text.__sys_appexit
                0x0000261c        0xc c:/nxp/mcuxpressoide_11.1.1_3241/ide/plugins/com.nxp.mcuxpresso.tools.win32_11.1.0.202001081728/tools/bin/../lib/gcc/arm-none-eabi/8.3.1/../../../../arm-none-eabi/lib/thumb/v6-m/nofp\libcr_semihost_nf.a(__sys_appexit.o)
                0x0000261c                __sys_appexit
                0x0000261c                __exit
 .text._deferredlazyseek
                0x00002628       0x40 c:/nxp/mcuxpressoide_11.1.1_3241/ide/plugins/com.nxp.mcuxpresso.tools.win32_11.1.0.202001081728/tools/bin/../lib/gcc/arm-none-eabi/8.3.1/../../../../arm-none-eabi/lib/thumb/v6-m/nofp\libcr_c.a(_deferredlazyseek.o)
                0x00002628                _deferredlazyseek
 .text.__flsbuf
                0x00002668      0x14c c:/nxp/mcuxpressoide_11.1.1_3241/ide/plugins/com.nxp.mcuxpresso.tools.win32_11.1.0.202001081728/tools/bin/../lib/gcc/arm-none-eabi/8.3.1/../../../../arm-none-eabi/lib/thumb/v6-m/nofp\libcr_c.a(_deferredlazyseek.o)
                0x00002668                __flsbuf
 .text._fflush  0x000027b4       0x5c c:/nxp/mcuxpressoide_11.1.1_3241/ide/plugins/com.nxp.mcuxpresso.tools.win32_11.1.0.202001081728/tools/bin/../lib/gcc/arm-none-eabi/8.3.1/../../../../arm-none-eabi/lib/thumb/v6-m/nofp\libcr_c.a(_fflush.o)
                0x000027b4                _fflush
 .text._Cwritebuf
                0x00002810       0x68 c:/nxp/mcuxpressoide_11.1.1_3241/ide/plugins/com.nxp.mcuxpresso.tools.win32_11.1.0.202001081728/tools/bin/../lib/gcc/arm-none-eabi/8.3.1/../../../../arm-none-eabi/lib/thumb/v6-m/nofp\libcr_c.a(_writebuf.o)
                0x00002810                _Cwritebuf
 .text.malloc   0x00002878       0xcc c:/nxp/mcuxpressoide_11.1.1_3241/ide/plugins/com.nxp.mcuxpresso.tools.win32_11.1.0.202001081728/tools/bin/../lib/gcc/arm-none-eabi/8.3.1/../../../../arm-none-eabi/lib/thumb/v6-m/nofp\libcr_c.a(alloc.o)
                0x00002878                malloc
 .text._Csys_alloc
                0x00002944       0x20 c:/nxp/mcuxpressoide_11.1.1_3241/ide/plugins/com.nxp.mcuxpresso.tools.win32_11.1.0.202001081728/tools/bin/../lib/gcc/arm-none-eabi/8.3.1/../../../../arm-none-eabi/lib/thumb/v6-m/nofp\libcr_c.a(alloc.o)
                0x00002944                _Csys_alloc
 .text.fseek    0x00002964       0xf0 c:/nxp/mcuxpressoide_11.1.1_3241/ide/plugins/com.nxp.mcuxpresso.tools.win32_11.1.0.202001081728/tools/bin/../lib/gcc/arm-none-eabi/8.3.1/../../../../arm-none-eabi/lib/thumb/v6-m/nofp\libcr_c.a(fseek.o)
                0x00002964                fseek
 .text.ftell    0x00002a54       0x48 c:/nxp/mcuxpressoide_11.1.1_3241/ide/plugins/com.nxp.mcuxpresso.tools.win32_11.1.0.202001081728/tools/bin/../lib/gcc/arm-none-eabi/8.3.1/../../../../arm-none-eabi/lib/thumb/v6-m/nofp\libcr_c.a(ftell.o)
                0x00002a54                ftell
 .text._initio  0x00002a9c       0x7c c:/nxp/mcuxpressoide_11.1.1_3241/ide/plugins/com.nxp.mcuxpresso.tools.win32_11.1.0.202001081728/tools/bin/../lib/gcc/arm-none-eabi/8.3.1/../../../../arm-none-eabi/lib/thumb/v6-m/nofp\libcr_c.a(initio.o)
                0x00002a9c                _initio
 .text.setvbuf  0x00002b18       0x4c c:/nxp/mcuxpressoide_11.1.1_3241/ide/plugins/com.nxp.mcuxpresso.tools.win32_11.1.0.202001081728/tools/bin/../lib/gcc/arm-none-eabi/8.3.1/../../../../arm-none-eabi/lib/thumb/v6-m/nofp\libcr_c.a(setvbuf.o)
                0x00002b18                setvbuf
 .text._sbrk    0x00002b64       0x40 c:/nxp/mcuxpressoide_11.1.1_3241/ide/plugins/com.nxp.mcuxpresso.tools.win32_11.1.0.202001081728/tools/bin/../lib/gcc/arm-none-eabi/8.3.1/../../../../arm-none-eabi/lib/thumb/v6-m/nofp\libcr_c.a(_cr_sbrk.o)
                0x00002b64                _sbrk
 .text._fdopen  0x00002ba4       0x74 c:/nxp/mcuxpressoide_11.1.1_3241/ide/plugins/com.nxp.mcuxpresso.tools.win32_11.1.0.202001081728/tools/bin/../lib/gcc/arm-none-eabi/8.3.1/../../../../arm-none-eabi/lib/thumb/v6-m/nofp\libcr_c.a(_fdopen.o)
                0x00002ba4                _fdopen
 .text.fclose   0x00002c18       0x5c c:/nxp/mcuxpressoide_11.1.1_3241/ide/plugins/com.nxp.mcuxpresso.tools.win32_11.1.0.202001081728/tools/bin/../lib/gcc/arm-none-eabi/8.3.1/../../../../arm-none-eabi/lib/thumb/v6-m/nofp\libcr_c.a(fclose.o)
                0x00002c18                fclose
 .text.fflush   0x00002c74       0x44 c:/nxp/mcuxpressoide_11.1.1_3241/ide/plugins/com.nxp.mcuxpresso.tools.win32_11.1.0.202001081728/tools/bin/../lib/gcc/arm-none-eabi/8.3.1/../../../../arm-none-eabi/lib/thumb/v6-m/nofp\libcr_c.a(fflush.o)
                0x00002c74                fflush
 .text.strlen   0x00002cb8       0x58 c:/nxp/mcuxpressoide_11.1.1_3241/ide/plugins/com.nxp.mcuxpresso.tools.win32_11.1.0.202001081728/tools/bin/../lib/gcc/arm-none-eabi/8.3.1/../../../../arm-none-eabi/lib/thumb/v6-m/nofp\libcr_c.a(strlen.o)
                0x00002cb8                strlen
 .text.__check_heap_overflow
                0x00002d10       0x14 c:/nxp/mcuxpressoide_11.1.1_3241/ide/plugins/com.nxp.mcuxpresso.tools.win32_11.1.0.202001081728/tools/bin/../lib/gcc/arm-none-eabi/8.3.1/../../../../arm-none-eabi/lib/thumb/v6-m/nofp\libcr_c.a(_cr_check_heap.o)
                0x00002d10                __check_heap_overflow
 .text._do_fflush
                0x00002d24       0x44 c:/nxp/mcuxpressoide_11.1.1_3241/ide/plugins/com.nxp.mcuxpresso.tools.win32_11.1.0.202001081728/tools/bin/../lib/gcc/arm-none-eabi/8.3.1/../../../../arm-none-eabi/lib/thumb/v6-m/nofp\libcr_c.a(_do_fflush.o)
                0x00002d24                _do_fflush
 .text.leituraDisplay
                0x00002d68       0x62 ./source/display.o
                0x00002d68                leituraDisplay
 .text.LPUART_ReadByte
                0x00002dca       0x6a ./source/interrupcoes.o
 .text.FTM_StartTimer
                0x00002e34       0x3a ./source/interrupcoes.o
 .text.FTM_SetSoftwareTrigger
                0x00002e6e       0x3a ./source/interrupcoes.o
 .text.CLOCK_GetSysClkFreq
                0x00002ea8       0xac ./drivers/fsl_clock.o
                0x00002ea8                CLOCK_GetSysClkFreq
 .text.FTM_SetPwmOutputEnable
                0x00002f54       0x58 ./drivers/fsl_ftm.o
 .text.FTM_UpdateChnlEdgeLevelSelect
                0x00002fac       0x5c ./drivers/fsl_ftm.o
                0x00002fac                FTM_UpdateChnlEdgeLevelSelect
 .text.GPIO_PinWrite
                0x00003008       0x34 ./drivers/fsl_gpio.o
 .text.LPUART_SoftwareReset
                0x0000303c       0x2a ./drivers/fsl_lpuart.o
 .text.LPUART_GetStatusFlags
                0x00003066       0x28 ./drivers/fsl_lpuart.o
                0x00003066                LPUART_GetStatusFlags
 .text.SystemInitHook
                0x0000308e        0xa ./device/system_MKE15Z4.o
                0x0000308e                SystemInitHook
 .text.BOARD_InitBootClocks
                0x00003098        0xe ./board/clock_config.o
                0x00003098                BOARD_InitBootClocks
 .text.EnableIRQ
                0x000030a6       0x30 ./board/peripherals.o
 .text.GPIOE_init
                0x000030d6        0xa ./board/peripherals.o
                0x000030d6                GPIOE_init
 .text.BOARD_InitPeripherals
                0x000030e0       0x12 ./board/peripherals.o
                0x000030e0                BOARD_InitPeripherals
 .text.BOARD_InitBootPeripherals
                0x000030f2        0xe ./board/peripherals.o
                0x000030f2                BOARD_InitBootPeripherals
 .text.BOARD_InitBootPins
                0x00003100        0xe ./board/pin_mux.o
                0x00003100                BOARD_InitBootPins
 .text.__main   0x0000310e        0xc c:/nxp/mcuxpressoide_11.1.1_3241/ide/plugins/com.nxp.mcuxpresso.tools.win32_11.1.0.202001081728/tools/bin/../lib/gcc/arm-none-eabi/8.3.1/../../../../arm-none-eabi/lib/thumb/v6-m/nofp\libcr_semihost_nf.a(_cr__main.o)
                0x0000310e                __CR_SEMIHOST
                0x0000310e                __main
 .text.memset   0x0000311a        0x8 c:/nxp/mcuxpressoide_11.1.1_3241/ide/plugins/com.nxp.mcuxpresso.tools.win32_11.1.0.202001081728/tools/bin/../lib/gcc/arm-none-eabi/8.3.1/../../../../arm-none-eabi/lib/thumb/v6-m/nofp\libcr_c.a(memset.o)
                0x0000311a                memset
 .text.free     0x00003122       0x2c c:/nxp/mcuxpressoide_11.1.1_3241/ide/plugins/com.nxp.mcuxpresso.tools.win32_11.1.0.202001081728/tools/bin/../lib/gcc/arm-none-eabi/8.3.1/../../../../arm-none-eabi/lib/thumb/v6-m/nofp\libcr_c.a(alloc.o)
                0x00003122                free
 .text.fputs    0x0000314e       0x2e c:/nxp/mcuxpressoide_11.1.1_3241/ide/plugins/com.nxp.mcuxpresso.tools.win32_11.1.0.202001081728/tools/bin/../lib/gcc/arm-none-eabi/8.3.1/../../../../arm-none-eabi/lib/thumb/v6-m/nofp\libcr_c.a(fputs.o)
                0x0000314e                fputs
 .text.remove   0x0000317c       0x12 c:/nxp/mcuxpressoide_11.1.1_3241/ide/plugins/com.nxp.mcuxpresso.tools.win32_11.1.0.202001081728/tools/bin/../lib/gcc/arm-none-eabi/8.3.1/../../../../arm-none-eabi/lib/thumb/v6-m/nofp\libcr_c.a(remove.o)
                0x0000317c                remove
 .text.__aeabi_division_idivmod
                0x0000318e       0x78 c:/nxp/mcuxpressoide_11.1.1_3241/ide/plugins/com.nxp.mcuxpresso.tools.win32_11.1.0.202001081728/tools/bin/../lib/gcc/arm-none-eabi/8.3.1/thumb/v6-m/nofp\libcr_eabihelpers.a(division_32.o)
                0x0000318e                __aeabi_idivmod
                0x0000318e                __aeabi_idiv
                0x00003194                __aeabi_uidivmod
                0x00003194                __aeabi_uidiv
 .text.__aeabi_division_idiv0
                0x00003206        0x2 c:/nxp/mcuxpressoide_11.1.1_3241/ide/plugins/com.nxp.mcuxpresso.tools.win32_11.1.0.202001081728/tools/bin/../lib/gcc/arm-none-eabi/8.3.1/thumb/v6-m/nofp\libcr_eabihelpers.a(division_idiv0.o)
                0x00003206                __aeabi_idiv0
 .text.__aeabi_memset_lowlevel
                0x00003208       0x2a c:/nxp/mcuxpressoide_11.1.1_3241/ide/plugins/com.nxp.mcuxpresso.tools.win32_11.1.0.202001081728/tools/bin/../lib/gcc/arm-none-eabi/8.3.1/thumb/v6-m/nofp\libcr_eabihelpers.a(memcpy.o)
                0x00003208                __aeabi_lowlevel_memset
 .text.__sys_close
                0x00003232        0xc c:/nxp/mcuxpressoide_11.1.1_3241/ide/plugins/com.nxp.mcuxpresso.tools.win32_11.1.0.202001081728/tools/bin/../lib/gcc/arm-none-eabi/8.3.1/../../../../arm-none-eabi/lib/thumb/v6-m/nofp\libcr_semihost_nf.a(__sys_close.o)
                0x00003232                __sys_close
 .text.__sys_flen
                0x0000323e        0xc c:/nxp/mcuxpressoide_11.1.1_3241/ide/plugins/com.nxp.mcuxpresso.tools.win32_11.1.0.202001081728/tools/bin/../lib/gcc/arm-none-eabi/8.3.1/../../../../arm-none-eabi/lib/thumb/v6-m/nofp\libcr_semihost_nf.a(__sys_flen.o)
                0x0000323e                __sys_flen
 .text.__sys_istty
                0x0000324a        0xc c:/nxp/mcuxpressoide_11.1.1_3241/ide/plugins/com.nxp.mcuxpresso.tools.win32_11.1.0.202001081728/tools/bin/../lib/gcc/arm-none-eabi/8.3.1/../../../../arm-none-eabi/lib/thumb/v6-m/nofp\libcr_semihost_nf.a(__sys_istty.o)
                0x0000324a                __sys_istty
 .text.__sys_remove
                0x00003256        0xc c:/nxp/mcuxpressoide_11.1.1_3241/ide/plugins/com.nxp.mcuxpresso.tools.win32_11.1.0.202001081728/tools/bin/../lib/gcc/arm-none-eabi/8.3.1/../../../../arm-none-eabi/lib/thumb/v6-m/nofp\libcr_semihost_nf.a(__sys_remove.o)
                0x00003256                __sys_remove
 .text.__sys_seek
                0x00003262        0xc c:/nxp/mcuxpressoide_11.1.1_3241/ide/plugins/com.nxp.mcuxpresso.tools.win32_11.1.0.202001081728/tools/bin/../lib/gcc/arm-none-eabi/8.3.1/../../../../arm-none-eabi/lib/thumb/v6-m/nofp\libcr_semihost_nf.a(__sys_seek.o)
                0x00003262                __sys_seek
 .text.__sys_tmpnam
                0x0000326e        0xc c:/nxp/mcuxpressoide_11.1.1_3241/ide/plugins/com.nxp.mcuxpresso.tools.win32_11.1.0.202001081728/tools/bin/../lib/gcc/arm-none-eabi/8.3.1/../../../../arm-none-eabi/lib/thumb/v6-m/nofp\libcr_semihost_nf.a(__sys_tmpnam.o)
                0x0000326e                __sys_tmpnam
 .text.__sys_write
                0x0000327a        0xc c:/nxp/mcuxpressoide_11.1.1_3241/ide/plugins/com.nxp.mcuxpresso.tools.win32_11.1.0.202001081728/tools/bin/../lib/gcc/arm-none-eabi/8.3.1/../../../../arm-none-eabi/lib/thumb/v6-m/nofp\libcr_semihost_nf.a(__sys_write.o)
                0x0000327a                __sys_write
 *(SORT_BY_ALIGNMENT(.rodata) SORT_BY_ALIGNMENT(.rodata.*) SORT_BY_ALIGNMENT(.constdata) SORT_BY_ALIGNMENT(.constdata.*))
 *fill*         0x00003286        0x2 ff
 .rodata.screen
                0x00003288       0xc8 ./source/Brasil.o
 .rodata.LPUART0_IRQHandler
                0x00003350       0x28 ./source/interrupcoes.o
 .rodata.CLOCK_GetCurSysClkConfig.str1.4
                0x00003378       0x1a ./drivers/fsl_clock.o
 *fill*         0x00003392        0x2 ff
 .rodata.CLOCK_GetErClkFreq.str1.4
                0x00003394       0x1e ./drivers/fsl_clock.o
 *fill*         0x000033b2        0x2 ff
 .rodata.CLOCK_GetFreq
                0x000033b4       0x34 ./drivers/fsl_clock.o
 .rodata.CLOCK_GetSysOscFreq.str1.4
                0x000033e8       0x1f ./drivers/fsl_clock.o
 *fill*         0x00003407        0x1 ff
 .rodata.CLOCK_InitSirc.str1.4
                0x00003408       0x1a ./drivers/fsl_clock.o
 *fill*         0x00003422        0x2 ff
 .rodata.CLOCK_InitFirc.str1.4
                0x00003424       0x1a ./drivers/fsl_clock.o
 *fill*         0x0000343e        0x2 ff
 .rodata.CLOCK_InitLpFll.str1.4
                0x00003440       0x1a ./drivers/fsl_clock.o
 *fill*         0x0000345a        0x2 ff
 .rodata.sircFreq.5415
                0x0000345c        0x8 ./drivers/fsl_clock.o
 .rodata.fircFreq.5439
                0x00003464        0x4 ./drivers/fsl_clock.o
 .rodata.lpfllFreq.5466
                0x00003468        0x4 ./drivers/fsl_clock.o
 .rodata.CLOCK_EnableClock.str1.4
                0x0000346c       0x45 ./drivers/fsl_ftm.o
 *fill*         0x000034b1        0x3 ff
 .rodata.s_ftmBases
                0x000034b4        0x8 ./drivers/fsl_ftm.o
 .rodata.s_ftmClocks
                0x000034bc        0x8 ./drivers/fsl_ftm.o
 .rodata.FTM_GetInstance.str1.4
                0x000034c4       0x29 ./drivers/fsl_ftm.o
 *fill*         0x000034ed        0x3 ff
 .rodata.FTM_Init.str1.4
                0x000034f0       0x18 ./drivers/fsl_ftm.o
 .rodata.FTM_GetDefaultConfig.str1.4
                0x00003508       0x18 ./drivers/fsl_ftm.o
 .rodata.FTM_SetupPwm.str1.4
                0x00003520       0x74 ./drivers/fsl_ftm.o
 .rodata.GPIO_PinInit.str1.4
                0x00003594       0x19 ./drivers/fsl_gpio.o
 .rodata.CLOCK_EnableClock.str1.4
                0x000035ad       0x45 ./drivers/fsl_lpuart.o
 *fill*         0x000035ad        0x3 ff
 .rodata.s_lpuartBases
                0x000035b0        0xc ./drivers/fsl_lpuart.o
 .rodata.s_lpuartClock
                0x000035bc        0xc ./drivers/fsl_lpuart.o
 .rodata.LPUART_GetInstance.str1.4
                0x000035c8       0x39 ./drivers/fsl_lpuart.o
 *fill*         0x00003601        0x3 ff
 .rodata.LPUART_Init.str1.4
                0x00003604       0xef ./drivers/fsl_lpuart.o
 *fill*         0x000036f3        0x1 ff
 .rodata.LPUART_WriteBlocking.str1.4
                0x000036f4       0x19 ./drivers/fsl_lpuart.o
 *fill*         0x0000370d        0x3 ff
 .rodata.CLOCK_SetIpSrc.str1.4
                0x00003710       0x79 ./board/clock_config.o
 *fill*         0x00003789        0x3 ff
 .rodata.CLOCK_SetRunModeSysClkConfig.str1.4
                0x0000378c       0x67 ./board/clock_config.o
 *fill*         0x000037f3        0x1 ff
 .rodata.CLOCK_GetCurSysClkConfig.str1.4
                0x000037f4       0x67 ./board/clock_config.o
 *fill*         0x0000385b        0x1 ff
 .rodata        0x0000385c        0x8 ./board/clock_config.o
 .rodata.g_sysClkConfig_BOARD_BootClockRUN
                0x00003864        0x4 ./board/clock_config.o
                0x00003864                g_sysClkConfig_BOARD_BootClockRUN
 .rodata.g_scgSircConfig_BOARD_BootClockRUN
                0x00003868        0x8 ./board/clock_config.o
                0x00003868                g_scgSircConfig_BOARD_BootClockRUN
 .rodata.g_scgFircConfig_BOARD_BootClockRUN
                0x00003870        0xc ./board/clock_config.o
                0x00003870                g_scgFircConfig_BOARD_BootClockRUN
 .rodata.g_scgLpFllConfig_BOARD_BootClockRUN
                0x0000387c        0x8 ./board/clock_config.o
                0x0000387c                g_scgLpFllConfig_BOARD_BootClockRUN
 .rodata.LPUART0_config
                0x00003884       0x14 ./board/peripherals.o
                0x00003884                LPUART0_config
 .rodata.CLOCK_EnableClock.str1.4
                0x00003898       0x94 ./board/pin_mux.o
                                 0x92 (size before relaxing)
 .rodata.__num_Ciob_streams
                0x0000392c        0x4 c:/nxp/mcuxpressoide_11.1.1_3241/ide/plugins/com.nxp.mcuxpresso.tools.win32_11.1.0.202001081728/tools/bin/../lib/gcc/arm-none-eabi/8.3.1/../../../../arm-none-eabi/lib/thumb/v6-m/nofp\libcr_semihost_nf.a(__ciob.o)
                0x0000392c                __num_Ciob_streams
 .rodata.__assertion_failed.str1.1
                0x00003930       0x15 c:/nxp/mcuxpressoide_11.1.1_3241/ide/plugins/com.nxp.mcuxpresso.tools.win32_11.1.0.202001081728/tools/bin/../lib/gcc/arm-none-eabi/8.3.1/../../../../arm-none-eabi/lib/thumb/v6-m/nofp\libcr_semihost_nf.a(_cr_assert.o)
 .rodata._Csys_alloc.str1.1
                0x00003945       0x18 c:/nxp/mcuxpressoide_11.1.1_3241/ide/plugins/com.nxp.mcuxpresso.tools.win32_11.1.0.202001081728/tools/bin/../lib/gcc/arm-none-eabi/8.3.1/../../../../arm-none-eabi/lib/thumb/v6-m/nofp\libcr_c.a(alloc.o)
 .rodata._initio.str1.1
                0x0000395d        0x4 c:/nxp/mcuxpressoide_11.1.1_3241/ide/plugins/com.nxp.mcuxpresso.tools.win32_11.1.0.202001081728/tools/bin/../lib/gcc/arm-none-eabi/8.3.1/../../../../arm-none-eabi/lib/thumb/v6-m/nofp\libcr_c.a(initio.o)
                0x00003964                . = ALIGN (0x4)
 *fill*         0x00003961        0x3 ff

.glue_7         0x00003964        0x0
 .glue_7        0x00003964        0x0 linker stubs

.glue_7t        0x00003964        0x0
 .glue_7t       0x00003964        0x0 linker stubs

.vfp11_veneer   0x00003964        0x0
 .vfp11_veneer  0x00003964        0x0 linker stubs

.v4_bx          0x00003964        0x0
 .v4_bx         0x00003964        0x0 linker stubs

.iplt           0x00003964        0x0
 .iplt          0x00003964        0x0 ./startup/startup_mke15z4.o

.rel.dyn        0x00003964        0x0
 .rel.iplt      0x00003964        0x0 ./startup/startup_mke15z4.o

.ARM.extab
 *(SORT_BY_ALIGNMENT(.ARM.extab*) SORT_BY_ALIGNMENT(.gnu.linkonce.armextab.*))

.ARM.exidx      0x00003964        0x0
                0x00003964                __exidx_start = .
 *(SORT_BY_ALIGNMENT(.ARM.exidx*) SORT_BY_ALIGNMENT(.gnu.linkonce.armexidx.*))
                0x00003964                __exidx_end = .
                0x00003964                _etext = .

.mtb_buffer_default
                0x1ffffc00       0x80
 *(SORT_BY_ALIGNMENT(.mtb*))
 .mtb.$RAM1     0x1ffffc00       0x80 ./source/mtb.o
                0x1ffffc00                __mtb_buffer__

.uninit_RESERVED
                0x1ffffc80        0x0
                0x1ffffc80                _start_uninit_RESERVED = .
 *(SORT_BY_ALIGNMENT(.bss.$RESERVED*))
                0x1ffffc80                . = ALIGN (0x4)
                0x1ffffc80                _end_uninit_RESERVED = .

.data           0x1ffffc80        0x8 load address 0x00003964
 FILL mask 0xff
                0x1ffffc80                _data = .
                [!provide]                PROVIDE (__start_data_RAM = .)
                [!provide]                PROVIDE (__start_data_SRAM = .)
 *(SORT_BY_ALIGNMENT(vtable))
 *(SORT_BY_ALIGNMENT(.ramfunc*))
 *(SORT_BY_ALIGNMENT(CodeQuickAccess))
 *(SORT_BY_ALIGNMENT(DataQuickAccess))
 *(SORT_BY_ALIGNMENT(RamFunction))
 *(SORT_BY_ALIGNMENT(.data*))
 .data.SystemCoreClock
                0x1ffffc80        0x4 ./device/system_MKE15Z4.o
                0x1ffffc80                SystemCoreClock
 .data.Dutycycle
                0x1ffffc84        0x1 ./source/interrupcoes.o
                0x1ffffc84                Dutycycle
 .data.pwmLevel
                0x1ffffc85        0x1 ./source/interrupcoes.o
                0x1ffffc85                pwmLevel
                0x1ffffc88                . = ALIGN (0x4)
 *fill*         0x1ffffc86        0x2 ff
                0x1ffffc88                _edata = .
                [!provide]                PROVIDE (__end_data_RAM = .)
                [!provide]                PROVIDE (__end_data_SRAM = .)

.igot.plt       0x1ffffc88        0x0 load address 0x0000396c
 .igot.plt      0x1ffffc88        0x0 ./startup/startup_mke15z4.o

.bss            0x1ffffc88       0xfc
                0x1ffffc88                _bss = .
                [!provide]                PROVIDE (__start_bss_RAM = .)
                [!provide]                PROVIDE (__start_bss_SRAM = .)
 *(SORT_BY_ALIGNMENT(.bss*))
 .bss.var       0x1ffffc88        0x2 ./source/Brasil.o
                0x1ffffc88                var
 *fill*         0x1ffffc8a        0x2 
 .bss.ftmInfo   0x1ffffc8c       0x1c ./source/interrupcoes.o
                0x1ffffc8c                ftmInfo
 .bss.ftmParam  0x1ffffca8        0x4 ./source/interrupcoes.o
                0x1ffffca8                ftmParam
 .bss.g_xtal0Freq
                0x1ffffcac        0x4 ./drivers/fsl_clock.o
                0x1ffffcac                g_xtal0Freq
 .bss.s_lpuartHandle
                0x1ffffcb0        0xc ./drivers/fsl_lpuart.o
 .bss.s_lpuartIsr
                0x1ffffcbc        0x4 ./drivers/fsl_lpuart.o
 .bss.__Ciob    0x1ffffcc0       0xb4 c:/nxp/mcuxpressoide_11.1.1_3241/ide/plugins/com.nxp.mcuxpresso.tools.win32_11.1.0.202001081728/tools/bin/../lib/gcc/arm-none-eabi/8.3.1/../../../../arm-none-eabi/lib/thumb/v6-m/nofp\libcr_semihost_nf.a(__ciob.o)
                0x1ffffcc0                __Ciob
 .bss.__end_of_heap
                0x1ffffd74        0x4 c:/nxp/mcuxpressoide_11.1.1_3241/ide/plugins/com.nxp.mcuxpresso.tools.win32_11.1.0.202001081728/tools/bin/../lib/gcc/arm-none-eabi/8.3.1/../../../../arm-none-eabi/lib/thumb/v6-m/nofp\libcr_c.a(__init_alloc.o)
                0x1ffffd74                __end_of_heap
 .bss.__heaps   0x1ffffd78        0x4 c:/nxp/mcuxpressoide_11.1.1_3241/ide/plugins/com.nxp.mcuxpresso.tools.win32_11.1.0.202001081728/tools/bin/../lib/gcc/arm-none-eabi/8.3.1/../../../../arm-none-eabi/lib/thumb/v6-m/nofp\libcr_c.a(__init_alloc.o)
                0x1ffffd78                __heaps
 .bss.errno     0x1ffffd7c        0x4 c:/nxp/mcuxpressoide_11.1.1_3241/ide/plugins/com.nxp.mcuxpresso.tools.win32_11.1.0.202001081728/tools/bin/../lib/gcc/arm-none-eabi/8.3.1/../../../../arm-none-eabi/lib/thumb/v6-m/nofp\libcr_c.a(errno.o)
                0x1ffffd7c                errno
 .bss.chu       0x1ffffd80        0x1 ./source/Brasil.o
                0x1ffffd80                chu
 *(SORT_BY_ALIGNMENT(COMMON))
                0x1ffffd84                . = ALIGN (0x4)
 *fill*         0x1ffffd81        0x3 
                0x1ffffd84                _ebss = .
                [!provide]                PROVIDE (__end_bss_RAM = .)
                [!provide]                PROVIDE (__end_bss_SRAM = .)
                [!provide]                PROVIDE (end = .)

.noinit         0x1ffffd84        0x0
                0x1ffffd84                _noinit = .
                [!provide]                PROVIDE (__start_noinit_RAM = .)
                [!provide]                PROVIDE (__start_noinit_SRAM = .)
 *(SORT_BY_ALIGNMENT(.noinit*))
                0x1ffffd84                . = ALIGN (0x4)
                0x1ffffd84                _end_noinit = .
                [!provide]                PROVIDE (__end_noinit_RAM = .)
                [!provide]                PROVIDE (__end_noinit_SRAM = .)
                0x00000100                _HeapSize = 0x100

.heap           0x1ffffd84      0x100
                0x1ffffd84                _pvHeapStart = .
                0x1ffffe84                . = (. + _HeapSize)
 *fill*         0x1ffffd84      0x100 
                0x1ffffe84                . = ALIGN (0x4)
                0x1ffffe84                _pvHeapLimit = .
                0x00000100                _StackSize = 0x100

.heap2stackfill
                0x1ffffe84      0x100
                0x1fffff84                . = (. + _StackSize)
 *fill*         0x1ffffe84      0x100 

.stack          0x20000b00        0x0
                0x20000b00                _vStackBase = .
                0x20000b00                . = ALIGN (0x4)
                0x20000c00                _vStackTop = (. + _StackSize)
                0x00000000                _image_start = LOADADDR (.text)
                0x0000396c                _image_end = (LOADADDR (.data) + SIZEOF (.data))
                0x0000396c                _image_size = (_image_end - _image_start)
OUTPUT(Brasil.axf elf32-littlearm)

.debug_info     0x00000000     0xa301
 .debug_info    0x00000000      0x4ad ./startup/startup_mke15z4.o
 .debug_info    0x000004ad      0xcdd ./source/Brasil.o
 .debug_info    0x0000118a      0xe5c ./source/display.o
 .debug_info    0x00001fe6     0x18a1 ./source/interrupcoes.o
 .debug_info    0x00003887       0x53 ./source/mtb.o
 .debug_info    0x000038da       0x3c ./source/semihost_hardfault.o
 .debug_info    0x00003916     0x125e ./drivers/fsl_clock.o
 .debug_info    0x00004b74     0x1553 ./drivers/fsl_ftm.o
 .debug_info    0x000060c7      0x87b ./drivers/fsl_gpio.o
 .debug_info    0x00006942     0x184f ./drivers/fsl_lpuart.o
 .debug_info    0x00008191      0x3bb ./device/system_MKE15Z4.o
 .debug_info    0x0000854c      0xeb4 ./board/clock_config.o
 .debug_info    0x00009400      0xa6c ./board/peripherals.o
 .debug_info    0x00009e6c      0x495 ./board/pin_mux.o

.debug_abbrev   0x00000000     0x1b5e
 .debug_abbrev  0x00000000      0x1ad ./startup/startup_mke15z4.o
 .debug_abbrev  0x000001ad      0x1c8 ./source/Brasil.o
 .debug_abbrev  0x00000375      0x208 ./source/display.o
 .debug_abbrev  0x0000057d      0x2f5 ./source/interrupcoes.o
 .debug_abbrev  0x00000872       0x46 ./source/mtb.o
 .debug_abbrev  0x000008b8       0x31 ./source/semihost_hardfault.o
 .debug_abbrev  0x000008e9      0x296 ./drivers/fsl_clock.o
 .debug_abbrev  0x00000b7f      0x2f2 ./drivers/fsl_ftm.o
 .debug_abbrev  0x00000e71      0x23f ./drivers/fsl_gpio.o
 .debug_abbrev  0x000010b0      0x319 ./drivers/fsl_lpuart.o
 .debug_abbrev  0x000013c9      0x170 ./device/system_MKE15Z4.o
 .debug_abbrev  0x00001539      0x26e ./board/clock_config.o
 .debug_abbrev  0x000017a7      0x1fc ./board/peripherals.o
 .debug_abbrev  0x000019a3      0x1bb ./board/pin_mux.o

.debug_aranges  0x00000000      0x6e0
 .debug_aranges
                0x00000000      0x150 ./startup/startup_mke15z4.o
 .debug_aranges
                0x00000150       0x50 ./source/Brasil.o
 .debug_aranges
                0x000001a0       0x50 ./source/display.o
 .debug_aranges
                0x000001f0       0x78 ./source/interrupcoes.o
 .debug_aranges
                0x00000268       0x18 ./source/mtb.o
 .debug_aranges
                0x00000280       0x20 ./source/semihost_hardfault.o
 .debug_aranges
                0x000002a0       0xd8 ./drivers/fsl_clock.o
 .debug_aranges
                0x00000378       0xd0 ./drivers/fsl_ftm.o
 .debug_aranges
                0x00000448       0x68 ./drivers/fsl_gpio.o
 .debug_aranges
                0x000004b0      0x130 ./drivers/fsl_lpuart.o
 .debug_aranges
                0x000005e0       0x30 ./device/system_MKE15Z4.o
 .debug_aranges
                0x00000610       0x48 ./board/clock_config.o
 .debug_aranges
                0x00000658       0x50 ./board/peripherals.o
 .debug_aranges
                0x000006a8       0x38 ./board/pin_mux.o

.debug_ranges   0x00000000      0x5f8
 .debug_ranges  0x00000000      0x140 ./startup/startup_mke15z4.o
 .debug_ranges  0x00000140       0x40 ./source/Brasil.o
 .debug_ranges  0x00000180       0x40 ./source/display.o
 .debug_ranges  0x000001c0       0x68 ./source/interrupcoes.o
 .debug_ranges  0x00000228       0x10 ./source/semihost_hardfault.o
 .debug_ranges  0x00000238       0xc8 ./drivers/fsl_clock.o
 .debug_ranges  0x00000300       0xc0 ./drivers/fsl_ftm.o
 .debug_ranges  0x000003c0       0x58 ./drivers/fsl_gpio.o
 .debug_ranges  0x00000418      0x120 ./drivers/fsl_lpuart.o
 .debug_ranges  0x00000538       0x20 ./device/system_MKE15Z4.o
 .debug_ranges  0x00000558       0x38 ./board/clock_config.o
 .debug_ranges  0x00000590       0x40 ./board/peripherals.o
 .debug_ranges  0x000005d0       0x28 ./board/pin_mux.o

.debug_macro    0x00000000     0x96f7
 .debug_macro   0x00000000       0x29 ./startup/startup_mke15z4.o
 .debug_macro   0x00000029      0xaa8 ./startup/startup_mke15z4.o
 .debug_macro   0x00000ad1      0x165 ./source/Brasil.o
 .debug_macro   0x00000c36       0x10 ./source/Brasil.o
 .debug_macro   0x00000c46      0x12e ./source/Brasil.o
 .debug_macro   0x00000d74       0xd8 ./source/Brasil.o
 .debug_macro   0x00000e4c       0x10 ./source/Brasil.o
 .debug_macro   0x00000e5c       0x16 ./source/Brasil.o
 .debug_macro   0x00000e72       0x22 ./source/Brasil.o
 .debug_macro   0x00000e94      0x5b3 ./source/Brasil.o
 .debug_macro   0x00001447       0x22 ./source/Brasil.o
 .debug_macro   0x00001469       0x10 ./source/Brasil.o
 .debug_macro   0x00001479       0x3f ./source/Brasil.o
 .debug_macro   0x000014b8       0x1c ./source/Brasil.o
 .debug_macro   0x000014d4       0x22 ./source/Brasil.o
 .debug_macro   0x000014f6       0xb5 ./source/Brasil.o
 .debug_macro   0x000015ab      0x37c ./source/Brasil.o
 .debug_macro   0x00001927       0x3a ./source/Brasil.o
 .debug_macro   0x00001961     0x66e9 ./source/Brasil.o
 .debug_macro   0x0000804a      0x8c3 ./source/Brasil.o
 .debug_macro   0x0000890d       0x52 ./source/Brasil.o
 .debug_macro   0x0000895f       0x8a ./source/Brasil.o
 .debug_macro   0x000089e9       0x7b ./source/Brasil.o
 .debug_macro   0x00008a64       0x10 ./source/Brasil.o
 .debug_macro   0x00008a74       0x10 ./source/Brasil.o
 .debug_macro   0x00008a84       0x16 ./source/Brasil.o
 .debug_macro   0x00008a9a       0x28 ./source/Brasil.o
 .debug_macro   0x00008ac2       0x46 ./source/Brasil.o
 .debug_macro   0x00008b08       0x10 ./source/Brasil.o
 .debug_macro   0x00008b18       0x10 ./source/Brasil.o
 .debug_macro   0x00008b28      0x15c ./source/display.o
 .debug_macro   0x00008c84      0x165 ./source/interrupcoes.o
 .debug_macro   0x00008de9       0x2f ./source/mtb.o
 .debug_macro   0x00008e18       0x82 ./source/mtb.o
 .debug_macro   0x00008e9a       0x10 ./source/mtb.o
 .debug_macro   0x00008eaa       0x11 ./source/semihost_hardfault.o
 .debug_macro   0x00008ebb      0x15e ./drivers/fsl_clock.o
 .debug_macro   0x00009019      0x108 ./drivers/fsl_ftm.o
 .debug_macro   0x00009121      0x108 ./drivers/fsl_gpio.o
 .debug_macro   0x00009229      0x108 ./drivers/fsl_lpuart.o
 .debug_macro   0x00009331       0x97 ./device/system_MKE15Z4.o
 .debug_macro   0x000093c8      0x102 ./board/clock_config.o
 .debug_macro   0x000094ca      0x120 ./board/peripherals.o
 .debug_macro   0x000095ea      0x10d ./board/pin_mux.o

.debug_line     0x00000000     0x52c6
 .debug_line    0x00000000      0x1d7 ./startup/startup_mke15z4.o
 .debug_line    0x000001d7      0x55c ./source/Brasil.o
 .debug_line    0x00000733      0x623 ./source/display.o
 .debug_line    0x00000d56      0x6a6 ./source/interrupcoes.o
 .debug_line    0x000013fc       0xd1 ./source/mtb.o
 .debug_line    0x000014cd       0x5a ./source/semihost_hardfault.o
 .debug_line    0x00001527      0xa0b ./drivers/fsl_clock.o
 .debug_line    0x00001f32      0xdfd ./drivers/fsl_ftm.o
 .debug_line    0x00002d2f      0x4e1 ./drivers/fsl_gpio.o
 .debug_line    0x00003210     0x108d ./drivers/fsl_lpuart.o
 .debug_line    0x0000429d      0x31d ./device/system_MKE15Z4.o
 .debug_line    0x000045ba      0x490 ./board/clock_config.o
 .debug_line    0x00004a4a      0x49b ./board/peripherals.o
 .debug_line    0x00004ee5      0x3e1 ./board/pin_mux.o

.debug_str      0x00000000    0x3f75e
 .debug_str     0x00000000     0x31c2 ./startup/startup_mke15z4.o
                               0x31e8 (size before relaxing)
 .debug_str     0x000031c2    0x38ad0 ./source/Brasil.o
                              0x3ba85 (size before relaxing)
 .debug_str     0x0003bc92      0x1ae ./source/display.o
                              0x3b468 (size before relaxing)
 .debug_str     0x0003be40      0xd9a ./source/interrupcoes.o
                              0x3c917 (size before relaxing)
 .debug_str     0x0003cbda      0x532 ./source/mtb.o
                               0x32d7 (size before relaxing)
 .debug_str     0x0003d10c       0x1f ./source/semihost_hardfault.o
                               0x2dc4 (size before relaxing)
 .debug_str     0x0003d12b      0xb77 ./drivers/fsl_clock.o
                              0x3bbc1 (size before relaxing)
 .debug_str     0x0003dca2      0x994 ./drivers/fsl_ftm.o
                              0x3b9dd (size before relaxing)
 .debug_str     0x0003e636      0x1bc ./drivers/fsl_gpio.o
                              0x3aa0c (size before relaxing)
 .debug_str     0x0003e7f2      0x96e ./drivers/fsl_lpuart.o
                              0x3bc88 (size before relaxing)
 .debug_str     0x0003f160       0x6f ./device/system_MKE15Z4.o
                              0x396c2 (size before relaxing)
 .debug_str     0x0003f1cf      0x39e ./board/clock_config.o
                              0x3b64e (size before relaxing)
 .debug_str     0x0003f56d       0x97 ./board/peripherals.o
                              0x3b335 (size before relaxing)
 .debug_str     0x0003f604      0x15a ./board/pin_mux.o
                              0x3a5de (size before relaxing)

.comment        0x00000000       0x76
 .comment       0x00000000       0x76 ./startup/startup_mke15z4.o
                                 0x77 (size before relaxing)
 .comment       0x00000076       0x77 ./source/Brasil.o
 .comment       0x00000076       0x77 ./source/display.o
 .comment       0x00000076       0x77 ./source/interrupcoes.o
 .comment       0x00000076       0x77 ./source/mtb.o
 .comment       0x00000076       0x77 ./source/semihost_hardfault.o
 .comment       0x00000076       0x77 ./drivers/fsl_clock.o
 .comment       0x00000076       0x77 ./drivers/fsl_ftm.o
 .comment       0x00000076       0x77 ./drivers/fsl_gpio.o
 .comment       0x00000076       0x77 ./drivers/fsl_lpuart.o
 .comment       0x00000076       0x77 ./device/system_MKE15Z4.o
 .comment       0x00000076       0x77 ./board/clock_config.o
 .comment       0x00000076       0x77 ./board/peripherals.o
 .comment       0x00000076       0x77 ./board/pin_mux.o
 .comment       0x00000076       0x77 c:/nxp/mcuxpressoide_11.1.1_3241/ide/plugins/com.nxp.mcuxpresso.tools.win32_11.1.0.202001081728/tools/bin/../lib/gcc/arm-none-eabi/8.3.1/../../../../arm-none-eabi/lib/thumb/v6-m/nofp\libcr_semihost_nf.a(_cr__main.o)
 .comment       0x00000076       0x77 c:/nxp/mcuxpressoide_11.1.1_3241/ide/plugins/com.nxp.mcuxpresso.tools.win32_11.1.0.202001081728/tools/bin/../lib/gcc/arm-none-eabi/8.3.1/../../../../arm-none-eabi/lib/thumb/v6-m/nofp\libcr_semihost_nf.a(_cr_assert.o)
 .comment       0x00000076       0x77 c:/nxp/mcuxpressoide_11.1.1_3241/ide/plugins/com.nxp.mcuxpresso.tools.win32_11.1.0.202001081728/tools/bin/../lib/gcc/arm-none-eabi/8.3.1/../../../../arm-none-eabi/lib/thumb/v6-m/nofp\libcr_semihost_nf.a(__ciob.o)
 .comment       0x00000076       0x77 c:/nxp/mcuxpressoide_11.1.1_3241/ide/plugins/com.nxp.mcuxpresso.tools.win32_11.1.0.202001081728/tools/bin/../lib/gcc/arm-none-eabi/8.3.1/../../../../arm-none-eabi/lib/thumb/v6-m/nofp\libcr_c.a(memset.o)
 .comment       0x00000076       0x77 c:/nxp/mcuxpressoide_11.1.1_3241/ide/plugins/com.nxp.mcuxpresso.tools.win32_11.1.0.202001081728/tools/bin/../lib/gcc/arm-none-eabi/8.3.1/../../../../arm-none-eabi/lib/thumb/v6-m/nofp\libcr_c.a(_deferredlazyseek.o)
 .comment       0x00000076       0x77 c:/nxp/mcuxpressoide_11.1.1_3241/ide/plugins/com.nxp.mcuxpresso.tools.win32_11.1.0.202001081728/tools/bin/../lib/gcc/arm-none-eabi/8.3.1/../../../../arm-none-eabi/lib/thumb/v6-m/nofp\libcr_c.a(_fflush.o)
 .comment       0x00000076       0x77 c:/nxp/mcuxpressoide_11.1.1_3241/ide/plugins/com.nxp.mcuxpresso.tools.win32_11.1.0.202001081728/tools/bin/../lib/gcc/arm-none-eabi/8.3.1/../../../../arm-none-eabi/lib/thumb/v6-m/nofp\libcr_c.a(_writebuf.o)
 .comment       0x00000076       0x77 c:/nxp/mcuxpressoide_11.1.1_3241/ide/plugins/com.nxp.mcuxpresso.tools.win32_11.1.0.202001081728/tools/bin/../lib/gcc/arm-none-eabi/8.3.1/../../../../arm-none-eabi/lib/thumb/v6-m/nofp\libcr_c.a(alloc.o)
 .comment       0x00000076       0x77 c:/nxp/mcuxpressoide_11.1.1_3241/ide/plugins/com.nxp.mcuxpresso.tools.win32_11.1.0.202001081728/tools/bin/../lib/gcc/arm-none-eabi/8.3.1/../../../../arm-none-eabi/lib/thumb/v6-m/nofp\libcr_c.a(fputs.o)
 .comment       0x00000076       0x77 c:/nxp/mcuxpressoide_11.1.1_3241/ide/plugins/com.nxp.mcuxpresso.tools.win32_11.1.0.202001081728/tools/bin/../lib/gcc/arm-none-eabi/8.3.1/../../../../arm-none-eabi/lib/thumb/v6-m/nofp\libcr_c.a(fseek.o)
 .comment       0x00000076       0x77 c:/nxp/mcuxpressoide_11.1.1_3241/ide/plugins/com.nxp.mcuxpresso.tools.win32_11.1.0.202001081728/tools/bin/../lib/gcc/arm-none-eabi/8.3.1/../../../../arm-none-eabi/lib/thumb/v6-m/nofp\libcr_c.a(ftell.o)
 .comment       0x00000076       0x77 c:/nxp/mcuxpressoide_11.1.1_3241/ide/plugins/com.nxp.mcuxpresso.tools.win32_11.1.0.202001081728/tools/bin/../lib/gcc/arm-none-eabi/8.3.1/../../../../arm-none-eabi/lib/thumb/v6-m/nofp\libcr_c.a(initio.o)
 .comment       0x00000076       0x77 c:/nxp/mcuxpressoide_11.1.1_3241/ide/plugins/com.nxp.mcuxpresso.tools.win32_11.1.0.202001081728/tools/bin/../lib/gcc/arm-none-eabi/8.3.1/../../../../arm-none-eabi/lib/thumb/v6-m/nofp\libcr_c.a(setvbuf.o)
 .comment       0x00000076       0x77 c:/nxp/mcuxpressoide_11.1.1_3241/ide/plugins/com.nxp.mcuxpresso.tools.win32_11.1.0.202001081728/tools/bin/../lib/gcc/arm-none-eabi/8.3.1/../../../../arm-none-eabi/lib/thumb/v6-m/nofp\libcr_c.a(__init_alloc.o)
 .comment       0x00000076       0x77 c:/nxp/mcuxpressoide_11.1.1_3241/ide/plugins/com.nxp.mcuxpresso.tools.win32_11.1.0.202001081728/tools/bin/../lib/gcc/arm-none-eabi/8.3.1/../../../../arm-none-eabi/lib/thumb/v6-m/nofp\libcr_c.a(_cr_sbrk.o)
 .comment       0x00000076       0x77 c:/nxp/mcuxpressoide_11.1.1_3241/ide/plugins/com.nxp.mcuxpresso.tools.win32_11.1.0.202001081728/tools/bin/../lib/gcc/arm-none-eabi/8.3.1/../../../../arm-none-eabi/lib/thumb/v6-m/nofp\libcr_c.a(_fdopen.o)
 .comment       0x00000076       0x77 c:/nxp/mcuxpressoide_11.1.1_3241/ide/plugins/com.nxp.mcuxpresso.tools.win32_11.1.0.202001081728/tools/bin/../lib/gcc/arm-none-eabi/8.3.1/../../../../arm-none-eabi/lib/thumb/v6-m/nofp\libcr_c.a(errno.o)
 .comment       0x00000076       0x77 c:/nxp/mcuxpressoide_11.1.1_3241/ide/plugins/com.nxp.mcuxpresso.tools.win32_11.1.0.202001081728/tools/bin/../lib/gcc/arm-none-eabi/8.3.1/../../../../arm-none-eabi/lib/thumb/v6-m/nofp\libcr_c.a(fclose.o)
 .comment       0x00000076       0x77 c:/nxp/mcuxpressoide_11.1.1_3241/ide/plugins/com.nxp.mcuxpresso.tools.win32_11.1.0.202001081728/tools/bin/../lib/gcc/arm-none-eabi/8.3.1/../../../../arm-none-eabi/lib/thumb/v6-m/nofp\libcr_c.a(fflush.o)
 .comment       0x00000076       0x77 c:/nxp/mcuxpressoide_11.1.1_3241/ide/plugins/com.nxp.mcuxpresso.tools.win32_11.1.0.202001081728/tools/bin/../lib/gcc/arm-none-eabi/8.3.1/../../../../arm-none-eabi/lib/thumb/v6-m/nofp\libcr_c.a(remove.o)
 .comment       0x00000076       0x77 c:/nxp/mcuxpressoide_11.1.1_3241/ide/plugins/com.nxp.mcuxpresso.tools.win32_11.1.0.202001081728/tools/bin/../lib/gcc/arm-none-eabi/8.3.1/../../../../arm-none-eabi/lib/thumb/v6-m/nofp\libcr_c.a(strlen.o)
 .comment       0x00000076       0x77 c:/nxp/mcuxpressoide_11.1.1_3241/ide/plugins/com.nxp.mcuxpresso.tools.win32_11.1.0.202001081728/tools/bin/../lib/gcc/arm-none-eabi/8.3.1/../../../../arm-none-eabi/lib/thumb/v6-m/nofp\libcr_c.a(_cr_check_heap.o)
 .comment       0x00000076       0x77 c:/nxp/mcuxpressoide_11.1.1_3241/ide/plugins/com.nxp.mcuxpresso.tools.win32_11.1.0.202001081728/tools/bin/../lib/gcc/arm-none-eabi/8.3.1/../../../../arm-none-eabi/lib/thumb/v6-m/nofp\libcr_c.a(_do_fflush.o)

.ARM.attributes
                0x00000000       0x2a
 .ARM.attributes
                0x00000000       0x2c ./startup/startup_mke15z4.o
 .ARM.attributes
                0x0000002c       0x2c ./source/Brasil.o
 .ARM.attributes
                0x00000058       0x2c ./source/display.o
 .ARM.attributes
                0x00000084       0x2c ./source/interrupcoes.o
 .ARM.attributes
                0x000000b0       0x32 ./source/mtb.o
 .ARM.attributes
                0x000000e2       0x2c ./source/semihost_hardfault.o
 .ARM.attributes
                0x0000010e       0x2c ./drivers/fsl_clock.o
 .ARM.attributes
                0x0000013a       0x2c ./drivers/fsl_ftm.o
 .ARM.attributes
                0x00000166       0x2c ./drivers/fsl_gpio.o
 .ARM.attributes
                0x00000192       0x2c ./drivers/fsl_lpuart.o
 .ARM.attributes
                0x000001be       0x2c ./device/system_MKE15Z4.o
 .ARM.attributes
                0x000001ea       0x2c ./board/clock_config.o
 .ARM.attributes
                0x00000216       0x2c ./board/peripherals.o
 .ARM.attributes
                0x00000242       0x2c ./board/pin_mux.o
 .ARM.attributes
                0x0000026e       0x2c c:/nxp/mcuxpressoide_11.1.1_3241/ide/plugins/com.nxp.mcuxpresso.tools.win32_11.1.0.202001081728/tools/bin/../lib/gcc/arm-none-eabi/8.3.1/../../../../arm-none-eabi/lib/thumb/v6-m/nofp\libcr_semihost_nf.a(_cr__main.o)
 .ARM.attributes
                0x0000029a       0x2c c:/nxp/mcuxpressoide_11.1.1_3241/ide/plugins/com.nxp.mcuxpresso.tools.win32_11.1.0.202001081728/tools/bin/../lib/gcc/arm-none-eabi/8.3.1/../../../../arm-none-eabi/lib/thumb/v6-m/nofp\libcr_semihost_nf.a(_cr_assert.o)
 .ARM.attributes
                0x000002c6       0x31 c:/nxp/mcuxpressoide_11.1.1_3241/ide/plugins/com.nxp.mcuxpresso.tools.win32_11.1.0.202001081728/tools/bin/../lib/gcc/arm-none-eabi/8.3.1/../../../../arm-none-eabi/lib/thumb/v6-m/nofp\libcr_semihost_nf.a(__ciob.o)
 .ARM.attributes
                0x000002f7       0x1c c:/nxp/mcuxpressoide_11.1.1_3241/ide/plugins/com.nxp.mcuxpresso.tools.win32_11.1.0.202001081728/tools/bin/../lib/gcc/arm-none-eabi/8.3.1/../../../../arm-none-eabi/lib/thumb/v6-m/nofp\libcr_semihost_nf.a(__sys_appexit.o)
 .ARM.attributes
                0x00000313       0x2c c:/nxp/mcuxpressoide_11.1.1_3241/ide/plugins/com.nxp.mcuxpresso.tools.win32_11.1.0.202001081728/tools/bin/../lib/gcc/arm-none-eabi/8.3.1/../../../../arm-none-eabi/lib/thumb/v6-m/nofp\libcr_c.a(memset.o)
 .ARM.attributes
                0x0000033f       0x2c c:/nxp/mcuxpressoide_11.1.1_3241/ide/plugins/com.nxp.mcuxpresso.tools.win32_11.1.0.202001081728/tools/bin/../lib/gcc/arm-none-eabi/8.3.1/../../../../arm-none-eabi/lib/thumb/v6-m/nofp\libcr_c.a(_deferredlazyseek.o)
 .ARM.attributes
                0x0000036b       0x2c c:/nxp/mcuxpressoide_11.1.1_3241/ide/plugins/com.nxp.mcuxpresso.tools.win32_11.1.0.202001081728/tools/bin/../lib/gcc/arm-none-eabi/8.3.1/../../../../arm-none-eabi/lib/thumb/v6-m/nofp\libcr_c.a(_fflush.o)
 .ARM.attributes
                0x00000397       0x2c c:/nxp/mcuxpressoide_11.1.1_3241/ide/plugins/com.nxp.mcuxpresso.tools.win32_11.1.0.202001081728/tools/bin/../lib/gcc/arm-none-eabi/8.3.1/../../../../arm-none-eabi/lib/thumb/v6-m/nofp\libcr_c.a(_writebuf.o)
 .ARM.attributes
                0x000003c3       0x2c c:/nxp/mcuxpressoide_11.1.1_3241/ide/plugins/com.nxp.mcuxpresso.tools.win32_11.1.0.202001081728/tools/bin/../lib/gcc/arm-none-eabi/8.3.1/../../../../arm-none-eabi/lib/thumb/v6-m/nofp\libcr_c.a(alloc.o)
 .ARM.attributes
                0x000003ef       0x2c c:/nxp/mcuxpressoide_11.1.1_3241/ide/plugins/com.nxp.mcuxpresso.tools.win32_11.1.0.202001081728/tools/bin/../lib/gcc/arm-none-eabi/8.3.1/../../../../arm-none-eabi/lib/thumb/v6-m/nofp\libcr_c.a(fputs.o)
 .ARM.attributes
                0x0000041b       0x2c c:/nxp/mcuxpressoide_11.1.1_3241/ide/plugins/com.nxp.mcuxpresso.tools.win32_11.1.0.202001081728/tools/bin/../lib/gcc/arm-none-eabi/8.3.1/../../../../arm-none-eabi/lib/thumb/v6-m/nofp\libcr_c.a(fseek.o)
 .ARM.attributes
                0x00000447       0x2c c:/nxp/mcuxpressoide_11.1.1_3241/ide/plugins/com.nxp.mcuxpresso.tools.win32_11.1.0.202001081728/tools/bin/../lib/gcc/arm-none-eabi/8.3.1/../../../../arm-none-eabi/lib/thumb/v6-m/nofp\libcr_c.a(ftell.o)
 .ARM.attributes
                0x00000473       0x2c c:/nxp/mcuxpressoide_11.1.1_3241/ide/plugins/com.nxp.mcuxpresso.tools.win32_11.1.0.202001081728/tools/bin/../lib/gcc/arm-none-eabi/8.3.1/../../../../arm-none-eabi/lib/thumb/v6-m/nofp\libcr_c.a(initio.o)
 .ARM.attributes
                0x0000049f       0x2c c:/nxp/mcuxpressoide_11.1.1_3241/ide/plugins/com.nxp.mcuxpresso.tools.win32_11.1.0.202001081728/tools/bin/../lib/gcc/arm-none-eabi/8.3.1/../../../../arm-none-eabi/lib/thumb/v6-m/nofp\libcr_c.a(setvbuf.o)
 .ARM.attributes
                0x000004cb       0x2c c:/nxp/mcuxpressoide_11.1.1_3241/ide/plugins/com.nxp.mcuxpresso.tools.win32_11.1.0.202001081728/tools/bin/../lib/gcc/arm-none-eabi/8.3.1/../../../../arm-none-eabi/lib/thumb/v6-m/nofp\libcr_c.a(__init_alloc.o)
 .ARM.attributes
                0x000004f7       0x2c c:/nxp/mcuxpressoide_11.1.1_3241/ide/plugins/com.nxp.mcuxpresso.tools.win32_11.1.0.202001081728/tools/bin/../lib/gcc/arm-none-eabi/8.3.1/../../../../arm-none-eabi/lib/thumb/v6-m/nofp\libcr_c.a(_cr_sbrk.o)
 .ARM.attributes
                0x00000523       0x2c c:/nxp/mcuxpressoide_11.1.1_3241/ide/plugins/com.nxp.mcuxpresso.tools.win32_11.1.0.202001081728/tools/bin/../lib/gcc/arm-none-eabi/8.3.1/../../../../arm-none-eabi/lib/thumb/v6-m/nofp\libcr_c.a(_fdopen.o)
 .ARM.attributes
                0x0000054f       0x31 c:/nxp/mcuxpressoide_11.1.1_3241/ide/plugins/com.nxp.mcuxpresso.tools.win32_11.1.0.202001081728/tools/bin/../lib/gcc/arm-none-eabi/8.3.1/../../../../arm-none-eabi/lib/thumb/v6-m/nofp\libcr_c.a(errno.o)
 .ARM.attributes
                0x00000580       0x2c c:/nxp/mcuxpressoide_11.1.1_3241/ide/plugins/com.nxp.mcuxpresso.tools.win32_11.1.0.202001081728/tools/bin/../lib/gcc/arm-none-eabi/8.3.1/../../../../arm-none-eabi/lib/thumb/v6-m/nofp\libcr_c.a(fclose.o)
 .ARM.attributes
                0x000005ac       0x2c c:/nxp/mcuxpressoide_11.1.1_3241/ide/plugins/com.nxp.mcuxpresso.tools.win32_11.1.0.202001081728/tools/bin/../lib/gcc/arm-none-eabi/8.3.1/../../../../arm-none-eabi/lib/thumb/v6-m/nofp\libcr_c.a(fflush.o)
 .ARM.attributes
                0x000005d8       0x2c c:/nxp/mcuxpressoide_11.1.1_3241/ide/plugins/com.nxp.mcuxpresso.tools.win32_11.1.0.202001081728/tools/bin/../lib/gcc/arm-none-eabi/8.3.1/../../../../arm-none-eabi/lib/thumb/v6-m/nofp\libcr_c.a(remove.o)
 .ARM.attributes
                0x00000604       0x2c c:/nxp/mcuxpressoide_11.1.1_3241/ide/plugins/com.nxp.mcuxpresso.tools.win32_11.1.0.202001081728/tools/bin/../lib/gcc/arm-none-eabi/8.3.1/../../../../arm-none-eabi/lib/thumb/v6-m/nofp\libcr_c.a(strlen.o)
 .ARM.attributes
                0x00000630       0x2c c:/nxp/mcuxpressoide_11.1.1_3241/ide/plugins/com.nxp.mcuxpresso.tools.win32_11.1.0.202001081728/tools/bin/../lib/gcc/arm-none-eabi/8.3.1/../../../../arm-none-eabi/lib/thumb/v6-m/nofp\libcr_c.a(_cr_check_heap.o)
 .ARM.attributes
                0x0000065c       0x2c c:/nxp/mcuxpressoide_11.1.1_3241/ide/plugins/com.nxp.mcuxpresso.tools.win32_11.1.0.202001081728/tools/bin/../lib/gcc/arm-none-eabi/8.3.1/../../../../arm-none-eabi/lib/thumb/v6-m/nofp\libcr_c.a(_do_fflush.o)
 .ARM.attributes
                0x00000688       0x1c c:/nxp/mcuxpressoide_11.1.1_3241/ide/plugins/com.nxp.mcuxpresso.tools.win32_11.1.0.202001081728/tools/bin/../lib/gcc/arm-none-eabi/8.3.1/thumb/v6-m/nofp\libcr_eabihelpers.a(division_32.o)
 .ARM.attributes
                0x000006a4       0x1c c:/nxp/mcuxpressoide_11.1.1_3241/ide/plugins/com.nxp.mcuxpresso.tools.win32_11.1.0.202001081728/tools/bin/../lib/gcc/arm-none-eabi/8.3.1/thumb/v6-m/nofp\libcr_eabihelpers.a(division_idiv0.o)
 .ARM.attributes
                0x000006c0       0x1c c:/nxp/mcuxpressoide_11.1.1_3241/ide/plugins/com.nxp.mcuxpresso.tools.win32_11.1.0.202001081728/tools/bin/../lib/gcc/arm-none-eabi/8.3.1/thumb/v6-m/nofp\libcr_eabihelpers.a(memcpy.o)
 .ARM.attributes
                0x000006dc       0x1c c:/nxp/mcuxpressoide_11.1.1_3241/ide/plugins/com.nxp.mcuxpresso.tools.win32_11.1.0.202001081728/tools/bin/../lib/gcc/arm-none-eabi/8.3.1/../../../../arm-none-eabi/lib/thumb/v6-m/nofp\libcr_semihost_nf.a(__sys_close.o)
 .ARM.attributes
                0x000006f8       0x1c c:/nxp/mcuxpressoide_11.1.1_3241/ide/plugins/com.nxp.mcuxpresso.tools.win32_11.1.0.202001081728/tools/bin/../lib/gcc/arm-none-eabi/8.3.1/../../../../arm-none-eabi/lib/thumb/v6-m/nofp\libcr_semihost_nf.a(__sys_flen.o)
 .ARM.attributes
                0x00000714       0x1c c:/nxp/mcuxpressoide_11.1.1_3241/ide/plugins/com.nxp.mcuxpresso.tools.win32_11.1.0.202001081728/tools/bin/../lib/gcc/arm-none-eabi/8.3.1/../../../../arm-none-eabi/lib/thumb/v6-m/nofp\libcr_semihost_nf.a(__sys_istty.o)
 .ARM.attributes
                0x00000730       0x1c c:/nxp/mcuxpressoide_11.1.1_3241/ide/plugins/com.nxp.mcuxpresso.tools.win32_11.1.0.202001081728/tools/bin/../lib/gcc/arm-none-eabi/8.3.1/../../../../arm-none-eabi/lib/thumb/v6-m/nofp\libcr_semihost_nf.a(__sys_remove.o)
 .ARM.attributes
                0x0000074c       0x1c c:/nxp/mcuxpressoide_11.1.1_3241/ide/plugins/com.nxp.mcuxpresso.tools.win32_11.1.0.202001081728/tools/bin/../lib/gcc/arm-none-eabi/8.3.1/../../../../arm-none-eabi/lib/thumb/v6-m/nofp\libcr_semihost_nf.a(__sys_seek.o)
 .ARM.attributes
                0x00000768       0x1c c:/nxp/mcuxpressoide_11.1.1_3241/ide/plugins/com.nxp.mcuxpresso.tools.win32_11.1.0.202001081728/tools/bin/../lib/gcc/arm-none-eabi/8.3.1/../../../../arm-none-eabi/lib/thumb/v6-m/nofp\libcr_semihost_nf.a(__sys_tmpnam.o)
 .ARM.attributes
                0x00000784       0x1c c:/nxp/mcuxpressoide_11.1.1_3241/ide/plugins/com.nxp.mcuxpresso.tools.win32_11.1.0.202001081728/tools/bin/../lib/gcc/arm-none-eabi/8.3.1/../../../../arm-none-eabi/lib/thumb/v6-m/nofp\libcr_semihost_nf.a(__sys_write.o)

.debug_frame    0x00000000     0x1538
 .debug_frame   0x00000000      0x380 ./startup/startup_mke15z4.o
 .debug_frame   0x00000380       0xd4 ./source/Brasil.o
 .debug_frame   0x00000454       0xf0 ./source/display.o
 .debug_frame   0x00000544      0x194 ./source/interrupcoes.o
 .debug_frame   0x000006d8       0x20 ./source/semihost_hardfault.o
 .debug_frame   0x000006f8      0x2f0 ./drivers/fsl_clock.o
 .debug_frame   0x000009e8      0x2f8 ./drivers/fsl_ftm.o
 .debug_frame   0x00000ce0      0x150 ./drivers/fsl_gpio.o
 .debug_frame   0x00000e30      0x468 ./drivers/fsl_lpuart.o
 .debug_frame   0x00001298       0x68 ./device/system_MKE15Z4.o
 .debug_frame   0x00001300       0xcc ./board/clock_config.o
 .debug_frame   0x000013cc       0xe0 ./board/peripherals.o
 .debug_frame   0x000014ac       0x8c ./board/pin_mux.o

Cross Reference Table

Symbol                                            File
ADC0_DriverIRQHandler                             ./startup/startup_mke15z4.o
ADC0_IRQHandler                                   ./startup/startup_mke15z4.o
ADC12_Deinit                                      ./drivers/fsl_adc12.o
ADC12_DoAutoCalibration                           ./drivers/fsl_adc12.o
ADC12_GetChannelStatusFlags                       ./drivers/fsl_adc12.o
ADC12_GetDefaultConfig                            ./drivers/fsl_adc12.o
ADC12_GetStatusFlags                              ./drivers/fsl_adc12.o
ADC12_Init                                        ./drivers/fsl_adc12.o
ADC12_SetChannelConfig                            ./drivers/fsl_adc12.o
ADC12_SetHardwareAverage                          ./drivers/fsl_adc12.o
ADC12_SetHardwareCompareConfig                    ./drivers/fsl_adc12.o
BOARD_BootClockRUN                                ./board/clock_config.o
BOARD_InitBootClocks                              ./board/clock_config.o
                                                  ./source/Brasil.o
BOARD_InitBootPeripherals                         ./board/peripherals.o
                                                  ./source/Brasil.o
BOARD_InitBootPins                                ./board/pin_mux.o
                                                  ./source/Brasil.o
BOARD_InitDebugConsole                            ./board/board.o
BOARD_InitPeripherals                             ./board/peripherals.o
BOARD_InitPins                                    ./board/pin_mux.o
CLOCK_DeinitFirc                                  ./drivers/fsl_clock.o
CLOCK_DeinitLpFll                                 ./drivers/fsl_clock.o
CLOCK_DeinitSirc                                  ./drivers/fsl_clock.o
CLOCK_DeinitSysOsc                                ./drivers/fsl_clock.o
CLOCK_GetBusClkFreq                               ./drivers/fsl_clock.o
CLOCK_GetCoreSysClkFreq                           ./drivers/fsl_clock.o
CLOCK_GetErClkFreq                                ./drivers/fsl_clock.o
CLOCK_GetFircAsyncFreq                            ./drivers/fsl_clock.o
CLOCK_GetFircFreq                                 ./drivers/fsl_clock.o
CLOCK_GetFlashClkFreq                             ./drivers/fsl_clock.o
CLOCK_GetFreq                                     ./drivers/fsl_clock.o
                                                  ./source/interrupcoes.o
CLOCK_GetIpFreq                                   ./drivers/fsl_clock.o
CLOCK_GetLpFllAsyncFreq                           ./drivers/fsl_clock.o
CLOCK_GetLpFllFreq                                ./drivers/fsl_clock.o
CLOCK_GetSircAsyncFreq                            ./drivers/fsl_clock.o
CLOCK_GetSircFreq                                 ./drivers/fsl_clock.o
CLOCK_GetSysClkFreq                               ./drivers/fsl_clock.o
CLOCK_GetSysOscAsyncFreq                          ./drivers/fsl_clock.o
CLOCK_GetSysOscFreq                               ./drivers/fsl_clock.o
CLOCK_InitFirc                                    ./drivers/fsl_clock.o
                                                  ./board/clock_config.o
CLOCK_InitLpFll                                   ./drivers/fsl_clock.o
                                                  ./board/clock_config.o
CLOCK_InitSirc                                    ./drivers/fsl_clock.o
                                                  ./board/clock_config.o
CLOCK_InitSysOsc                                  ./drivers/fsl_clock.o
CMP0_DriverIRQHandler                             ./startup/startup_mke15z4.o
CMP0_IRQHandler                                   ./startup/startup_mke15z4.o
Dutycycle                                         ./source/interrupcoes.o
FGPIO_PinInit                                     ./drivers/fsl_gpio.o
FGPIO_PortClearInterruptFlags                     ./drivers/fsl_gpio.o
FGPIO_PortGetInterruptFlags                       ./drivers/fsl_gpio.o
FLASH_Erase                                       ./drivers/fsl_ftfx_flash.o
FLASH_EraseAll                                    ./drivers/fsl_ftfx_flash.o
FLASH_GetProperty                                 ./drivers/fsl_ftfx_flash.o
FLASH_GetSecurityState                            ./drivers/fsl_ftfx_flash.o
FLASH_Init                                        ./drivers/fsl_ftfx_flash.o
FLASH_IsExecuteOnly                               ./drivers/fsl_ftfx_flash.o
FLASH_IsProtected                                 ./drivers/fsl_ftfx_flash.o
FLASH_PflashGetProtection                         ./drivers/fsl_ftfx_flash.o
FLASH_PflashSetProtection                         ./drivers/fsl_ftfx_flash.o
FLASH_Program                                     ./drivers/fsl_ftfx_flash.o
FLASH_ReadResource                                ./drivers/fsl_ftfx_flash.o
FLASH_SecurityBypass                              ./drivers/fsl_ftfx_flash.o
FLASH_VerifyErase                                 ./drivers/fsl_ftfx_flash.o
FLASH_VerifyEraseAll                              ./drivers/fsl_ftfx_flash.o
FLASH_VerifyProgram                               ./drivers/fsl_ftfx_flash.o
FTFA_DriverIRQHandler                             ./startup/startup_mke15z4.o
FTFA_IRQHandler                                   ./startup/startup_mke15z4.o
FTFx_API_Init                                     ./drivers/fsl_ftfx_controller.o
                                                  ./drivers/fsl_ftfx_flash.o
FTFx_CACHE_ClearCachePrefetchSpeculation          ./drivers/fsl_ftfx_cache.o
FTFx_CACHE_Init                                   ./drivers/fsl_ftfx_cache.o
FTFx_CACHE_PflashGetPrefetchSpeculation           ./drivers/fsl_ftfx_cache.o
FTFx_CACHE_PflashSetPrefetchSpeculation           ./drivers/fsl_ftfx_cache.o
FTFx_CMD_Erase                                    ./drivers/fsl_ftfx_controller.o
                                                  ./drivers/fsl_ftfx_flash.o
FTFx_CMD_EraseAll                                 ./drivers/fsl_ftfx_controller.o
                                                  ./drivers/fsl_ftfx_flash.o
FTFx_CMD_EraseAllExecuteOnlySegments              ./drivers/fsl_ftfx_controller.o
FTFx_CMD_Program                                  ./drivers/fsl_ftfx_controller.o
                                                  ./drivers/fsl_ftfx_flash.o
FTFx_CMD_ProgramOnce                              ./drivers/fsl_ftfx_controller.o
FTFx_CMD_ReadOnce                                 ./drivers/fsl_ftfx_controller.o
FTFx_CMD_ReadResource                             ./drivers/fsl_ftfx_controller.o
                                                  ./drivers/fsl_ftfx_flash.o
FTFx_CMD_SecurityBypass                           ./drivers/fsl_ftfx_controller.o
                                                  ./drivers/fsl_ftfx_flash.o
FTFx_CMD_VerifyErase                              ./drivers/fsl_ftfx_controller.o
                                                  ./drivers/fsl_ftfx_flash.o
FTFx_CMD_VerifyEraseAll                           ./drivers/fsl_ftfx_controller.o
                                                  ./drivers/fsl_ftfx_flash.o
FTFx_CMD_VerifyEraseAllExecuteOnlySegments        ./drivers/fsl_ftfx_controller.o
FTFx_CMD_VerifyProgram                            ./drivers/fsl_ftfx_controller.o
                                                  ./drivers/fsl_ftfx_flash.o
FTFx_REG_GetSecurityState                         ./drivers/fsl_ftfx_controller.o
                                                  ./drivers/fsl_ftfx_flash.o
FTM0_DriverIRQHandler                             ./startup/startup_mke15z4.o
FTM0_IRQHandler                                   ./startup/startup_mke15z4.o
FTM1_DriverIRQHandler                             ./startup/startup_mke15z4.o
FTM1_IRQHANDLER                                   ./source/interrupcoes.o
FTM1_IRQHandler                                   ./startup/startup_mke15z4.o
FTM_ClearStatusFlags                              ./drivers/fsl_ftm.o
FTM_Deinit                                        ./drivers/fsl_ftm.o
FTM_DisableInterrupts                             ./drivers/fsl_ftm.o
FTM_EnableInterrupts                              ./drivers/fsl_ftm.o
                                                  ./source/interrupcoes.o
FTM_GetDefaultConfig                              ./drivers/fsl_ftm.o
                                                  ./source/interrupcoes.o
FTM_GetEnabledInterrupts                          ./drivers/fsl_ftm.o
FTM_GetStatusFlags                                ./drivers/fsl_ftm.o
FTM_Init                                          ./drivers/fsl_ftm.o
                                                  ./source/interrupcoes.o
FTM_SetupDualEdgeCapture                          ./drivers/fsl_ftm.o
FTM_SetupFault                                    ./drivers/fsl_ftm.o
FTM_SetupInputCapture                             ./drivers/fsl_ftm.o
FTM_SetupOutputCompare                            ./drivers/fsl_ftm.o
FTM_SetupPwm                                      ./drivers/fsl_ftm.o
                                                  ./source/interrupcoes.o
FTM_SetupPwmMode                                  ./drivers/fsl_ftm.o
FTM_SetupQuadDecode                               ./drivers/fsl_ftm.o
FTM_UpdateChnlEdgeLevelSelect                     ./drivers/fsl_ftm.o
                                                  ./source/interrupcoes.o
FTM_UpdatePwmDutycycle                            ./drivers/fsl_ftm.o
                                                  ./source/interrupcoes.o
Flash_Config                                      ./startup/startup_mke15z4.o
GPIOE_init                                        ./board/peripherals.o
GPIO_PinInit                                      ./drivers/fsl_gpio.o
                                                  ./board/pin_mux.o
GPIO_PortClearInterruptFlags                      ./drivers/fsl_gpio.o
GPIO_PortGetInterruptFlags                        ./drivers/fsl_gpio.o
HardFault_Handler                                 ./source/semihost_hardfault.o
                                                  ./startup/startup_mke15z4.o
IntDefaultHandler                                 ./startup/startup_mke15z4.o
LPI2C0_DriverIRQHandler                           ./startup/startup_mke15z4.o
LPI2C0_IRQHandler                                 ./startup/startup_mke15z4.o
LPIT0_DriverIRQHandler                            ./startup/startup_mke15z4.o
LPIT0_IRQHandler                                  ./startup/startup_mke15z4.o
LPSPI0_DriverIRQHandler                           ./startup/startup_mke15z4.o
LPSPI0_IRQHandler                                 ./startup/startup_mke15z4.o
LPUART0_DriverIRQHandler                          ./drivers/fsl_lpuart.o
                                                  ./startup/startup_mke15z4.o
LPUART0_IRQHandler                                ./source/interrupcoes.o
                                                  ./startup/startup_mke15z4.o
LPUART0_config                                    ./board/peripherals.o
LPUART0_init                                      ./board/peripherals.o
LPUART1_DriverIRQHandler                          ./drivers/fsl_lpuart.o
                                                  ./startup/startup_mke15z4.o
LPUART1_IRQHandler                                ./startup/startup_mke15z4.o
LPUART2_DriverIRQHandler                          ./drivers/fsl_lpuart.o
                                                  ./startup/startup_mke15z4.o
LPUART2_IRQHandler                                ./startup/startup_mke15z4.o
LPUART_ClearStatusFlags                           ./drivers/fsl_lpuart.o
LPUART_Deinit                                     ./drivers/fsl_lpuart.o
LPUART_DisableInterrupts                          ./drivers/fsl_lpuart.o
LPUART_EnableInterrupts                           ./drivers/fsl_lpuart.o
                                                  ./board/peripherals.o
LPUART_GetDefaultConfig                           ./drivers/fsl_lpuart.o
LPUART_GetEnabledInterrupts                       ./drivers/fsl_lpuart.o
LPUART_GetInstance                                ./drivers/fsl_lpuart.o
LPUART_GetStatusFlags                             ./drivers/fsl_lpuart.o
                                                  ./source/interrupcoes.o
LPUART_Init                                       ./drivers/fsl_lpuart.o
                                                  ./board/peripherals.o
LPUART_ReadBlocking                               ./drivers/fsl_lpuart.o
LPUART_SetBaudRate                                ./drivers/fsl_lpuart.o
LPUART_TransferAbortReceive                       ./drivers/fsl_lpuart.o
LPUART_TransferAbortSend                          ./drivers/fsl_lpuart.o
LPUART_TransferCreateHandle                       ./drivers/fsl_lpuart.o
LPUART_TransferGetReceiveCount                    ./drivers/fsl_lpuart.o
LPUART_TransferGetRxRingBufferLength              ./drivers/fsl_lpuart.o
LPUART_TransferGetSendCount                       ./drivers/fsl_lpuart.o
LPUART_TransferHandleErrorIRQ                     ./drivers/fsl_lpuart.o
LPUART_TransferHandleIRQ                          ./drivers/fsl_lpuart.o
LPUART_TransferReceiveNonBlocking                 ./drivers/fsl_lpuart.o
LPUART_TransferSendNonBlocking                    ./drivers/fsl_lpuart.o
LPUART_TransferStartRingBuffer                    ./drivers/fsl_lpuart.o
LPUART_TransferStopRingBuffer                     ./drivers/fsl_lpuart.o
LPUART_WriteBlocking                              ./drivers/fsl_lpuart.o
                                                  ./source/display.o
LVD_LVW_DriverIRQHandler                          ./startup/startup_mke15z4.o
LVD_LVW_IRQHandler                                ./startup/startup_mke15z4.o
NMI_Handler                                       ./startup/startup_mke15z4.o
PDB0_DriverIRQHandler                             ./startup/startup_mke15z4.o
PDB0_IRQHandler                                   ./startup/startup_mke15z4.o
PORTAE_DriverIRQHandler                           ./startup/startup_mke15z4.o
PORTAE_IRQHandler                                 ./startup/startup_mke15z4.o
PORTBCD_DriverIRQHandler                          ./startup/startup_mke15z4.o
PORTBCD_IRQHandler                                ./startup/startup_mke15z4.o
PWT_LPTMR0_DriverIRQHandler                       ./startup/startup_mke15z4.o
PWT_LPTMR0_IRQHandler                             ./startup/startup_mke15z4.o
PendSV_Handler                                    ./startup/startup_mke15z4.o
RTC_ClearStatusFlags                              ./drivers/fsl_rtc.o
RTC_DisableInterrupts                             ./drivers/fsl_rtc.o
RTC_DriverIRQHandler                              ./startup/startup_mke15z4.o
RTC_EnableInterrupts                              ./drivers/fsl_rtc.o
RTC_GetAlarm                                      ./drivers/fsl_rtc.o
RTC_GetDatetime                                   ./drivers/fsl_rtc.o
RTC_GetDefaultConfig                              ./drivers/fsl_rtc.o
RTC_GetEnabledInterrupts                          ./drivers/fsl_rtc.o
RTC_GetStatusFlags                                ./drivers/fsl_rtc.o
RTC_IRQHandler                                    ./startup/startup_mke15z4.o
RTC_Init                                          ./drivers/fsl_rtc.o
RTC_SetAlarm                                      ./drivers/fsl_rtc.o
RTC_SetDatetime                                   ./drivers/fsl_rtc.o
Reserved16_DriverIRQHandler                       ./startup/startup_mke15z4.o
Reserved16_IRQHandler                             ./startup/startup_mke15z4.o
Reserved17_DriverIRQHandler                       ./startup/startup_mke15z4.o
Reserved17_IRQHandler                             ./startup/startup_mke15z4.o
Reserved18_DriverIRQHandler                       ./startup/startup_mke15z4.o
Reserved18_IRQHandler                             ./startup/startup_mke15z4.o
Reserved19_DriverIRQHandler                       ./startup/startup_mke15z4.o
Reserved19_IRQHandler                             ./startup/startup_mke15z4.o
Reserved20_DriverIRQHandler                       ./startup/startup_mke15z4.o
Reserved20_IRQHandler                             ./startup/startup_mke15z4.o
Reserved25_DriverIRQHandler                       ./startup/startup_mke15z4.o
Reserved25_IRQHandler                             ./startup/startup_mke15z4.o
Reserved27_DriverIRQHandler                       ./startup/startup_mke15z4.o
Reserved27_IRQHandler                             ./startup/startup_mke15z4.o
Reserved35_DriverIRQHandler                       ./startup/startup_mke15z4.o
Reserved35_IRQHandler                             ./startup/startup_mke15z4.o
Reserved37_DriverIRQHandler                       ./startup/startup_mke15z4.o
Reserved37_IRQHandler                             ./startup/startup_mke15z4.o
Reserved39_DriverIRQHandler                       ./startup/startup_mke15z4.o
Reserved39_IRQHandler                             ./startup/startup_mke15z4.o
ResetISR                                          ./startup/startup_mke15z4.o
SCG_RCM_DriverIRQHandler                          ./startup/startup_mke15z4.o
SCG_RCM_IRQHandler                                ./startup/startup_mke15z4.o
SDK_Free                                          ./drivers/fsl_common.o
SDK_Malloc                                        ./drivers/fsl_common.o
SVC_Handler                                       ./startup/startup_mke15z4.o
SysTick_Handler                                   ./startup/startup_mke15z4.o
SystemCoreClock                                   ./device/system_MKE15Z4.o
                                                  ./board/clock_config.o
SystemCoreClockUpdate                             ./device/system_MKE15Z4.o
SystemInit                                        ./device/system_MKE15Z4.o
                                                  ./startup/startup_mke15z4.o
SystemInitHook                                    ./device/system_MKE15Z4.o
TSI_DriverIRQHandler                              ./startup/startup_mke15z4.o
TSI_IRQHandler                                    ./startup/startup_mke15z4.o
WDOG32_ClearStatusFlags                           ./drivers/fsl_wdog32.o
WDOG32_Deinit                                     ./drivers/fsl_wdog32.o
WDOG32_GetDefaultConfig                           ./drivers/fsl_wdog32.o
WDOG32_Init                                       ./drivers/fsl_wdog32.o
WDOG_EWM_DriverIRQHandler                         ./startup/startup_mke15z4.o
WDOG_EWM_IRQHandler                               ./startup/startup_mke15z4.o
_Csys_alloc                                       c:/nxp/mcuxpressoide_11.1.1_3241/ide/plugins/com.nxp.mcuxpresso.tools.win32_11.1.0.202001081728/tools/bin/../lib/gcc/arm-none-eabi/8.3.1/../../../../arm-none-eabi/lib/thumb/v6-m/nofp\libcr_c.a(alloc.o)
                                                  c:/nxp/mcuxpressoide_11.1.1_3241/ide/plugins/com.nxp.mcuxpresso.tools.win32_11.1.0.202001081728/tools/bin/../lib/gcc/arm-none-eabi/8.3.1/../../../../arm-none-eabi/lib/thumb/v6-m/nofp\libcr_c.a(_deferredlazyseek.o)
_Cwritebuf                                        c:/nxp/mcuxpressoide_11.1.1_3241/ide/plugins/com.nxp.mcuxpresso.tools.win32_11.1.0.202001081728/tools/bin/../lib/gcc/arm-none-eabi/8.3.1/../../../../arm-none-eabi/lib/thumb/v6-m/nofp\libcr_c.a(_writebuf.o)
                                                  c:/nxp/mcuxpressoide_11.1.1_3241/ide/plugins/com.nxp.mcuxpresso.tools.win32_11.1.0.202001081728/tools/bin/../lib/gcc/arm-none-eabi/8.3.1/../../../../arm-none-eabi/lib/thumb/v6-m/nofp\libcr_c.a(_fflush.o)
                                                  c:/nxp/mcuxpressoide_11.1.1_3241/ide/plugins/com.nxp.mcuxpresso.tools.win32_11.1.0.202001081728/tools/bin/../lib/gcc/arm-none-eabi/8.3.1/../../../../arm-none-eabi/lib/thumb/v6-m/nofp\libcr_c.a(_deferredlazyseek.o)
__CR_SEMIHOST                                     c:/nxp/mcuxpressoide_11.1.1_3241/ide/plugins/com.nxp.mcuxpresso.tools.win32_11.1.0.202001081728/tools/bin/../lib/gcc/arm-none-eabi/8.3.1/../../../../arm-none-eabi/lib/thumb/v6-m/nofp\libcr_semihost_nf.a(_cr__main.o)
__Ciob                                            c:/nxp/mcuxpressoide_11.1.1_3241/ide/plugins/com.nxp.mcuxpresso.tools.win32_11.1.0.202001081728/tools/bin/../lib/gcc/arm-none-eabi/8.3.1/../../../../arm-none-eabi/lib/thumb/v6-m/nofp\libcr_semihost_nf.a(__ciob.o)
                                                  c:/nxp/mcuxpressoide_11.1.1_3241/ide/plugins/com.nxp.mcuxpresso.tools.win32_11.1.0.202001081728/tools/bin/../lib/gcc/arm-none-eabi/8.3.1/../../../../arm-none-eabi/lib/thumb/v6-m/nofp\libcr_c.a(fflush.o)
                                                  c:/nxp/mcuxpressoide_11.1.1_3241/ide/plugins/com.nxp.mcuxpresso.tools.win32_11.1.0.202001081728/tools/bin/../lib/gcc/arm-none-eabi/8.3.1/../../../../arm-none-eabi/lib/thumb/v6-m/nofp\libcr_c.a(initio.o)
                                                  c:/nxp/mcuxpressoide_11.1.1_3241/ide/plugins/com.nxp.mcuxpresso.tools.win32_11.1.0.202001081728/tools/bin/../lib/gcc/arm-none-eabi/8.3.1/../../../../arm-none-eabi/lib/thumb/v6-m/nofp\libcr_semihost_nf.a(_cr_assert.o)
__Vectors                                         ./startup/startup_mke15z4.o
__aeabi_idiv                                      c:/nxp/mcuxpressoide_11.1.1_3241/ide/plugins/com.nxp.mcuxpresso.tools.win32_11.1.0.202001081728/tools/bin/../lib/gcc/arm-none-eabi/8.3.1/thumb/v6-m/nofp\libcr_eabihelpers.a(division_32.o)
                                                  ./drivers/fsl_ftm.o
__aeabi_idiv0                                     c:/nxp/mcuxpressoide_11.1.1_3241/ide/plugins/com.nxp.mcuxpresso.tools.win32_11.1.0.202001081728/tools/bin/../lib/gcc/arm-none-eabi/8.3.1/thumb/v6-m/nofp\libcr_eabihelpers.a(division_idiv0.o)
                                                  c:/nxp/mcuxpressoide_11.1.1_3241/ide/plugins/com.nxp.mcuxpresso.tools.win32_11.1.0.202001081728/tools/bin/../lib/gcc/arm-none-eabi/8.3.1/thumb/v6-m/nofp\libcr_eabihelpers.a(division_64.o)
                                                  c:/nxp/mcuxpressoide_11.1.1_3241/ide/plugins/com.nxp.mcuxpresso.tools.win32_11.1.0.202001081728/tools/bin/../lib/gcc/arm-none-eabi/8.3.1/thumb/v6-m/nofp\libcr_eabihelpers.a(division_32.o)
__aeabi_idivmod                                   c:/nxp/mcuxpressoide_11.1.1_3241/ide/plugins/com.nxp.mcuxpresso.tools.win32_11.1.0.202001081728/tools/bin/../lib/gcc/arm-none-eabi/8.3.1/thumb/v6-m/nofp\libcr_eabihelpers.a(division_32.o)
__aeabi_lasr                                      c:/nxp/mcuxpressoide_11.1.1_3241/ide/plugins/com.nxp.mcuxpresso.tools.win32_11.1.0.202001081728/tools/bin/../lib/gcc/arm-none-eabi/8.3.1/thumb/v6-m/nofp\libcr_eabihelpers.a(llong.o)
__aeabi_lcmp                                      c:/nxp/mcuxpressoide_11.1.1_3241/ide/plugins/com.nxp.mcuxpresso.tools.win32_11.1.0.202001081728/tools/bin/../lib/gcc/arm-none-eabi/8.3.1/thumb/v6-m/nofp\libcr_eabihelpers.a(llong.o)
__aeabi_ldivmod                                   c:/nxp/mcuxpressoide_11.1.1_3241/ide/plugins/com.nxp.mcuxpresso.tools.win32_11.1.0.202001081728/tools/bin/../lib/gcc/arm-none-eabi/8.3.1/thumb/v6-m/nofp\libcr_eabihelpers.a(division_64.o)
__aeabi_llsl                                      c:/nxp/mcuxpressoide_11.1.1_3241/ide/plugins/com.nxp.mcuxpresso.tools.win32_11.1.0.202001081728/tools/bin/../lib/gcc/arm-none-eabi/8.3.1/thumb/v6-m/nofp\libcr_eabihelpers.a(llong.o)
__aeabi_llsr                                      c:/nxp/mcuxpressoide_11.1.1_3241/ide/plugins/com.nxp.mcuxpresso.tools.win32_11.1.0.202001081728/tools/bin/../lib/gcc/arm-none-eabi/8.3.1/thumb/v6-m/nofp\libcr_eabihelpers.a(llong.o)
__aeabi_lmul                                      c:/nxp/mcuxpressoide_11.1.1_3241/ide/plugins/com.nxp.mcuxpresso.tools.win32_11.1.0.202001081728/tools/bin/../lib/gcc/arm-none-eabi/8.3.1/thumb/v6-m/nofp\libcr_eabihelpers.a(llong.o)
                                                  ./source/interrupcoes.o
__aeabi_lowlevel_memset                           c:/nxp/mcuxpressoide_11.1.1_3241/ide/plugins/com.nxp.mcuxpresso.tools.win32_11.1.0.202001081728/tools/bin/../lib/gcc/arm-none-eabi/8.3.1/thumb/v6-m/nofp\libcr_eabihelpers.a(memcpy.o)
                                                  c:/nxp/mcuxpressoide_11.1.1_3241/ide/plugins/com.nxp.mcuxpresso.tools.win32_11.1.0.202001081728/tools/bin/../lib/gcc/arm-none-eabi/8.3.1/../../../../arm-none-eabi/lib/thumb/v6-m/nofp\libcr_c.a(memset.o)
__aeabi_memclr                                    c:/nxp/mcuxpressoide_11.1.1_3241/ide/plugins/com.nxp.mcuxpresso.tools.win32_11.1.0.202001081728/tools/bin/../lib/gcc/arm-none-eabi/8.3.1/thumb/v6-m/nofp\libcr_eabihelpers.a(memcpy.o)
__aeabi_memclr4                                   c:/nxp/mcuxpressoide_11.1.1_3241/ide/plugins/com.nxp.mcuxpresso.tools.win32_11.1.0.202001081728/tools/bin/../lib/gcc/arm-none-eabi/8.3.1/thumb/v6-m/nofp\libcr_eabihelpers.a(memcpy.o)
__aeabi_memclr8                                   c:/nxp/mcuxpressoide_11.1.1_3241/ide/plugins/com.nxp.mcuxpresso.tools.win32_11.1.0.202001081728/tools/bin/../lib/gcc/arm-none-eabi/8.3.1/thumb/v6-m/nofp\libcr_eabihelpers.a(memcpy.o)
__aeabi_memcpy                                    c:/nxp/mcuxpressoide_11.1.1_3241/ide/plugins/com.nxp.mcuxpresso.tools.win32_11.1.0.202001081728/tools/bin/../lib/gcc/arm-none-eabi/8.3.1/thumb/v6-m/nofp\libcr_eabihelpers.a(memcpy.o)
                                                  c:/nxp/mcuxpressoide_11.1.1_3241/ide/plugins/com.nxp.mcuxpresso.tools.win32_11.1.0.202001081728/tools/bin/../lib/gcc/arm-none-eabi/8.3.1/../../../../arm-none-eabi/lib/thumb/v6-m/nofp\libcr_c.a(memcpy.o)
__aeabi_memcpy4                                   c:/nxp/mcuxpressoide_11.1.1_3241/ide/plugins/com.nxp.mcuxpresso.tools.win32_11.1.0.202001081728/tools/bin/../lib/gcc/arm-none-eabi/8.3.1/thumb/v6-m/nofp\libcr_eabihelpers.a(memcpy.o)
__aeabi_memcpy8                                   c:/nxp/mcuxpressoide_11.1.1_3241/ide/plugins/com.nxp.mcuxpresso.tools.win32_11.1.0.202001081728/tools/bin/../lib/gcc/arm-none-eabi/8.3.1/thumb/v6-m/nofp\libcr_eabihelpers.a(memcpy.o)
__aeabi_memmove                                   c:/nxp/mcuxpressoide_11.1.1_3241/ide/plugins/com.nxp.mcuxpresso.tools.win32_11.1.0.202001081728/tools/bin/../lib/gcc/arm-none-eabi/8.3.1/thumb/v6-m/nofp\libcr_eabihelpers.a(memcpy.o)
__aeabi_memmove4                                  c:/nxp/mcuxpressoide_11.1.1_3241/ide/plugins/com.nxp.mcuxpresso.tools.win32_11.1.0.202001081728/tools/bin/../lib/gcc/arm-none-eabi/8.3.1/thumb/v6-m/nofp\libcr_eabihelpers.a(memcpy.o)