core_cm0plus.h:733:22:__NVIC_EnableIRQ	16	static
fsl_clock.h:594:20:CLOCK_EnableClock	16	static
fsl_clock.h:606:20:CLOCK_DisableClock	16	static
fsl_common.h:414:28:EnableIRQ	16	static
fsl_lpuart.h:276:20:LPUART_SoftwareReset	16	static
fsl_lpuart.c:109:10:LPUART_GetInstance	24	static
fsl_lpuart.c:133:8:LPUART_TransferGetRxRingBufferLength	24	static
fsl_lpuart.c:151:13:LPUART_TransferIsRxRingBufferFull	24	static
fsl_lpuart.c:168:13:LPUART_WriteNonBlocking	32	static
fsl_lpuart.c:182:13:LPUART_ReadNonBlocking	40	static
fsl_lpuart.c:236:10:LPUART_Init	64	static
fsl_lpuart.c:452:6:LPUART_Deinit	24	static
fsl_lpuart.c:516:6:LPUART_GetDefaultConfig	16	static
fsl_lpuart.c:561:10:LPUART_SetBaudRate	64	static
fsl_lpuart.c:659:6:LPUART_EnableInterrupts	16	static
fsl_lpuart.c:683:6:LPUART_DisableInterrupts	16	static
fsl_lpuart.c:714:10:LPUART_GetEnabledInterrupts	24	static
fsl_lpuart.c:743:10:LPUART_GetStatusFlags	24	static
fsl_lpuart.c:774:10:LPUART_ClearStatusFlags	24	static
fsl_lpuart.c:829:6:LPUART_WriteBlocking	32	static
fsl_lpuart.c:864:10:LPUART_ReadBlocking	40	static
fsl_lpuart.c:953:6:LPUART_TransferCreateHandle	48	static
fsl_lpuart.c:1018:6:LPUART_TransferStartRingBuffer	24	static
fsl_lpuart.c:1044:6:LPUART_TransferStopRingBuffer	16	static
fsl_lpuart.c:1078:10:LPUART_TransferSendNonBlocking	32	static
fsl_lpuart.c:1117:6:LPUART_TransferAbortSend	16	static
fsl_lpuart.c:1140:10:LPUART_TransferGetSendCount	24	static
fsl_lpuart.c:1181:10:LPUART_TransferReceiveNonBlocking	56	static
fsl_lpuart.c:1307:6:LPUART_TransferAbortReceive	16	static
fsl_lpuart.c:1335:10:LPUART_TransferGetReceiveCount	24	static
fsl_lpuart.c:1358:6:LPUART_TransferHandleIRQ	40	static
fsl_lpuart.c:1574:6:LPUART_TransferHandleErrorIRQ	16	static
fsl_lpuart.c:1680:6:LPUART0_DriverIRQHandler	8	static
fsl_lpuart.c:1715:6:LPUART1_DriverIRQHandler	8	static
fsl_lpuart.c:1749:6:LPUART2_DriverIRQHandler	8	static
