fsl_clock.h:740:20:CLOCK_GetCurSysClkConfig	16	static
fsl_clock.c:63:10:CLOCK_GetErClkFreq	8	static
fsl_clock.c:82:10:CLOCK_GetFlashClkFreq	8	static
fsl_clock.c:92:10:CLOCK_GetBusClkFreq	8	static
fsl_clock.c:102:10:CLOCK_GetCoreSysClkFreq	8	static
fsl_clock.c:116:10:CLOCK_GetFreq	24	static
fsl_clock.c:181:10:CLOCK_GetIpFreq	32	static
fsl_clock.c:223:10:CLOCK_GetSysClkFreq	24	static
fsl_clock.c:277:10:CLOCK_InitSysOsc	32	static
fsl_clock.c:348:10:CLOCK_DeinitSysOsc	16	static
fsl_clock.c:374:10:CLOCK_GetSysOscFreq	8	static
fsl_clock.c:394:10:CLOCK_GetSysOscAsyncFreq	24	static
fsl_clock.c:438:10:CLOCK_InitSirc	24	static
fsl_clock.c:481:10:CLOCK_DeinitSirc	16	static
fsl_clock.c:507:10:CLOCK_GetSircFreq	8	static
fsl_clock.c:527:10:CLOCK_GetSircAsyncFreq	24	static
fsl_clock.c:570:10:CLOCK_InitFirc	24	static
fsl_clock.c:635:10:CLOCK_DeinitFirc	16	static
fsl_clock.c:661:10:CLOCK_GetFircFreq	8	static
fsl_clock.c:683:10:CLOCK_GetFircAsyncFreq	24	static
fsl_clock.c:726:10:CLOCK_InitLpFll	24	static
fsl_clock.c:798:10:CLOCK_DeinitLpFll	16	static
fsl_clock.c:824:10:CLOCK_GetLpFllFreq	8	static
fsl_clock.c:846:10:CLOCK_GetLpFllAsyncFreq	24	static
