startup_mke15z4.c:237:6:data_init	8	static
startup_mke15z4.c:246:6:bss_init	0	static
startup_mke15z4.c:271:6:ResetISR	8	static
startup_mke15z4.c:359:14:NMI_Handler	0	static
startup_mke15z4.c:363:14:HardFault_Handler	0	static
startup_mke15z4.c:367:14:SVC_Handler	0	static
startup_mke15z4.c:371:14:PendSV_Handler	0	static
startup_mke15z4.c:375:14:SysTick_Handler	0	static
startup_mke15z4.c:383:14:IntDefaultHandler	0	static
startup_mke15z4.c:393:14:Reserved16_IRQHandler	8	static
startup_mke15z4.c:397:14:Reserved17_IRQHandler	8	static
startup_mke15z4.c:401:14:Reserved18_IRQHandler	8	static
startup_mke15z4.c:405:14:Reserved19_IRQHandler	8	static
startup_mke15z4.c:409:14:Reserved20_IRQHandler	8	static
startup_mke15z4.c:413:14:FTFA_IRQHandler	8	static
startup_mke15z4.c:417:14:LVD_LVW_IRQHandler	8	static
startup_mke15z4.c:421:14:PORTAE_IRQHandler	8	static
startup_mke15z4.c:425:14:LPI2C0_IRQHandler	8	static
startup_mke15z4.c:429:14:Reserved25_IRQHandler	8	static
startup_mke15z4.c:433:14:LPSPI0_IRQHandler	8	static
startup_mke15z4.c:437:14:Reserved27_IRQHandler	8	static
startup_mke15z4.c:441:14:LPUART0_IRQHandler	8	static
startup_mke15z4.c:445:14:LPUART1_IRQHandler	8	static
startup_mke15z4.c:449:14:LPUART2_IRQHandler	8	static
startup_mke15z4.c:453:14:ADC0_IRQHandler	8	static
startup_mke15z4.c:457:14:CMP0_IRQHandler	8	static
startup_mke15z4.c:461:14:FTM0_IRQHandler	8	static
startup_mke15z4.c:465:14:FTM1_IRQHandler	8	static
startup_mke15z4.c:469:14:Reserved35_IRQHandler	8	static
startup_mke15z4.c:473:14:RTC_IRQHandler	8	static
startup_mke15z4.c:477:14:Reserved37_IRQHandler	8	static
startup_mke15z4.c:481:14:LPIT0_IRQHandler	8	static
startup_mke15z4.c:485:14:Reserved39_IRQHandler	8	static
startup_mke15z4.c:489:14:TSI_IRQHandler	8	static
startup_mke15z4.c:493:14:PDB0_IRQHandler	8	static
startup_mke15z4.c:497:14:PORTBCD_IRQHandler	8	static
startup_mke15z4.c:501:14:SCG_RCM_IRQHandler	8	static
startup_mke15z4.c:505:14:WDOG_EWM_IRQHandler	8	static
startup_mke15z4.c:509:14:PWT_LPTMR0_IRQHandler	8	static
